Component: ARM Compiler 5.06 update 6 (build 750) Tool: armlink [4d35ed]

==============================================================================

Section Cross References

    main.o(i.assert_nrf_callback) refers to app_error.o(i.app_error_handler) for app_error_handler
    main.o(i.bas_init) refers to memseta.o(.text) for __aeabi_memclr4
    main.o(i.bas_init) refers to ble_bas.o(i.ble_bas_init) for ble_bas_init
    main.o(i.bas_init) refers to app_error.o(i.app_error_handler_bare) for app_error_handler_bare
    main.o(i.bas_init) refers to main.o(.bss) for .bss
    main.o(i.battery_level_meas_timeout_handler) refers to sensorsim.o(i.sensorsim_measure) for sensorsim_measure
    main.o(i.battery_level_meas_timeout_handler) refers to ble_bas.o(i.ble_bas_battery_level_update) for ble_bas_battery_level_update
    main.o(i.battery_level_meas_timeout_handler) refers to app_error.o(i.app_error_handler_bare) for app_error_handler_bare
    main.o(i.battery_level_meas_timeout_handler) refers to main.o(.bss) for .bss
    main.o(i.battery_level_meas_timeout_handler) refers to main.o(.data) for .data
    main.o(i.ble_advertising_error_handler) refers to app_error.o(i.app_error_handler_bare) for app_error_handler_bare
    main.o(i.ble_evt_dispatch) refers to device_manager_peripheral.o(i.dm_ble_evt_handler) for dm_ble_evt_handler
    main.o(i.ble_evt_dispatch) refers to bsp_btn_ble.o(i.bsp_btn_ble_on_ble_evt) for bsp_btn_ble_on_ble_evt
    main.o(i.ble_evt_dispatch) refers to main.o(i.on_ble_evt) for on_ble_evt
    main.o(i.ble_evt_dispatch) refers to ble_advertising.o(i.ble_advertising_on_ble_evt) for ble_advertising_on_ble_evt
    main.o(i.ble_evt_dispatch) refers to ble_conn_params.o(i.ble_conn_params_on_ble_evt) for ble_conn_params_on_ble_evt
    main.o(i.ble_evt_dispatch) refers to ble_hids.o(i.ble_hids_on_ble_evt) for ble_hids_on_ble_evt
    main.o(i.ble_evt_dispatch) refers to ble_bas.o(i.ble_bas_on_ble_evt) for ble_bas_on_ble_evt
    main.o(i.ble_evt_dispatch) refers to main.o(.bss) for .bss
    main.o(i.ble_stack_init) refers to softdevice_handler.o(i.softdevice_handler_init) for softdevice_handler_init
    main.o(i.ble_stack_init) refers to app_error.o(i.app_error_handler_bare) for app_error_handler_bare
    main.o(i.ble_stack_init) refers to softdevice_handler.o(i.softdevice_enable_get_default_config) for softdevice_enable_get_default_config
    main.o(i.ble_stack_init) refers to softdevice_handler.o(i.sd_check_ram_start) for sd_check_ram_start
    main.o(i.ble_stack_init) refers to softdevice_handler.o(i.softdevice_enable) for softdevice_enable
    main.o(i.ble_stack_init) refers to softdevice_handler.o(i.softdevice_ble_evt_handler_set) for softdevice_ble_evt_handler_set
    main.o(i.ble_stack_init) refers to softdevice_handler.o(i.softdevice_sys_evt_handler_set) for softdevice_sys_evt_handler_set
    main.o(i.ble_stack_init) refers to softdevice_handler_appsh.o(i.softdevice_evt_schedule) for softdevice_evt_schedule
    main.o(i.ble_stack_init) refers to main.o(.bss) for .bss
    main.o(i.ble_stack_init) refers to main.o(i.ble_evt_dispatch) for ble_evt_dispatch
    main.o(i.ble_stack_init) refers to main.o(i.sys_evt_dispatch) for sys_evt_dispatch
    main.o(i.bsp_event_handler) refers to main.o(i.keys_send) for keys_send
    main.o(i.bsp_event_handler) refers to main.o(i.sleep_mode_enter) for sleep_mode_enter
    main.o(i.bsp_event_handler) refers to app_error.o(i.app_error_handler_bare) for app_error_handler_bare
    main.o(i.bsp_event_handler) refers to ble_advertising.o(i.ble_advertising_restart_without_whitelist) for ble_advertising_restart_without_whitelist
    main.o(i.bsp_event_handler) refers to main.o(.data) for .data
    main.o(i.buffer_dequeue) refers to main.o(i.send_key_scan_press_release) for send_key_scan_press_release
    main.o(i.buffer_dequeue) refers to main.o(.bss) for .bss
    main.o(i.buffer_enqueue) refers to main.o(.bss) for .bss
    main.o(i.conn_params_error_handler) refers to app_error.o(i.app_error_handler_bare) for app_error_handler_bare
    main.o(i.device_manager_evt_handler) refers to app_error.o(i.app_error_handler_bare) for app_error_handler_bare
    main.o(i.device_manager_evt_handler) refers to memcpya.o(.text) for __aeabi_memcpy
    main.o(i.device_manager_evt_handler) refers to main.o(.data) for .data
    main.o(i.device_manager_init) refers to device_manager_peripheral.o(i.dm_handle_initialize) for dm_handle_initialize
    main.o(i.device_manager_init) refers to app_error.o(i.app_error_handler_bare) for app_error_handler_bare
    main.o(i.device_manager_init) refers to pstorage.o(i.pstorage_init) for pstorage_init
    main.o(i.device_manager_init) refers to device_manager_peripheral.o(i.dm_init) for dm_init
    main.o(i.device_manager_init) refers to memseta.o(.text) for __aeabi_memclr
    main.o(i.device_manager_init) refers to device_manager_peripheral.o(i.dm_register) for dm_register
[...]
    keys_send                                0x0001e9a5   Thumb Code    66  main.o(i.keys_send)
    i.le_role_encode                         0x0001e9f4   Section        0  ble_advdata.o(i.le_role_encode)
    le_role_encode                           0x0001e9f5   Thumb Code    84  ble_advdata.o(i.le_role_encode)
    i.leds_timer_handler                     0x0001ea48   Section        0  bsp.o(i.leds_timer_handler)
    leds_timer_handler                       0x0001ea49   Thumb Code    18  bsp.o(i.leds_timer_handler)
    i.list_deletions_handler                 0x0001ea60   Section        0  app_timer.o(i.list_deletions_handler)
    list_deletions_handler                   0x0001ea61   Thumb Code   180  app_timer.o(i.list_deletions_handler)
    i.list_insertions_handler                0x0001eb1c   Section        0  app_timer.o(i.list_insertions_handler)
    list_insertions_handler                  0x0001eb1d   Thumb Code   202  app_timer.o(i.list_insertions_handler)
    i.main                                   0x0001ebf0   Section        0  main.o(i.main)
    i.main_state_err_busy_process            0x0001ed88   Section        0  pstorage.o(i.main_state_err_busy_process)
    main_state_err_busy_process              0x0001ed89   Thumb Code    20  pstorage.o(i.main_state_err_busy_process)
    i.make_char_id                           0x0001eda0   Section        0  ble_hids.o(i.make_char_id)
    make_char_id                             0x0001eda1   Thumb Code    18  ble_hids.o(i.make_char_id)
    i.manuf_specific_data_encode             0x0001edb2   Section        0  ble_advdata.o(i.manuf_specific_data_encode)
    manuf_specific_data_encode               0x0001edb3   Thumb Code   104  ble_advdata.o(i.manuf_specific_data_encode)
    i.name_encode                            0x0001ee1a   Section        0  ble_advdata.o(i.name_encode)
    name_encode                              0x0001ee1b   Thumb Code   158  ble_advdata.o(i.name_encode)
    i.no_service_context_apply               0x0001eeb8   Section        0  device_manager_peripheral.o(i.no_service_context_apply)
    no_service_context_apply                 0x0001eeb9   Thumb Code     4  device_manager_peripheral.o(i.no_service_context_apply)
    i.no_service_context_load                0x0001eebc   Section        0  device_manager_peripheral.o(i.no_service_context_load)
    no_service_context_load                  0x0001eebd   Thumb Code     4  device_manager_peripheral.o(i.no_service_context_load)
    i.no_service_context_store               0x0001eec0   Section        0  device_manager_peripheral.o(i.no_service_context_store)
    no_service_context_store                 0x0001eec1   Thumb Code     4  device_manager_peripheral.o(i.no_service_context_store)
    i.nrf51_errata_26                        0x0001eec4   Section        0  system_nrf51.o(i.nrf51_errata_26)
    nrf51_errata_26                          0x0001eec5   Thumb Code    38  system_nrf51.o(i.nrf51_errata_26)
    i.nrf51_errata_59                        0x0001eef0   Section        0  system_nrf51.o(i.nrf51_errata_59)
    nrf51_errata_59                          0x0001eef1   Thumb Code    40  system_nrf51.o(i.nrf51_errata_59)
    i.nrf51_errata_76                        0x0001ef1c   Section        0  system_nrf51.o(i.nrf51_errata_76)
    nrf51_errata_76                          0x0001ef1d   Thumb Code    48  system_nrf51.o(i.nrf51_errata_76)
    i.nrf_drv_common_irq_enable              0x0001ef50   Section        0  nrf_drv_common.o(i.nrf_drv_common_irq_enable)
    i.nrf_drv_gpiote_in_event_enable         0x0001efb0   Section        0  nrf_drv_gpiote.o(i.nrf_drv_gpiote_in_event_enable)
    i.nrf_drv_gpiote_in_init                 0x0001f050   Section        0  nrf_drv_gpiote.o(i.nrf_drv_gpiote_in_init)
    i.nrf_drv_gpiote_in_is_set               0x0001f0f4   Section        0  nrf_drv_gpiote.o(i.nrf_drv_gpiote_in_is_set)
    i.nrf_drv_gpiote_init                    0x0001f108   Section        0  nrf_drv_gpiote.o(i.nrf_drv_gpiote_init)
    i.nrf_drv_gpiote_is_init                 0x0001f15c   Section        0  nrf_drv_gpiote.o(i.nrf_drv_gpiote_is_init)
    i.nrf_gpio_cfg                           0x0001f16c   Section        0  nrf_drv_gpiote.o(i.nrf_gpio_cfg)
    nrf_gpio_cfg                             0x0001f16d   Thumb Code    32  nrf_drv_gpiote.o(i.nrf_gpio_cfg)
    i.nrf_gpio_cfg_sense_set                 0x0001f190   Section        0  nrf_drv_gpiote.o(i.nrf_gpio_cfg_sense_set)
    nrf_gpio_cfg_sense_set                   0x0001f191   Thumb Code    26  nrf_drv_gpiote.o(i.nrf_gpio_cfg_sense_set)
    i.nrf_gpiote_event_is_set                0x0001f1b0   Section        0  nrf_drv_gpiote.o(i.nrf_gpiote_event_is_set)
    nrf_gpiote_event_is_set                  0x0001f1b1   Thumb Code    14  nrf_drv_gpiote.o(i.nrf_gpiote_event_is_set)
    i.nrf_uart_event_check                   0x0001f1c4   Section        0  nrf_drv_uart.o(i.nrf_uart_event_check)
    nrf_uart_event_check                     0x0001f1c5   Thumb Code    10  nrf_drv_uart.o(i.nrf_uart_event_check)
    i.nrf_uart_int_enable_check              0x0001f1ce   Section        0  nrf_drv_uart.o(i.nrf_uart_int_enable_check)
    nrf_uart_int_enable_check                0x0001f1cf   Thumb Code    16  nrf_drv_uart.o(i.nrf_uart_int_enable_check)
    i.on_adv_evt                             0x0001f1e0   Section        0  main.o(i.on_adv_evt)
    on_adv_evt                               0x0001f1e1   Thumb Code   140  main.o(i.on_adv_evt)
    i.on_ble_evt                             0x0001f274   Section        0  main.o(i.on_ble_evt)
    on_ble_evt                               0x0001f275   Thumb Code   162  main.o(i.on_ble_evt)
    i.on_hid_rep_char_write                  0x0001f31c   Section        0  main.o(i.on_hid_rep_char_write)
    on_hid_rep_char_write                    0x0001f31d   Thumb Code   114  main.o(i.on_hid_rep_char_write)
    i.on_hids_evt                            0x0001f398   Section        0  main.o(i.on_hids_evt)
    on_hids_evt                              0x0001f399   Thumb Code    96  main.o(i.on_hids_evt)
    i.on_report_cccd_write                   0x0001f400   Section        0  ble_hids.o(i.on_report_cccd_write)
    on_report_cccd_write                     0x0001f401   Thumb Code    60  ble_hids.o(i.on_report_cccd_write)
    i.on_report_value_write                  0x0001f43c   Section        0  ble_hids.o(i.on_report_value_write)
    on_report_value_write                    0x0001f43d   Thumb Code    46  ble_hids.o(i.on_report_value_write)
    i.on_write                               0x0001f46c   Section        0  ble_hids.o(i.on_write)
    on_write                                 0x0001f46d   Thumb Code   262  ble_hids.o(i.on_write)
    i.outp_rep_characteristics_add           0x0001f578   Section        0  ble_hids.o(i.outp_rep_characteristics_add)
    outp_rep_characteristics_add             0x0001f579   Thumb Code    98  ble_hids.o(i.outp_rep_characteristics_add)
    i.peer_address_exists                    0x0001f5da   Section        0  ble_advertising.o(i.peer_address_exists)
    peer_address_exists                      0x0001f5db   Thumb Code    22  ble_advertising.o(i.peer_address_exists)
    i.peer_instance_init                     0x0001f5f0   Section        0  device_manager_peripheral.o(i.peer_instance_init)
    peer_instance_init                       0x0001f5f1   Thumb Code    50  device_manager_peripheral.o(i.peer_instance_init)
    i.pin_in_use_by_port                     0x0001f628   Section        0  nrf_drv_gpiote.o(i.pin_in_use_by_port)
    pin_in_use_by_port                       0x0001f629   Thumb Code    20  nrf_drv_gpiote.o(i.pin_in_use_by_port)
    i.pin_in_use_by_te                       0x0001f640   Section        0  nrf_drv_gpiote.o(i.pin_in_use_by_te)
    pin_in_use_by_te                         0x0001f641   Thumb Code    20  nrf_drv_gpiote.o(i.pin_in_use_by_te)
    i.pnp_id_encode                          0x0001f658   Section        0  ble_dis.o(i.pnp_id_encode)
    pnp_id_encode                            0x0001f659   Thumb Code    54  ble_dis.o(i.pnp_id_encode)
    i.protocol_mode_char_add                 0x0001f690   Section        0  ble_hids.o(i.protocol_mode_char_add)
    protocol_mode_char_add                   0x0001f691   Thumb Code   132  ble_hids.o(i.protocol_mode_char_add)
    i.pstorage_access_status_get             0x0001f718   Section        0  pstorage.o(i.pstorage_access_status_get)
    i.pstorage_block_identifier_get          0x0001f740   Section        0  pstorage.o(i.pstorage_block_identifier_get)
    i.pstorage_clear                         0x0001f794   Section        0  pstorage.o(i.pstorage_clear)
    i.pstorage_flash_page_end                0x0001f838   Section        0  pstorage.o(i.pstorage_flash_page_end)
    pstorage_flash_page_end                  0x0001f839   Thumb Code    32  pstorage.o(i.pstorage_flash_page_end)
    i.pstorage_flash_page_size               0x0001f85c   Section        0  pstorage.o(i.pstorage_flash_page_size)
    pstorage_flash_page_size                 0x0001f85d   Thumb Code    10  pstorage.o(i.pstorage_flash_page_size)
    i.pstorage_init                          0x0001f868   Section        0  pstorage.o(i.pstorage_init)
    i.pstorage_load                          0x0001f8b4   Section        0  pstorage.o(i.pstorage_load)
    i.pstorage_register                      0x0001f95c   Section        0  pstorage.o(i.pstorage_register)
    i.pstorage_store                         0x0001fa18   Section        0  pstorage.o(i.pstorage_store)
    i.pstorage_sys_event_handler             0x0001faa8   Section        0  pstorage.o(i.pstorage_sys_event_handler)
    i.pstorage_update                        0x0001faf4   Section        0  pstorage.o(i.pstorage_update)
    i.rep_char_add                           0x0001fb84   Section        0  ble_hids.o(i.rep_char_add)
    rep_char_add                             0x0001fb85   Thumb Code   270  ble_hids.o(i.rep_char_add)
    i.rep_map_char_add                       0x0001fc9c   Section        0  ble_hids.o(i.rep_map_char_add)
    rep_map_char_add                         0x0001fc9d   Thumb Code   302  ble_hids.o(i.rep_map_char_add)
    i.rep_value_identify                     0x0001fdd4   Section        0  ble_hids.o(i.rep_value_identify)
    rep_value_identify                       0x0001fdd5   Thumb Code   130  ble_hids.o(i.rep_value_identify)
    i.rtc1_stop                              0x0001fe5c   Section        0  app_timer.o(i.rtc1_stop)
    rtc1_stop                                0x0001fe5d   Thumb Code    50  app_timer.o(i.rtc1_stop)
    i.rx_byte                                0x0001fea0   Section        0  nrf_drv_uart.o(i.rx_byte)
    rx_byte                                  0x0001fea1   Thumb Code    42  nrf_drv_uart.o(i.rx_byte)
    i.rx_done_event                          0x0001fed8   Section        0  nrf_drv_uart.o(i.rx_done_event)
    rx_done_event                            0x0001fed9   Thumb Code    22  nrf_drv_uart.o(i.rx_done_event)
    i.sd_check_ram_start                     0x0001fef4   Section        0  softdevice_handler.o(i.sd_check_ram_start)
    i.send_key_scan_press_release            0x0001ff04   Section        0  main.o(i.send_key_scan_press_release)
    send_key_scan_press_release              0x0001ff05   Thumb Code   120  main.o(i.send_key_scan_press_release)
    i.sensorsim_decrement                    0x0001ff80   Section        0  sensorsim.o(i.sensorsim_decrement)
    i.sensorsim_increment                    0x0001ff9c   Section        0  sensorsim.o(i.sensorsim_increment)
    i.sensorsim_init                         0x0001ffb8   Section        0  sensorsim.o(i.sensorsim_init)
    i.sensorsim_measure                      0x0001ffd0   Section        0  sensorsim.o(i.sensorsim_measure)
    i.service_data_encode                    0x0001ffea   Section        0  ble_advdata.o(i.service_data_encode)
    service_data_encode                      0x0001ffeb   Thumb Code   142  ble_advdata.o(i.service_data_encode)
    i.service_error_handler                  0x00020078   Section        0  main.o(i.service_error_handler)
    service_error_handler                    0x00020079   Thumb Code     8  main.o(i.service_error_handler)
    i.sleep_mode_enter                       0x00020080   Section        0  main.o(i.sleep_mode_enter)
    sleep_mode_enter                         0x00020081   Thumb Code    40  main.o(i.sleep_mode_enter)
    i.sm_state_change                        0x000200a8   Section        0  pstorage.o(i.sm_state_change)
    sm_state_change                          0x000200a9   Thumb Code    62  pstorage.o(i.sm_state_change)
    i.softdevice_ble_evt_handler_set         0x000200f0   Section        0  softdevice_handler.o(i.softdevice_ble_evt_handler_set)
    i.softdevice_enable                      0x00020104   Section        0  softdevice_handler.o(i.softdevice_enable)
    i.softdevice_enable_get_default_config   0x00020118   Section        0  softdevice_handler.o(i.softdevice_enable_get_default_config)
    i.softdevice_evt_get                     0x00020140   Section        0  softdevice_handler_appsh.o(i.softdevice_evt_get)
    i.softdevice_evt_schedule                0x00020154   Section        0  softdevice_handler_appsh.o(i.softdevice_evt_schedule)
    i.softdevice_fault_handler               0x00020168   Section        0  softdevice_handler.o(i.softdevice_fault_handler)
    i.softdevice_handler_init                0x00020170   Section        0  softdevice_handler.o(i.softdevice_handler_init)
    i.softdevice_sys_evt_handler_set         0x000201a0   Section        0  softdevice_handler.o(i.softdevice_sys_evt_handler_set)
    i.state_data_erase_swap_entry_run        0x000201b4   Section        0  pstorage.o(i.state_data_erase_swap_entry_run)
    state_data_erase_swap_entry_run          0x000201b5   Thumb Code    92  pstorage.o(i.state_data_erase_swap_entry_run)
    i.state_erase_data_page_entry_run        0x00020218   Section        0  pstorage.o(i.state_erase_data_page_entry_run)
    state_erase_data_page_entry_run          0x00020219   Thumb Code    12  pstorage.o(i.state_erase_data_page_entry_run)
    i.state_restore_head_entry_run           0x00020228   Section        0  pstorage.o(i.state_restore_head_entry_run)
    state_restore_head_entry_run             0x00020229   Thumb Code    36  pstorage.o(i.state_restore_head_entry_run)
    i.state_restore_tail_entry_run           0x00020250   Section        0  pstorage.o(i.state_restore_tail_entry_run)
    state_restore_tail_entry_run             0x00020251   Thumb Code    66  pstorage.o(i.state_restore_tail_entry_run)
    i.state_swap_erase_entry_run             0x0002029c   Section        0  pstorage.o(i.state_swap_erase_entry_run)
    state_swap_erase_entry_run               0x0002029d   Thumb Code    32  pstorage.o(i.state_swap_erase_entry_run)
    i.state_write_data_swap_entry_run        0x000202bc   Section        0  pstorage.o(i.state_write_data_swap_entry_run)
    state_write_data_swap_entry_run          0x000202bd   Thumb Code    42  pstorage.o(i.state_write_data_swap_entry_run)
    i.storage_operation_dummy_handler        0x000202ec   Section        0  device_manager_peripheral.o(i.storage_operation_dummy_handler)
    storage_operation_dummy_handler          0x000202ed   Thumb Code     4  device_manager_peripheral.o(i.storage_operation_dummy_handler)
    i.store_cmd_flash_write_execute          0x000202f0   Section        0  pstorage.o(i.store_cmd_flash_write_execute)
    store_cmd_flash_write_execute            0x000202f1   Thumb Code    82  pstorage.o(i.store_cmd_flash_write_execute)
    i.swap_erase_state_run                   0x0002034c   Section        0  pstorage.o(i.swap_erase_state_run)
    swap_erase_state_run                     0x0002034d   Thumb Code    24  pstorage.o(i.swap_erase_state_run)
    i.swap_sub_state_err_busy_process        0x00020368   Section        0  pstorage.o(i.swap_sub_state_err_busy_process)
    swap_sub_state_err_busy_process          0x00020369   Thumb Code    20  pstorage.o(i.swap_sub_state_err_busy_process)
    i.swap_sub_state_state_change            0x00020380   Section        0  pstorage.o(i.swap_sub_state_state_change)
    swap_sub_state_state_change              0x00020381   Thumb Code    12  pstorage.o(i.swap_sub_state_state_change)
    i.sys_evt_dispatch                       0x00020394   Section        0  main.o(i.sys_evt_dispatch)
    sys_evt_dispatch                         0x00020395   Thumb Code    16  main.o(i.sys_evt_dispatch)
    i.sys_id_encode                          0x000203a4   Section        0  ble_dis.o(i.sys_id_encode)
    sys_id_encode                            0x000203a5   Thumb Code    78  ble_dis.o(i.sys_id_encode)
    i.tail_restore_state_run                 0x000203f4   Section        0  pstorage.o(i.tail_restore_state_run)
    tail_restore_state_run                   0x000203f5   Thumb Code    22  pstorage.o(i.tail_restore_state_run)
    i.timer_list_handler                     0x00020410   Section        0  app_timer.o(i.timer_list_handler)
    timer_list_handler                       0x00020411   Thumb Code   128  app_timer.o(i.timer_list_handler)
    i.timer_list_handler_sched               0x00020494   Section        0  app_timer.o(i.timer_list_handler_sched)
    timer_list_handler_sched                 0x00020495   Thumb Code    10  app_timer.o(i.timer_list_handler_sched)
    i.timer_list_insert                      0x000204a4   Section        0  app_timer.o(i.timer_list_insert)
    timer_list_insert                        0x000204a5   Thumb Code    60  app_timer.o(i.timer_list_insert)
    i.timer_timeouts_check                   0x000204e4   Section        0  app_timer.o(i.timer_timeouts_check)
    timer_timeouts_check                     0x000204e5   Thumb Code   118  app_timer.o(i.timer_timeouts_check)
    i.tx_byte                                0x00020564   Section        0  nrf_drv_uart.o(i.tx_byte)
    tx_byte                                  0x00020565   Thumb Code    30  nrf_drv_uart.o(i.tx_byte)
    i.tx_done_event                          0x00020590   Section        0  nrf_drv_uart.o(i.tx_done_event)
    tx_done_event                            0x00020591   Thumb Code    26  nrf_drv_uart.o(i.tx_done_event)
    i.uart_irq_handler                       0x000205b0   Section        0  nrf_drv_uart.o(i.uart_irq_handler)
    uart_irq_handler                         0x000205b1   Thumb Code   278  nrf_drv_uart.o(i.uart_irq_handler)
    i.uint16_encode                          0x000206d8   Section        0  ble_advdata.o(i.uint16_encode)
    uint16_encode                            0x000206d9   Thumb Code    10  ble_advdata.o(i.uint16_encode)
    i.update_status_bit_reset                0x000206e4   Section        0  device_manager_peripheral.o(i.update_status_bit_reset)
    update_status_bit_reset                  0x000206e5   Thumb Code    14  device_manager_peripheral.o(i.update_status_bit_reset)
    i.update_timeout_handler                 0x000206f8   Section        0  ble_conn_params.o(i.update_timeout_handler)
    update_timeout_handler                   0x000206f9   Thumb Code    86  ble_conn_params.o(i.update_timeout_handler)
    i.user_id_get                            0x0002075c   Section        0  app_timer.o(i.user_id_get)
    user_id_get                              0x0002075d   Thumb Code    74  app_timer.o(i.user_id_get)
    i.user_op_alloc                          0x000207b0   Section        0  app_timer.o(i.user_op_alloc)
    user_op_alloc                            0x000207b1   Thumb Code    38  app_timer.o(i.user_op_alloc)
    i.uuid_list_encode                       0x000207d6   Section        0  ble_advdata.o(i.uuid_list_encode)
    uuid_list_encode                         0x000207d7   Thumb Code    48  ble_advdata.o(i.uuid_list_encode)
    i.uuid_list_sized_encode                 0x00020806   Section        0  ble_advdata.o(i.uuid_list_sized_encode)
    uuid_list_sized_encode                   0x00020807   Thumb Code   174  ble_advdata.o(i.uuid_list_sized_encode)
    i.whitelist_has_entries                  0x000208b4   Section        0  ble_advertising.o(i.whitelist_has_entries)
    whitelist_has_entries                    0x000208b5   Thumb Code    16  ble_advertising.o(i.whitelist_has_entries)
    .constdata                               0x000208c4   Section       40  main.o(.constdata)
    m_battery_timer_id                       0x000208c4   Data           4  main.o(.constdata)
    .constdata                               0x000208ec   Section       60  bsp.o(.constdata)
    m_leds_timer_id                          0x000208ec   Data           4  bsp.o(.constdata)
    m_alert_timer_id                         0x000208f0   Data           4  bsp.o(.constdata)
    m_button_timer_id                        0x000208f4   Data           4  bsp.o(.constdata)
    m_buttons_list                           0x000208f8   Data          16  bsp.o(.constdata)
    app_buttons                              0x00020908   Data          32  bsp.o(.constdata)
    .constdata                               0x00020928   Section        4  ble_conn_params.o(.constdata)
    m_conn_params_timer_id                   0x00020928   Data           4  ble_conn_params.o(.constdata)
    .constdata                               0x0002092c   Section       48  device_manager_peripheral.o(.constdata)
    .constdata                               0x0002095c   Section       40  pstorage.o(.constdata)
    swap_sub_state_sm_lut                    0x0002095c   Data          20  pstorage.o(.constdata)
    swap_sub_state_sm_lut                    0x00020970   Data          20  pstorage.o(.constdata)
    .constdata                               0x00020984   Section        8  app_button.o(.constdata)
    m_detection_delay_timer_id               0x00020984   Data           4  app_button.o(.constdata)
    .data                                    0x20001f00   Section      124  main.o(.data)
    m_in_boot_mode                           0x20001f00   Data           1  main.o(.data)
    m_caps_on                                0x20001f01   Data           1  main.o(.data)
    size                                     0x20001f02   Data           1  main.o(.data)
    m_app_handle                             0x20001f03   Data           1  main.o(.data)
    m_conn_handle                            0x20001f04   Data           2  main.o(.data)
    m_adv_uuids                              0x20001f06   Data           4  main.o(.data)
    p_key                                    0x20001f0c   Data           4  main.o(.data)
    m_bonded_peer_handle                     0x20001f10   Data           4  main.o(.data)
    m_sample_key_press_scan_str              0x20001f14   Data           6  main.o(.data)
    m_caps_on_key_scan_str                   0x20001f1a   Data           6  main.o(.data)
    m_caps_off_key_scan_str                  0x20001f20   Data           6  main.o(.data)
    m_battery_sim_state                      0x20001f28   Data           8  main.o(.data)
    report_map_data                          0x20001f30   Data          76  main.o(.data)
    .data                                    0x20001f7c   Section       24  bsp.o(.data)
    m_stable_state                           0x20001f7c   Data           1  bsp.o(.data)
    current_long_push_pin_no                 0x20001f7d   Data           1  bsp.o(.data)
    m_app_ticks_per_100ms                    0x20001f80   Data           4  bsp.o(.data)
    m_indication_type                        0x20001f84   Data           4  bsp.o(.data)
    m_alert_mask                             0x20001f88   Data           4  bsp.o(.data)
    m_registered_callback                    0x20001f8c   Data           4  bsp.o(.data)
    release_event_at_push                    0x20001f90   Data           4  bsp.o(.data)
    .data                                    0x20001f94   Section        8  bsp_btn_ble.o(.data)
    m_error_handler                          0x20001f94   Data           4  bsp_btn_ble.o(.data)
    m_num_connections                        0x20001f98   Data           4  bsp_btn_ble.o(.data)
    .data                                    0x20001f9c   Section        4  system_nrf51.o(.data)
    __tagsym$$used                           0x20001f9c   Number         0  system_nrf51.o(.data)
    .data                                    0x20001fa0   Section       31  ble_advertising.o(.data)
    m_advertising_start_pending              0x20001fa0   Data           1  ble_advertising.o(.data)
    m_whitelist_temporarily_disabled         0x20001fa1   Data           1  ble_advertising.o(.data)
    m_whitelist_reply_expected               0x20001fa2   Data           1  ble_advertising.o(.data)
    m_peer_addr_reply_expected               0x20001fa3   Data           1  ble_advertising.o(.data)
    m_adv_evt                                0x20001fa4   Data           1  ble_advertising.o(.data)
    m_adv_mode_current                       0x20001fa5   Data           1  ble_advertising.o(.data)
    m_tx_power_level                         0x20001fa6   Data           1  ble_advertising.o(.data)
    current_slave_link_conn_handle           0x20001fa8   Data           2  ble_advertising.o(.data)
    m_evt_handler                            0x20001fac   Data           4  ble_advertising.o(.data)
    m_error_handler                          0x20001fb0   Data           4  ble_advertising.o(.data)
    m_slave_conn_int                         0x20001fb4   Data           4  ble_advertising.o(.data)
    m_peer_address                           0x20001fb8   Data           7  ble_advertising.o(.data)
    .data                                    0x20001fc0   Section       20  ble_conn_params.o(.data)
    m_change_param                           0x20001fc0   Data           1  ble_conn_params.o(.data)
    m_update_count                           0x20001fc1   Data           1  ble_conn_params.o(.data)
    m_conn_handle                            0x20001fc2   Data           2  ble_conn_params.o(.data)
    m_preferred_conn_params                  0x20001fc4   Data           8  ble_conn_params.o(.data)
    m_current_conn_params                    0x20001fcc   Data           8  ble_conn_params.o(.data)
    .data                                    0x20001fd4   Section       74  ble_dis.o(.data)
    service_handle                           0x20001fd4   Data           2  ble_dis.o(.data)
    manufact_name_handles                    0x20001fd6   Data           8  ble_dis.o(.data)
    model_num_handles                        0x20001fde   Data           8  ble_dis.o(.data)
    serial_num_handles                       0x20001fe6   Data           8  ble_dis.o(.data)
    hw_rev_handles                           0x20001fee   Data           8  ble_dis.o(.data)
    fw_rev_handles                           0x20001ff6   Data           8  ble_dis.o(.data)
    sw_rev_handles                           0x20001ffe   Data           8  ble_dis.o(.data)
    sys_id_handles                           0x20002006   Data           8  ble_dis.o(.data)
    reg_cert_data_list_handles               0x2000200e   Data           8  ble_dis.o(.data)
    pnp_id_handles                           0x20002016   Data           8  ble_dis.o(.data)
    .data                                    0x20002020   Section       24  device_manager_peripheral.o(.data)
    m_module_initialized                     0x20002020   Data           1  device_manager_peripheral.o(.data)
    m_peer_addr_update                       0x20002024   Data           4  device_manager_peripheral.o(.data)
    m_irk_index_table                        0x20002028   Data           7  device_manager_peripheral.o(.data)
    m_storage_handle                         0x20002030   Data           8  device_manager_peripheral.o(.data)
    .data                                    0x20002038   Section       36  pstorage.o(.data)
    m_state                                  0x20002038   Data           1  pstorage.o(.data)
    m_swap_sub_state                         0x20002039   Data           1  pstorage.o(.data)
    m_next_app_instance                      0x2000203a   Data           2  pstorage.o(.data)
    m_flags                                  0x2000203c   Data           4  pstorage.o(.data)
    m_next_page_addr                         0x20002040   Data           4  pstorage.o(.data)
    m_head_word_size                         0x20002044   Data           4  pstorage.o(.data)
    m_tail_word_size                         0x20002048   Data           4  pstorage.o(.data)
    m_current_page_id                        0x2000204c   Data           4  pstorage.o(.data)
    m_num_of_command_retries                 0x20002050   Data           4  pstorage.o(.data)
    m_num_of_bytes_written                   0x20002054   Data           4  pstorage.o(.data)
    m_app_data_size                          0x20002058   Data           4  pstorage.o(.data)
    .data                                    0x2000205c   Section       20  app_button.o(.data)
    m_button_count                           0x2000205c   Data           1  app_button.o(.data)
    mp_buttons                               0x20002060   Data           4  app_button.o(.data)
    m_detection_delay                        0x20002064   Data           4  app_button.o(.data)
    m_pin_state                              0x20002068   Data           4  app_button.o(.data)
    m_pin_transition                         0x2000206c   Data           4  app_button.o(.data)
    .data                                    0x20002070   Section       16  app_scheduler.o(.data)
    m_queue_start_index                      0x20002070   Data           1  app_scheduler.o(.data)
    m_queue_end_index                        0x20002071   Data           1  app_scheduler.o(.data)
    m_queue_event_size                       0x20002072   Data           2  app_scheduler.o(.data)
    m_queue_size                             0x20002074   Data           2  app_scheduler.o(.data)
    m_queue_event_headers                    0x20002078   Data           4  app_scheduler.o(.data)
    m_queue_event_data                       0x2000207c   Data           4  app_scheduler.o(.data)
    .data                                    0x20002080   Section       32  app_timer.o(.data)
    m_user_array_size                        0x20002080   Data           1  app_timer.o(.data)
    m_ticks_elapsed_q_read_ind               0x20002081   Data           1  app_timer.o(.data)
    m_ticks_elapsed_q_write_ind              0x20002082   Data           1  app_timer.o(.data)
    m_rtc1_running                           0x20002083   Data           1  app_timer.o(.data)
    m_rtc1_reset                             0x20002084   Data           1  app_timer.o(.data)
    mp_users                                 0x20002088   Data           4  app_timer.o(.data)
    mp_timer_id_head                         0x2000208c   Data           4  app_timer.o(.data)
    m_ticks_latest                           0x20002090   Data           4  app_timer.o(.data)
    m_evt_schedule_func                      0x20002094   Data           4  app_timer.o(.data)
    m_ticks_elapsed                          0x20002098   Data           8  app_timer.o(.data)
    .data                                    0x200020a0   Section       20  softdevice_handler.o(.data)
    m_softdevice_enabled                     0x200020a0   Data           1  softdevice_handler.o(.data)
    m_ble_evt_buffer_size                    0x200020a2   Data           2  softdevice_handler.o(.data)
    m_evt_schedule_func                      0x200020a4   Data           4  softdevice_handler.o(.data)
    mp_ble_evt_buffer                        0x200020a8   Data           4  softdevice_handler.o(.data)
    m_ble_evt_handler                        0x200020ac   Data           4  softdevice_handler.o(.data)
    m_sys_evt_handler                        0x200020b0   Data           4  softdevice_handler.o(.data)
    .bss                                     0x200020b4   Section       32  main.o(.bss)
    m_battery_timer_id_data                  0x200020b4   Data          32  main.o(.bss)
    .bss                                     0x200020d4   Section     1184  main.o(.bss)
    APP_TIMER_BUF                            0x200020d4   Data         456  main.o(.bss)
    BLE_EVT_BUFFER                           0x2000229c   Data          72  main.o(.bss)
    APP_SCHED_BUF                            0x200022e4   Data         176  main.o(.bss)
    m_hids                                   0x20002394   Data         376  main.o(.bss)
    m_bas                                    0x2000250c   Data          24  main.o(.bss)
    m_battery_sim_cfg                        0x20002524   Data          16  main.o(.bss)
    buffer_list                              0x20002534   Data          64  main.o(.bss)
    .bss                                     0x20002574   Section       32  bsp.o(.bss)
    m_leds_timer_id_data                     0x20002574   Data          32  bsp.o(.bss)
    .bss                                     0x20002594   Section       32  bsp.o(.bss)
    m_alert_timer_id_data                    0x20002594   Data          32  bsp.o(.bss)
    .bss                                     0x200025b4   Section       12  bsp.o(.bss)
    m_events_list                            0x200025b4   Data          12  bsp.o(.bss)
    .bss                                     0x200025c0   Section       32  bsp.o(.bss)
    m_button_timer_id_data                   0x200025c0   Data          32  bsp.o(.bss)
    .bss                                     0x200025e0   Section      259  ble_advertising.o(.bss)
    m_advdata                                0x200025e0   Data          56  ble_advertising.o(.bss)
    m_adv_modes_config                       0x20002618   Data          36  ble_advertising.o(.bss)
    m_whitelist                              0x2000263c   Data          16  ble_advertising.o(.bss)
    mp_whitelist_addr                        0x2000264c   Data          32  ble_advertising.o(.bss)
    mp_whitelist_irk                         0x2000266c   Data          32  ble_advertising.o(.bss)
    m_manuf_specific_data                    0x2000268c   Data          12  ble_advertising.o(.bss)
    m_manuf_data_array                       0x20002698   Data          31  ble_advertising.o(.bss)
    m_service_data                           0x200026b8   Data          12  ble_advertising.o(.bss)
    m_service_data_array                     0x200026c4   Data          31  ble_advertising.o(.bss)
    .bss                                     0x200026e4   Section       32  ble_conn_params.o(.bss)
    m_conn_params_timer_id_data              0x200026e4   Data          32  ble_conn_params.o(.bss)
    .bss                                     0x20002704   Section       28  ble_conn_params.o(.bss)
    m_conn_params_config                     0x20002704   Data          28  ble_conn_params.o(.bss)
    .bss                                     0x20002720   Section      299  device_manager_peripheral.o(.bss)
    m_peer_table                             0x20002720   Data         196  device_manager_peripheral.o(.bss)
    m_bond_table                             0x200027e4   Data          28  device_manager_peripheral.o(.bss)
    m_gatts_table                            0x20002800   Data          28  device_manager_peripheral.o(.bss)
    m_connection_table                       0x2000281c   Data          12  device_manager_peripheral.o(.bss)
    m_application_table                      0x20002828   Data          12  device_manager_peripheral.o(.bss)
    m_local_id_info                          0x20002834   Data          23  device_manager_peripheral.o(.bss)
    .bss                                     0x2000284c   Section      216  pstorage.o(.bss)
    m_cmd_queue                              0x2000284c   Data         204  pstorage.o(.bss)
    m_app_table                              0x20002918   Data          12  pstorage.o(.bss)
    .bss                                     0x20002924   Section       72  nrf_drv_gpiote.o(.bss)
    m_cb                                     0x20002924   Data          72  nrf_drv_gpiote.o(.bss)
    .bss                                     0x2000296c   Section       28  nrf_drv_uart.o(.bss)
    m_cb                                     0x2000296c   Data          28  nrf_drv_uart.o(.bss)
    .bss                                     0x20002988   Section       32  app_button.o(.bss)
    m_detection_delay_timer_id_data          0x20002988   Data          32  app_button.o(.bss)
    STACK                                    0x200029a8   Section     2048  arm_startup_nrf51.o(STACK)

    Global Symbols

    Symbol Name                              Value     Ov Type        Size  Object(Section)

    BuildAttributes$$THM_ISAv3M$S$PE$A:L22$X:L11$S22$IEEE1$IW$USESV6$~STKCKD$USESV7$~SHL$OSPACE$ROPI$EBA8$MICROLIB$REQ8$PRES8$EABIv2 0x00000000   Number         0  anon$$obj.o ABSOLUTE
    __ARM_use_no_argv                        0x00000000   Number         0  main.o ABSOLUTE
    __cpp_initialize__aeabi_                  - Undefined Weak Reference
    __cxa_finalize                            - Undefined Weak Reference
    _clock_init                               - Undefined Weak Reference
    _microlib_exit                            - Undefined Weak Reference
    __Vectors_Size                           0x000000c0   Number         0  arm_startup_nrf51.o ABSOLUTE
    __Vectors                                0x0001b000   Data           4  arm_startup_nrf51.o(RESET)
    __Vectors_End                            0x0001b0c0   Data           0  arm_startup_nrf51.o(RESET)
    __main                                   0x0001b0c1   Thumb Code     0  entry.o(.ARM.Collect$$$$00000000)
    _main_stk                                0x0001b0c1   Thumb Code     0  entry2.o(.ARM.Collect$$$$00000001)
    _main_scatterload                        0x0001b0c5   Thumb Code     0  entry5.o(.ARM.Collect$$$$00000004)
    __main_after_scatterload                 0x0001b0c9   Thumb Code     0  entry5.o(.ARM.Collect$$$$00000004)
    _main_clock                              0x0001b0c9   Thumb Code     0  entry7b.o(.ARM.Collect$$$$00000008)
    _main_cpp_init                           0x0001b0c9   Thumb Code     0  entry8b.o(.ARM.Collect$$$$0000000A)
    _main_init                               0x0001b0c9   Thumb Code     0  entry9a.o(.ARM.Collect$$$$0000000B)
    __rt_final_cpp                           0x0001b0d1   Thumb Code     0  entry10a.o(.ARM.Collect$$$$0000000D)
    __rt_final_exit                          0x0001b0d1   Thumb Code     0  entry11a.o(.ARM.Collect$$$$0000000F)
    __asm___11_app_timer_c_cd27f9c3__nrf_delay_us 0x0001b0d5   Thumb Code    30  app_timer.o(.emb_text)
    Reset_Handler                            0x0001b0f5   Thumb Code    26  arm_startup_nrf51.o(.text)
    NMI_Handler                              0x0001b10f   Thumb Code     2  arm_startup_nrf51.o(.text)
    HardFault_Handler                        0x0001b111   Thumb Code     2  arm_startup_nrf51.o(.text)
    SVC_Handler                              0x0001b113   Thumb Code     2  arm_startup_nrf51.o(.text)
    PendSV_Handler                           0x0001b115   Thumb Code     2  arm_startup_nrf51.o(.text)
    SysTick_Handler                          0x0001b117   Thumb Code     2  arm_startup_nrf51.o(.text)
    ADC_IRQHandler                           0x0001b119   Thumb Code     0  arm_startup_nrf51.o(.text)
    CCM_AAR_IRQHandler                       0x0001b119   Thumb Code     0  arm_startup_nrf51.o(.text)
    ECB_IRQHandler                           0x0001b119   Thumb Code     0  arm_startup_nrf51.o(.text)
    LPCOMP_IRQHandler                        0x0001b119   Thumb Code     0  arm_startup_nrf51.o(.text)
    POWER_CLOCK_IRQHandler                   0x0001b119   Thumb Code     0  arm_startup_nrf51.o(.text)
    QDEC_IRQHandler                          0x0001b119   Thumb Code     0  arm_startup_nrf51.o(.text)
    RADIO_IRQHandler                         0x0001b119   Thumb Code     0  arm_startup_nrf51.o(.text)
    RNG_IRQHandler                           0x0001b119   Thumb Code     0  arm_startup_nrf51.o(.text)
    RTC0_IRQHandler                          0x0001b119   Thumb Code     0  arm_startup_nrf51.o(.text)
    SPI0_TWI0_IRQHandler                     0x0001b119   Thumb Code     0  arm_startup_nrf51.o(.text)
    SPI1_TWI1_IRQHandler                     0x0001b119   Thumb Code     0  arm_startup_nrf51.o(.text)
    SWI1_IRQHandler                          0x0001b119   Thumb Code     0  arm_startup_nrf51.o(.text)
    SWI3_IRQHandler                          0x0001b119   Thumb Code     0  arm_startup_nrf51.o(.text)
    SWI4_IRQHandler                          0x0001b119   Thumb Code     0  arm_startup_nrf51.o(.text)
    SWI5_IRQHandler                          0x0001b119   Thumb Code     0  arm_startup_nrf51.o(.text)
    TEMP_IRQHandler                          0x0001b119   Thumb Code     0  arm_startup_nrf51.o(.text)
    TIMER0_IRQHandler                        0x0001b119   Thumb Code     0  arm_startup_nrf51.o(.text)
    TIMER1_IRQHandler                        0x0001b119   Thumb Code     0  arm_startup_nrf51.o(.text)
    TIMER2_IRQHandler                        0x0001b119   Thumb Code     0  arm_startup_nrf51.o(.text)
    WDT_IRQHandler                           0x0001b119   Thumb Code     0  arm_startup_nrf51.o(.text)
    __aeabi_uidiv                            0x0001b12d   Thumb Code     0  uidiv.o(.text)
    __aeabi_uidivmod                         0x0001b12d   Thumb Code    44  uidiv.o(.text)
    __aeabi_idiv                             0x0001b159   Thumb Code     0  idiv.o(.text)
    __aeabi_idivmod                          0x0001b159   Thumb Code    40  idiv.o(.text)
    __aeabi_memcpy                           0x0001b181   Thumb Code    36  memcpya.o(.text)
    __aeabi_memcpy4                          0x0001b181   Thumb Code     0  memcpya.o(.text)
    __aeabi_memcpy8                          0x0001b181   Thumb Code     0  memcpya.o(.text)
    __aeabi_memset                           0x0001b1a5   Thumb Code    14  memseta.o(.text)
    __aeabi_memset4                          0x0001b1a5   Thumb Code     0  memseta.o(.text)
    __aeabi_memset8                          0x0001b1a5   Thumb Code     0  memseta.o(.text)
    __aeabi_memclr                           0x0001b1b3   Thumb Code     4  memseta.o(.text)
    __aeabi_memclr4                          0x0001b1b3   Thumb Code     0  memseta.o(.text)
    __aeabi_memclr8                          0x0001b1b3   Thumb Code     0  memseta.o(.text)
    _memset$wrapper                          0x0001b1b7   Thumb Code    18  memseta.o(.text)
    strlen                                   0x0001b1c9   Thumb Code    14  strlen.o(.text)
    memcmp                                   0x0001b1d7   Thumb Code    26  memcmp.o(.text)
    __scatterload                            0x0001b1f1   Thumb Code    28  init.o(.text)
    __scatterload_rt2                        0x0001b1f1   Thumb Code     0  init.o(.text)
    __decompress                             0x0001b215   Thumb Code     0  __dczerorl2.o(.text)
    __decompress1                            0x0001b215   Thumb Code    86  __dczerorl2.o(.text)
    GPIOTE_IRQHandler                        0x0001b26d   Thumb Code   234  nrf_drv_gpiote.o(i.GPIOTE_IRQHandler)
    RTC1_IRQHandler                          0x0001b3b9   Thumb Code    28  app_timer.o(i.RTC1_IRQHandler)
    SWI0_IRQHandler                          0x0001b3d9   Thumb Code     8  app_timer.o(i.SWI0_IRQHandler)
    SWI2_IRQHandler                          0x0001b3e1   Thumb Code    28  softdevice_handler.o(i.SWI2_IRQHandler)
    SystemInit                               0x0001b401   Thumb Code    74  system_nrf51.o(i.SystemInit)
    UART0_IRQHandler                         0x0001b46d   Thumb Code     8  nrf_drv_uart.o(i.UART0_IRQHandler)
    __ARM_common_switch8                     0x0001b475   Thumb Code    26  main.o(i.__ARM_common_switch8)
    __scatterload_copy                       0x0001b48f   Thumb Code    14  handlers.o(i.__scatterload_copy)
    __scatterload_null                       0x0001b49d   Thumb Code     2  handlers.o(i.__scatterload_null)
    __scatterload_zeroinit                   0x0001b49f   Thumb Code    14  handlers.o(i.__scatterload_zeroinit)
    adv_data_encode                          0x0001b4ad   Thumb Code   534  ble_advdata.o(i.adv_data_encode)
    app_button_enable                        0x0001b719   Thumb Code    32  app_button.o(i.app_button_enable)
    app_button_init                          0x0001b73d   Thumb Code   100  app_button.o(i.app_button_init)
    app_error_fault_handler                  0x0001b7b1   Thumb Code    18  app_error.o(i.app_error_fault_handler)
    app_error_handler_bare                   0x0001b7cd   Thumb Code    18  app_error.o(i.app_error_handler_bare)
    app_sched_event_put                      0x0001b881   Thumb Code   232  app_scheduler.o(i.app_sched_event_put)
    app_sched_execute                        0x0001b979   Thumb Code    30  app_scheduler.o(i.app_sched_execute)
    app_sched_init                           0x0001b999   Thumb Code    40  app_scheduler.o(i.app_sched_init)
    app_timer_create                         0x0001b9c5   Thumb Code    44  app_timer.o(i.app_timer_create)
    app_timer_evt_schedule                   0x0001ba0d   Thumb Code    18  app_timer_appsh.o(i.app_timer_evt_schedule)
    app_timer_init                           0x0001ba25   Thumb Code   126  app_timer.o(i.app_timer_init)
    app_timer_start                          0x0001bab5   Thumb Code   114  app_timer.o(i.app_timer_start)
    app_timer_stop                           0x0001bb31   Thumb Code    78  app_timer.o(i.app_timer_stop)
    ble_advdata_set                          0x0001bd4d   Thumb Code   104  ble_advdata.o(i.ble_advdata_set)
    ble_advertising_init                     0x0001bdbd   Thumb Code   284  ble_advertising.o(i.ble_advertising_init)
    ble_advertising_on_ble_evt               0x0001bee1   Thumb Code   118  ble_advertising.o(i.ble_advertising_on_ble_evt)
    ble_advertising_on_sys_evt               0x0001bf5d   Thumb Code    42  ble_advertising.o(i.ble_advertising_on_sys_evt)
    ble_advertising_peer_addr_reply          0x0001bf8d   Thumb Code    44  ble_advertising.o(i.ble_advertising_peer_addr_reply)
    ble_advertising_restart_without_whitelist 0x0001bfcd   Thumb Code    56  ble_advertising.o(i.ble_advertising_restart_without_whitelist)
    ble_advertising_start                    0x0001c00d   Thumb Code   470  ble_advertising.o(i.ble_advertising_start)
    ble_advertising_whitelist_reply          0x0001c1ed   Thumb Code    74  ble_advertising.o(i.ble_advertising_whitelist_reply)
    ble_bas_battery_level_update             0x0001c241   Thumb Code   112  ble_bas.o(i.ble_bas_battery_level_update)
    ble_bas_init                             0x0001c2b5   Thumb Code    66  ble_bas.o(i.ble_bas_init)
    ble_bas_on_ble_evt                       0x0001c2fd   Thumb Code    94  ble_bas.o(i.ble_bas_on_ble_evt)
    ble_conn_params_init                     0x0001c35d   Thumb Code    68  ble_conn_params.o(i.ble_conn_params_init)
    ble_conn_params_on_ble_evt               0x0001c3b1   Thumb Code   132  ble_conn_params.o(i.ble_conn_params_on_ble_evt)
    ble_dis_init                             0x0001c4a1   Thumb Code   308  ble_dis.o(i.ble_dis_init)
    ble_hids_boot_kb_inp_rep_send            0x0001c61d   Thumb Code    74  ble_hids.o(i.ble_hids_boot_kb_inp_rep_send)
    ble_hids_init                            0x0001c66d   Thumb Code   296  ble_hids.o(i.ble_hids_init)
    ble_hids_inp_rep_send                    0x0001c79d   Thumb Code    92  ble_hids.o(i.ble_hids_inp_rep_send)
    ble_hids_on_ble_evt                      0x0001c7fd   Thumb Code   152  ble_hids.o(i.ble_hids_on_ble_evt)
    ble_hids_outp_rep_get                    0x0001c895   Thumb Code    38  ble_hids.o(i.ble_hids_outp_rep_get)
    ble_srv_ascii_to_utf8                    0x0001c8bb   Thumb Code    18  ble_srv_common.o(i.ble_srv_ascii_to_utf8)
    ble_srv_report_ref_encode                0x0001c8cd   Thumb Code    12  ble_srv_common.o(i.ble_srv_report_ref_encode)
    bond_data_load                           0x0001c955   Thumb Code    58  device_manager_peripheral.o(i.bond_data_load)
    bsp_btn_ble_init                         0x0001cad9   Thumb Code    80  bsp_btn_ble.o(i.bsp_btn_ble_init)
    bsp_btn_ble_on_ble_evt                   0x0001cb2d   Thumb Code   114  bsp_btn_ble.o(i.bsp_btn_ble_on_ble_evt)
    bsp_btn_ble_sleep_mode_prepare           0x0001cba5   Thumb Code    20  bsp_btn_ble.o(i.bsp_btn_ble_sleep_mode_prepare)
    bsp_button_is_pressed                    0x0001cc59   Thumb Code    34  bsp.o(i.bsp_button_is_pressed)
    bsp_event_to_button_action_assign        0x0001ccf1   Thumb Code    66  bsp.o(i.bsp_event_to_button_action_assign)
    bsp_indication_set                       0x0001cd39   Thumb Code    22  bsp.o(i.bsp_indication_set)
    bsp_init                                 0x0001cd55   Thumb Code   134  bsp.o(i.bsp_init)
    bsp_wakeup_buttons_set                   0x0001cfed   Thumb Code    50  bsp.o(i.bsp_wakeup_buttons_set)
    dm_ble_evt_handler                       0x0001d955   Thumb Code   960  device_manager_peripheral.o(i.dm_ble_evt_handler)
    dm_handle_initialize                     0x0001dd29   Thumb Code    22  device_manager_peripheral.o(i.dm_handle_initialize)
    dm_init                                  0x0001dd45   Thumb Code   174  device_manager_peripheral.o(i.dm_init)
    dm_peer_addr_get                         0x0001de09   Thumb Code   112  device_manager_peripheral.o(i.dm_peer_addr_get)
    dm_register                              0x0001dfe9   Thumb Code   104  device_manager_peripheral.o(i.dm_register)
    dm_service_context_set                   0x0001e05d   Thumb Code   144  device_manager_peripheral.o(i.dm_service_context_set)
    dm_whitelist_create                      0x0001e101   Thumb Code   164  device_manager_peripheral.o(i.dm_whitelist_create)
    intern_softdevice_events_execute         0x0001e8c1   Thumb Code   116  softdevice_handler.o(i.intern_softdevice_events_execute)
    main                                     0x0001ebf1   Thumb Code   358  main.o(i.main)
    nrf_drv_common_irq_enable                0x0001ef51   Thumb Code    78  nrf_drv_common.o(i.nrf_drv_common_irq_enable)
    nrf_drv_gpiote_in_event_enable           0x0001efb1   Thumb Code   138  nrf_drv_gpiote.o(i.nrf_drv_gpiote_in_event_enable)
    nrf_drv_gpiote_in_init                   0x0001f051   Thumb Code   146  nrf_drv_gpiote.o(i.nrf_drv_gpiote_in_init)
    nrf_drv_gpiote_in_is_set                 0x0001f0f5   Thumb Code    16  nrf_drv_gpiote.o(i.nrf_drv_gpiote_in_is_set)
    nrf_drv_gpiote_init                      0x0001f109   Thumb Code    76  nrf_drv_gpiote.o(i.nrf_drv_gpiote_init)
    nrf_drv_gpiote_is_init                   0x0001f15d   Thumb Code    12  nrf_drv_gpiote.o(i.nrf_drv_gpiote_is_init)
    pstorage_access_status_get               0x0001f719   Thumb Code    30  pstorage.o(i.pstorage_access_status_get)
    pstorage_block_identifier_get            0x0001f741   Thumb Code    74  pstorage.o(i.pstorage_block_identifier_get)
    pstorage_clear                           0x0001f795   Thumb Code   156  pstorage.o(i.pstorage_clear)
    pstorage_init                            0x0001f869   Thumb Code    68  pstorage.o(i.pstorage_init)
    pstorage_load                            0x0001f8b5   Thumb Code   158  pstorage.o(i.pstorage_load)
    pstorage_register                        0x0001f95d   Thumb Code   180  pstorage.o(i.pstorage_register)
    pstorage_store                           0x0001fa19   Thumb Code   134  pstorage.o(i.pstorage_store)
    pstorage_sys_event_handler               0x0001faa9   Thumb Code    72  pstorage.o(i.pstorage_sys_event_handler)
    pstorage_update                          0x0001faf5   Thumb Code   134  pstorage.o(i.pstorage_update)
    sd_check_ram_start                       0x0001fef5   Thumb Code    10  softdevice_handler.o(i.sd_check_ram_start)
    sensorsim_decrement                      0x0001ff81   Thumb Code    28  sensorsim.o(i.sensorsim_decrement)
    sensorsim_increment                      0x0001ff9d   Thumb Code    28  sensorsim.o(i.sensorsim_increment)
    sensorsim_init                           0x0001ffb9   Thumb Code    24  sensorsim.o(i.sensorsim_init)
    sensorsim_measure                        0x0001ffd1   Thumb Code    26  sensorsim.o(i.sensorsim_measure)
    softdevice_ble_evt_handler_set           0x000200f1   Thumb Code    16  softdevice_handler.o(i.softdevice_ble_evt_handler_set)
    softdevice_enable                        0x00020105   Thumb Code    14  softdevice_handler.o(i.softdevice_enable)
    softdevice_enable_get_default_config     0x00020119   Thumb Code    40  softdevice_handler.o(i.softdevice_enable_get_default_config)
    softdevice_evt_get                       0x00020141   Thumb Code    18  softdevice_handler_appsh.o(i.softdevice_evt_get)
    softdevice_evt_schedule                  0x00020155   Thumb Code    14  softdevice_handler_appsh.o(i.softdevice_evt_schedule)
    softdevice_fault_handler                 0x00020169   Thumb Code     8  softdevice_handler.o(i.softdevice_fault_handler)
    softdevice_handler_init                  0x00020171   Thumb Code    40  softdevice_handler.o(i.softdevice_handler_init)
    softdevice_sys_evt_handler_set           0x000201a1   Thumb Code    16  softdevice_handler.o(i.softdevice_sys_evt_handler_set)
    m_service_context_store                  0x0002092c   Data          16  device_manager_peripheral.o(.constdata)
    m_service_context_load                   0x0002093c   Data          16  device_manager_peripheral.o(.constdata)
    m_service_context_apply                  0x0002094c   Data          16  device_manager_peripheral.o(.constdata)
    Region$$Table$$Base                      0x0002098c   Number         0  anon$$obj.o(Region$$Table)
    Region$$Table$$Limit                     0x000209ac   Number         0  anon$$obj.o(Region$$Table)
    Image$$RW_IRAM1$$Base                    0x20001f00   Number         0  anon$$obj.o ABSOLUTE
    SystemCoreClock                          0x20001f9c   Data           4  system_nrf51.o(.data)
    __initial_sp                             0x200031a8   Data           0  arm_startup_nrf51.o(STACK)



==============================================================================

Memory Map of the image

  Image Entry point : 0x0001b0c1

  Load Region LR_IROM1 (Base: 0x0001b000, Size: 0x00005b60, Max: 0x00025000, ABSOLUTE, COMPRESSED[0x00005a20])

    Execution Region ER_IROM1 (Exec base: 0x0001b000, Load base: 0x0001b000, Size: 0x000059ac, Max: 0x00025000, ABSOLUTE)

    Exec Addr    Load Addr    Size         Type   Attr      Idx    E Section Name        Object

    0x0001b000   0x0001b000   0x000000c0   Data   RO          514    RESET               arm_startup_nrf51.o
    0x0001b0c0   0x0001b0c0   0x00000000   Code   RO         2903  * .ARM.Collect$$$$00000000  mc_p.l(entry.o)
    0x0001b0c0   0x0001b0c0   0x00000004   Code   RO         2950    .ARM.Collect$$$$00000001  mc_p.l(entry2.o)
    0x0001b0c4   0x0001b0c4   0x00000004   Code   RO         2953    .ARM.Collect$$$$00000004  mc_p.l(entry5.o)
    0x0001b0c8   0x0001b0c8   0x00000000   Code   RO         2955    .ARM.Collect$$$$00000008  mc_p.l(entry7b.o)
    0x0001b0c8   0x0001b0c8   0x00000000   Code   RO         2957    .ARM.Collect$$$$0000000A  mc_p.l(entry8b.o)
    0x0001b0c8   0x0001b0c8   0x00000008   Code   RO         2958    .ARM.Collect$$$$0000000B  mc_p.l(entry9a.o)
    0x0001b0d0   0x0001b0d0   0x00000000   Code   RO         2960    .ARM.Collect$$$$0000000D  mc_p.l(entry10a.o)
    0x0001b0d0   0x0001b0d0   0x00000000   Code   RO         2962    .ARM.Collect$$$$0000000F  mc_p.l(entry11a.o)
    0x0001b0d0   0x0001b0d0   0x00000004   Code   RO         2951    .ARM.Collect$$$$00002712  mc_p.l(entry2.o)
    0x0001b0d4   0x0001b0d4   0x0000001e   Code   RO         2446    .emb_text           app_timer.o
    0x0001b0f2   0x0001b0f2   0x00000002   PAD
    0x0001b0f4   0x0001b0f4   0x00000038   Code   RO          515    .text               arm_startup_nrf51.o
    0x0001b12c   0x0001b12c   0x0000002c   Code   RO         2906    .text               mc_p.l(uidiv.o)
    0x0001b158   0x0001b158   0x00000028   Code   RO         2908    .text               mc_p.l(idiv.o)
    0x0001b180   0x0001b180   0x00000024   Code   RO         2910    .text               mc_p.l(memcpya.o)
    0x0001b1a4   0x0001b1a4   0x00000024   Code   RO         2912    .text               mc_p.l(memseta.o)
    0x0001b1c8   0x0001b1c8   0x0000000e   Code   RO         2914    .text               mc_p.l(strlen.o)
    0x0001b1d6   0x0001b1d6   0x0000001a   Code   RO         2916    .text               mc_p.l(memcmp.o)
    0x0001b1f0   0x0001b1f0   0x00000024   Code   RO         2977    .text               mc_p.l(init.o)
    0x0001b214   0x0001b214   0x00000056   Code   RO         2997    .text               mc_p.l(__dczerorl2.o)
    0x0001b26a   0x0001b26a   0x00000002   PAD
    0x0001b26c   0x0001b26c   0x00000108   Code   RO         1721    i.GPIOTE_IRQHandler  nrf_drv_gpiote.o
    0x0001b374   0x0001b374   0x00000044   Code   RO         2447    i.NVIC_SetPriority  app_timer.o
    0x0001b3b8   0x0001b3b8   0x00000020   Code   RO         2448    i.RTC1_IRQHandler   app_timer.o
    0x0001b3d8   0x0001b3d8   0x00000008   Code   RO         2449    i.SWI0_IRQHandler   app_timer.o
    0x0001b3e0   0x0001b3e0   0x00000020   Code   RO         2792    i.SWI2_IRQHandler   softdevice_handler.o
    0x0001b400   0x0001b400   0x0000006c   Code   RO          522    i.SystemInit        system_nrf51.o
    0x0001b46c   0x0001b46c   0x00000008   Code   RO         1911    i.UART0_IRQHandler  nrf_drv_uart.o
    0x0001b474   0x0001b474   0x0000001a   Code   RO          145    i.__ARM_common_switch8  main.o
    0x0001b48e   0x0001b48e   0x0000000e   Code   RO         2991    i.__scatterload_copy  mc_p.l(handlers.o)
    0x0001b49c   0x0001b49c   0x00000002   Code   RO         2992    i.__scatterload_null  mc_p.l(handlers.o)
    0x0001b49e   0x0001b49e   0x0000000e   Code   RO         2993    i.__scatterload_zeroinit  mc_p.l(handlers.o)
    0x0001b4ac   0x0001b4ac   0x00000216   Code   RO          583    i.adv_data_encode   ble_advdata.o
    0x0001b6c2   0x0001b6c2   0x0000003c   Code   RO          471    i.advertising_buttons_configure  bsp_btn_ble.o
    0x0001b6fe   0x0001b6fe   0x00000002   PAD
    0x0001b700   0x0001b700   0x00000018   Code   RO          358    i.alert_timer_handler  bsp.o
    0x0001b718   0x0001b718   0x00000024   Code   RO         2218    i.app_button_enable  app_button.o
    0x0001b73c   0x0001b73c   0x00000074   Code   RO         2219    i.app_button_init   app_button.o
    0x0001b7b0   0x0001b7b0   0x0000001c   Code   RO         2287    i.app_error_fault_handler  app_error.o
    0x0001b7cc   0x0001b7cc   0x00000018   Code   RO         2289    i.app_error_handler_bare  app_error.o
    0x0001b7e4   0x0001b7e4   0x0000000c   Code   RO         1066    i.app_evt_notify    device_manager_peripheral.o
    0x0001b7f0   0x0001b7f0   0x0000002c   Code   RO         1419    i.app_notify        pstorage.o
    0x0001b81c   0x0001b81c   0x00000020   Code   RO         1420    i.app_notify_error_state_transit  pstorage.o
    0x0001b83c   0x0001b83c   0x00000044   Code   RO         2398    i.app_sched_event_get  app_scheduler.o
    0x0001b880   0x0001b880   0x000000f8   Code   RO         2399    i.app_sched_event_put  app_scheduler.o
    0x0001b978   0x0001b978   0x0000001e   Code   RO         2400    i.app_sched_execute  app_scheduler.o
    0x0001b996   0x0001b996   0x00000002   PAD
    0x0001b998   0x0001b998   0x0000002c   Code   RO         2401    i.app_sched_init    app_scheduler.o
    0x0001b9c4   0x0001b9c4   0x00000030   Code   RO         2452    i.app_timer_create  app_timer.o
    0x0001b9f4   0x0001b9f4   0x00000016   Code   RO         2586    i.app_timer_evt_get  app_timer_appsh.o
    0x0001ba0a   0x0001ba0a   0x00000002   PAD
    0x0001ba0c   0x0001ba0c   0x00000018   Code   RO         2587    i.app_timer_evt_schedule  app_timer_appsh.o
    0x0001ba24   0x0001ba24   0x00000090   Code   RO         2453    i.app_timer_init    app_timer.o
    0x0001bab4   0x0001bab4   0x0000007c   Code   RO         2454    i.app_timer_start   app_timer.o
    0x0001bb30   0x0001bb30   0x00000054   Code   RO         2455    i.app_timer_stop    app_timer.o
    0x0001bb84   0x0001bb84   0x00000050   Code   RO            4    i.bas_init          main.o
    0x0001bbd4   0x0001bbd4   0x00000138   Code   RO          815    i.battery_level_char_add  ble_bas.o
    0x0001bd0c   0x0001bd0c   0x00000040   Code   RO            5    i.battery_level_meas_timeout_handler  main.o
    0x0001bd4c   0x0001bd4c   0x00000068   Code   RO          584    i.ble_advdata_set   ble_advdata.o
    0x0001bdb4   0x0001bdb4   0x00000008   Code   RO            6    i.ble_advertising_error_handler  main.o
    0x0001bdbc   0x0001bdbc   0x00000124   Code   RO          664    i.ble_advertising_init  ble_advertising.o
    0x0001bee0   0x0001bee0   0x0000007c   Code   RO          665    i.ble_advertising_on_ble_evt  ble_advertising.o
    0x0001bf5c   0x0001bf5c   0x00000030   Code   RO          666    i.ble_advertising_on_sys_evt  ble_advertising.o
    0x0001bf8c   0x0001bf8c   0x00000030   Code   RO          667    i.ble_advertising_peer_addr_reply  ble_advertising.o
    0x0001bfbc   0x0001bfbc   0x00000010   Code   RO          668    i.ble_advertising_peer_address_clear  ble_advertising.o
    0x0001bfcc   0x0001bfcc   0x00000040   Code   RO          669    i.ble_advertising_restart_without_whitelist  ble_advertising.o
    0x0001c00c   0x0001c00c   0x000001e0   Code   RO          670    i.ble_advertising_start  ble_advertising.o
    0x0001c1ec   0x0001c1ec   0x00000054   Code   RO          671    i.ble_advertising_whitelist_reply  ble_advertising.o
    0x0001c240   0x0001c240   0x00000074   Code   RO          816    i.ble_bas_battery_level_update  ble_bas.o
    0x0001c2b4   0x0001c2b4   0x00000048   Code   RO          817    i.ble_bas_init      ble_bas.o
    0x0001c2fc   0x0001c2fc   0x0000005e   Code   RO          818    i.ble_bas_on_ble_evt  ble_bas.o
    0x0001c35a   0x0001c35a   0x00000002   PAD
    0x0001c35c   0x0001c35c   0x00000054   Code   RO          745    i.ble_conn_params_init  ble_conn_params.o
    0x0001c3b0   0x0001c3b0   0x00000090   Code   RO          746    i.ble_conn_params_on_ble_evt  ble_conn_params.o
    0x0001c440   0x0001c440   0x0000005e   Code   RO          585    i.ble_device_addr_encode  ble_advdata.o
    0x0001c49e   0x0001c49e   0x00000002   PAD
    0x0001c4a0   0x0001c4a0   0x00000140   Code   RO          855    i.ble_dis_init      ble_dis.o
    0x0001c5e0   0x0001c5e0   0x0000003c   Code   RO            7    i.ble_evt_dispatch  main.o
    0x0001c61c   0x0001c61c   0x00000050   Code   RO          895    i.ble_hids_boot_kb_inp_rep_send  ble_hids.o
    0x0001c66c   0x0001c66c   0x00000130   Code   RO          897    i.ble_hids_init     ble_hids.o
    0x0001c79c   0x0001c79c   0x00000060   Code   RO          898    i.ble_hids_inp_rep_send  ble_hids.o
    0x0001c7fc   0x0001c7fc   0x00000098   Code   RO          899    i.ble_hids_on_ble_evt  ble_hids.o
    0x0001c894   0x0001c894   0x00000026   Code   RO          900    i.ble_hids_outp_rep_get  ble_hids.o
    0x0001c8ba   0x0001c8ba   0x00000012   Code   RO         1023    i.ble_srv_ascii_to_utf8  ble_srv_common.o
    0x0001c8cc   0x0001c8cc   0x0000000c   Code   RO         1024    i.ble_srv_report_ref_encode  ble_srv_common.o
    0x0001c8d8   0x0001c8d8   0x0000007c   Code   RO            8    i.ble_stack_init    main.o
    0x0001c954   0x0001c954   0x00000048   Code   RO         1067    i.bond_data_load    device_manager_peripheral.o
    0x0001c99c   0x0001c99c   0x000000ae   Code   RO          901    i.boot_inp_rep_char_add  ble_hids.o
    0x0001ca4a   0x0001ca4a   0x00000002   PAD
    0x0001ca4c   0x0001ca4c   0x0000008c   Code   RO          902    i.boot_kb_outp_rep_char_add  ble_hids.o
    0x0001cad8   0x0001cad8   0x00000054   Code   RO          472    i.bsp_btn_ble_init  bsp_btn_ble.o
    0x0001cb2c   0x0001cb2c   0x00000078   Code   RO          473    i.bsp_btn_ble_on_ble_evt  bsp_btn_ble.o
    0x0001cba4   0x0001cba4   0x00000014   Code   RO          474    i.bsp_btn_ble_sleep_mode_prepare  bsp_btn_ble.o
    0x0001cbb8   0x0001cbb8   0x000000a0   Code   RO          359    i.bsp_button_event_handler  bsp.o
    0x0001cc58   0x0001cc58   0x0000002c   Code   RO          360    i.bsp_button_is_pressed  bsp.o
    0x0001cc84   0x0001cc84   0x0000006c   Code   RO            9    i.bsp_event_handler  main.o
    0x0001ccf0   0x0001ccf0   0x00000048   Code   RO          364    i.bsp_event_to_button_action_assign  bsp.o
    0x0001cd38   0x0001cd38   0x0000001c   Code   RO          365    i.bsp_indication_set  bsp.o
    0x0001cd54   0x0001cd54   0x000000a0   Code   RO          367    i.bsp_init          bsp.o
    0x0001cdf4   0x0001cdf4   0x000001f8   Code   RO          368    i.bsp_led_indication  bsp.o
    0x0001cfec   0x0001cfec   0x0000003c   Code   RO          369    i.bsp_wakeup_buttons_set  bsp.o
    0x0001d028   0x0001d028   0x00000070   Code   RO           10    i.buffer_dequeue    main.o
    0x0001d098   0x0001d098   0x00000044   Code   RO           11    i.buffer_enqueue    main.o
    0x0001d0dc   0x0001d0dc   0x0000000c   Code   RO          370    i.button_timer_handler  bsp.o
    0x0001d0e8   0x0001d0e8   0x0000001c   Code   RO         1722    i.channel_free      nrf_drv_gpiote.o
    0x0001d104   0x0001d104   0x00000048   Code   RO         1723    i.channel_port_alloc  nrf_drv_gpiote.o
    0x0001d14c   0x0001d14c   0x00000010   Code   RO         1724    i.channel_port_get  nrf_drv_gpiote.o
    0x0001d15c   0x0001d15c   0x00000098   Code   RO          856    i.char_add          ble_dis.o
    0x0001d1f4   0x0001d1f4   0x00000104   Code   RO         1421    i.clear_operation_execute  pstorage.o
    0x0001d2f8   0x0001d2f8   0x00000024   Code   RO         1422    i.clear_post_processing_run  pstorage.o
    0x0001d31c   0x0001d31c   0x00000038   Code   RO         1423    i.cmd_process       pstorage.o
    0x0001d354   0x0001d354   0x00000020   Code   RO         1424    i.cmd_queue_element_init  pstorage.o
    0x0001d374   0x0001d374   0x0000004c   Code   RO         1425    i.cmd_queue_enqueue  pstorage.o
    0x0001d3c0   0x0001d3c0   0x0000003c   Code   RO         1426    i.command_end_procedure_run  pstorage.o
    0x0001d3fc   0x0001d3fc   0x000000a8   Code   RO         2457    i.compare_reg_update  app_timer.o
    0x0001d4a4   0x0001d4a4   0x00000088   Code   RO          586    i.conn_int_encode   ble_advdata.o
    0x0001d52c   0x0001d52c   0x00000008   Code   RO           12    i.conn_params_error_handler  main.o
    0x0001d534   0x0001d534   0x00000068   Code   RO          748    i.conn_params_negotiation  ble_conn_params.o
    0x0001d59c   0x0001d59c   0x00000030   Code   RO         1068    i.connection_instance_find  device_manager_peripheral.o
    0x0001d5cc   0x0001d5cc   0x00000024   Code   RO         1069    i.connection_instance_init  device_manager_peripheral.o
    0x0001d5f0   0x0001d5f0   0x00000054   Code   RO         1427    i.data_page_erase_state_run  pstorage.o
    0x0001d644   0x0001d644   0x00000028   Code   RO         1428    i.data_to_swap_write_state_run  pstorage.o
    0x0001d66c   0x0001d66c   0x00000060   Code   RO         2221    i.detection_delay_timeout_handler  app_button.o
    0x0001d6cc   0x0001d6cc   0x000000b0   Code   RO         1070    i.device_context_store  device_manager_peripheral.o
    0x0001d77c   0x0001d77c   0x00000054   Code   RO         1071    i.device_instance_allocate  device_manager_peripheral.o
    0x0001d7d0   0x0001d7d0   0x00000048   Code   RO         1072    i.device_instance_find  device_manager_peripheral.o
    0x0001d818   0x0001d818   0x0000002c   Code   RO         1073    i.device_instance_free  device_manager_peripheral.o
    0x0001d844   0x0001d844   0x0000002c   Code   RO           13    i.device_manager_evt_handler  main.o
    0x0001d870   0x0001d870   0x00000078   Code   RO           14    i.device_manager_init  main.o
    0x0001d8e8   0x0001d8e8   0x0000006c   Code   RO           15    i.dis_init          main.o
    0x0001d954   0x0001d954   0x000003d4   Code   RO         1078    i.dm_ble_evt_handler  device_manager_peripheral.o
    0x0001dd28   0x0001dd28   0x0000001c   Code   RO         1084    i.dm_handle_initialize  device_manager_peripheral.o
    0x0001dd44   0x0001dd44   0x000000c4   Code   RO         1085    i.dm_init           device_manager_peripheral.o
    0x0001de08   0x0001de08   0x00000080   Code   RO         1086    i.dm_peer_addr_get  device_manager_peripheral.o
    0x0001de88   0x0001de88   0x00000160   Code   RO         1088    i.dm_pstorage_cb_handler  device_manager_peripheral.o
    0x0001dfe8   0x0001dfe8   0x00000074   Code   RO         1089    i.dm_register       device_manager_peripheral.o
    0x0001e05c   0x0001e05c   0x000000a4   Code   RO         1094    i.dm_service_context_set  device_manager_peripheral.o
    0x0001e100   0x0001e100   0x000000b4   Code   RO         1095    i.dm_whitelist_create  device_manager_peripheral.o
    0x0001e1b4   0x0001e1b4   0x00000040   Code   RO         2458    i.elapsed_ticks_acquire  app_timer.o
    0x0001e1f4   0x0001e1f4   0x00000062   Code   RO          903    i.feature_rep_characteristics_add  ble_hids.o
    0x0001e256   0x0001e256   0x00000002   PAD
    0x0001e258   0x0001e258   0x00000020   Code   RO         1429    i.flash_api_err_code_process  pstorage.o
    0x0001e278   0x0001e278   0x00000080   Code   RO         1430    i.flash_operation_success_run  pstorage.o
    0x0001e2f8   0x0001e2f8   0x0000000a   Code   RO         1431    i.flash_page_erase  pstorage.o
    0x0001e302   0x0001e302   0x0000000a   Code   RO         1432    i.flash_write       pstorage.o
    0x0001e30c   0x0001e30c   0x0000005c   Code   RO           16    i.gap_params_init   main.o
    0x0001e368   0x0001e368   0x00000004   Code   RO         1096    i.gattc_context_apply  device_manager_peripheral.o
    0x0001e36c   0x0001e36c   0x00000004   Code   RO         1097    i.gattc_context_load  device_manager_peripheral.o
    0x0001e370   0x0001e370   0x00000004   Code   RO         1098    i.gattc_context_store  device_manager_peripheral.o
    0x0001e374   0x0001e374   0x000000b0   Code   RO         1099    i.gatts_context_apply  device_manager_peripheral.o
    0x0001e424   0x0001e424   0x00000030   Code   RO         1100    i.gatts_context_load  device_manager_peripheral.o
    0x0001e454   0x0001e454   0x000000ac   Code   RO         1101    i.gatts_context_store  device_manager_peripheral.o
    0x0001e500   0x0001e500   0x00000008   Code   RO         1102    i.gattsc_context_apply  device_manager_peripheral.o
    0x0001e508   0x0001e508   0x00000008   Code   RO         1103    i.gattsc_context_load  device_manager_peripheral.o
    0x0001e510   0x0001e510   0x00000008   Code   RO         1104    i.gattsc_context_store  device_manager_peripheral.o
    0x0001e518   0x0001e518   0x00000050   Code   RO         2222    i.gpiote_event_handler  app_button.o
    0x0001e568   0x0001e568   0x00000078   Code   RO         1433    i.head_restore_state_run  pstorage.o
    0x0001e5e0   0x0001e5e0   0x0000008c   Code   RO          904    i.hid_control_point_char_add  ble_hids.o
    0x0001e66c   0x0001e66c   0x000000a0   Code   RO          905    i.hid_information_char_add  ble_hids.o
    0x0001e70c   0x0001e70c   0x00000138   Code   RO           17    i.hids_init         main.o
    0x0001e844   0x0001e844   0x0000007a   Code   RO          906    i.inp_rep_characteristics_add  ble_hids.o
    0x0001e8be   0x0001e8be   0x00000002   PAD
    0x0001e8c0   0x0001e8c0   0x00000078   Code   RO         2793    i.intern_softdevice_events_execute  softdevice_handler.o
    0x0001e938   0x0001e938   0x0000001c   Code   RO          749    i.is_conn_params_ok  ble_conn_params.o
    0x0001e954   0x0001e954   0x00000044   Code   RO         1434    i.is_page_erase_required  pstorage.o
    0x0001e998   0x0001e998   0x0000000c   Code   RO         1435    i.is_word_aligned   pstorage.o
    0x0001e9a4   0x0001e9a4   0x00000050   Code   RO           18    i.keys_send         main.o
    0x0001e9f4   0x0001e9f4   0x00000054   Code   RO          587    i.le_role_encode    ble_advdata.o
    0x0001ea48   0x0001ea48   0x00000018   Code   RO          371    i.leds_timer_handler  bsp.o
    0x0001ea60   0x0001ea60   0x000000bc   Code   RO         2459    i.list_deletions_handler  app_timer.o
    0x0001eb1c   0x0001eb1c   0x000000d4   Code   RO         2460    i.list_insertions_handler  app_timer.o
    0x0001ebf0   0x0001ebf0   0x00000198   Code   RO           19    i.main              main.o
    0x0001ed88   0x0001ed88   0x00000018   Code   RO         1436    i.main_state_err_busy_process  pstorage.o
    0x0001eda0   0x0001eda0   0x00000012   Code   RO          907    i.make_char_id      ble_hids.o
    0x0001edb2   0x0001edb2   0x00000068   Code   RO          588    i.manuf_specific_data_encode  ble_advdata.o
    0x0001ee1a   0x0001ee1a   0x0000009e   Code   RO          589    i.name_encode       ble_advdata.o
    0x0001eeb8   0x0001eeb8   0x00000004   Code   RO         1105    i.no_service_context_apply  device_manager_peripheral.o
    0x0001eebc   0x0001eebc   0x00000004   Code   RO         1106    i.no_service_context_load  device_manager_peripheral.o
    0x0001eec0   0x0001eec0   0x00000004   Code   RO         1107    i.no_service_context_store  device_manager_peripheral.o
    0x0001eec4   0x0001eec4   0x0000002c   Code   RO          523    i.nrf51_errata_26   system_nrf51.o
    0x0001eef0   0x0001eef0   0x0000002c   Code   RO          524    i.nrf51_errata_59   system_nrf51.o
    0x0001ef1c   0x0001ef1c   0x00000034   Code   RO          525    i.nrf51_errata_76   system_nrf51.o
    0x0001ef50   0x0001ef50   0x00000060   Code   RO         1661    i.nrf_drv_common_irq_enable  nrf_drv_common.o
    0x0001efb0   0x0001efb0   0x000000a0   Code   RO         1727    i.nrf_drv_gpiote_in_event_enable  nrf_drv_gpiote.o
    0x0001f050   0x0001f050   0x000000a4   Code   RO         1728    i.nrf_drv_gpiote_in_init  nrf_drv_gpiote.o
    0x0001f0f4   0x0001f0f4   0x00000014   Code   RO         1729    i.nrf_drv_gpiote_in_is_set  nrf_drv_gpiote.o
    0x0001f108   0x0001f108   0x00000054   Code   RO         1731    i.nrf_drv_gpiote_init  nrf_drv_gpiote.o
    0x0001f15c   0x0001f15c   0x00000010   Code   RO         1732    i.nrf_drv_gpiote_is_init  nrf_drv_gpiote.o
    0x0001f16c   0x0001f16c   0x00000024   Code   RO         1744    i.nrf_gpio_cfg      nrf_drv_gpiote.o
    0x0001f190   0x0001f190   0x00000020   Code   RO         1746    i.nrf_gpio_cfg_sense_set  nrf_drv_gpiote.o
    0x0001f1b0   0x0001f1b0   0x00000014   Code   RO         1747    i.nrf_gpiote_event_is_set  nrf_drv_gpiote.o
    0x0001f1c4   0x0001f1c4   0x0000000a   Code   RO         1927    i.nrf_uart_event_check  nrf_drv_uart.o
    0x0001f1ce   0x0001f1ce   0x00000010   Code   RO         1928    i.nrf_uart_int_enable_check  nrf_drv_uart.o
    0x0001f1de   0x0001f1de   0x00000002   PAD
    0x0001f1e0   0x0001f1e0   0x00000094   Code   RO           20    i.on_adv_evt        main.o
    0x0001f274   0x0001f274   0x000000a8   Code   RO           21    i.on_ble_evt        main.o
    0x0001f31c   0x0001f31c   0x0000007c   Code   RO           22    i.on_hid_rep_char_write  main.o
    0x0001f398   0x0001f398   0x00000068   Code   RO           23    i.on_hids_evt       main.o
    0x0001f400   0x0001f400   0x0000003c   Code   RO          908    i.on_report_cccd_write  ble_hids.o
    0x0001f43c   0x0001f43c   0x0000002e   Code   RO          909    i.on_report_value_write  ble_hids.o
    0x0001f46a   0x0001f46a   0x00000002   PAD
    0x0001f46c   0x0001f46c   0x0000010c   Code   RO          910    i.on_write          ble_hids.o
    0x0001f578   0x0001f578   0x00000062   Code   RO          911    i.outp_rep_characteristics_add  ble_hids.o
    0x0001f5da   0x0001f5da   0x00000016   Code   RO          672    i.peer_address_exists  ble_advertising.o
    0x0001f5f0   0x0001f5f0   0x00000038   Code   RO         1108    i.peer_instance_init  device_manager_peripheral.o
    0x0001f628   0x0001f628   0x00000018   Code   RO         1748    i.pin_in_use_by_port  nrf_drv_gpiote.o
    0x0001f640   0x0001f640   0x00000018   Code   RO         1749    i.pin_in_use_by_te  nrf_drv_gpiote.o
    0x0001f658   0x0001f658   0x00000036   Code   RO          857    i.pnp_id_encode     ble_dis.o
    0x0001f68e   0x0001f68e   0x00000002   PAD
    0x0001f690   0x0001f690   0x00000088   Code   RO          912    i.protocol_mode_char_add  ble_hids.o
    0x0001f718   0x0001f718   0x00000028   Code   RO         1437    i.pstorage_access_status_get  pstorage.o
    0x0001f740   0x0001f740   0x00000054   Code   RO         1438    i.pstorage_block_identifier_get  pstorage.o
    0x0001f794   0x0001f794   0x000000a4   Code   RO         1439    i.pstorage_clear    pstorage.o
    0x0001f838   0x0001f838   0x00000024   Code   RO         1440    i.pstorage_flash_page_end  pstorage.o
    0x0001f85c   0x0001f85c   0x0000000a   Code   RO         1441    i.pstorage_flash_page_size  pstorage.o
    0x0001f866   0x0001f866   0x00000002   PAD
    0x0001f868   0x0001f868   0x0000004c   Code   RO         1442    i.pstorage_init     pstorage.o
    0x0001f8b4   0x0001f8b4   0x000000a8   Code   RO         1443    i.pstorage_load     pstorage.o
    0x0001f95c   0x0001f95c   0x000000bc   Code   RO         1444    i.pstorage_register  pstorage.o
    0x0001fa18   0x0001fa18   0x00000090   Code   RO         1445    i.pstorage_store    pstorage.o
    0x0001faa8   0x0001faa8   0x0000004c   Code   RO         1446    i.pstorage_sys_event_handler  pstorage.o
    0x0001faf4   0x0001faf4   0x00000090   Code   RO         1447    i.pstorage_update   pstorage.o
    0x0001fb84   0x0001fb84   0x00000118   Code   RO          913    i.rep_char_add      ble_hids.o
    0x0001fc9c   0x0001fc9c   0x00000138   Code   RO          914    i.rep_map_char_add  ble_hids.o
    0x0001fdd4   0x0001fdd4   0x00000088   Code   RO          915    i.rep_value_identify  ble_hids.o
    0x0001fe5c   0x0001fe5c   0x00000044   Code   RO         2461    i.rtc1_stop         app_timer.o
    0x0001fea0   0x0001fea0   0x00000038   Code   RO         1929    i.rx_byte           nrf_drv_uart.o
    0x0001fed8   0x0001fed8   0x0000001c   Code   RO         1930    i.rx_done_event     nrf_drv_uart.o
    0x0001fef4   0x0001fef4   0x00000010   Code   RO         2794    i.sd_check_ram_start  softdevice_handler.o
    0x0001ff04   0x0001ff04   0x0000007c   Code   RO           24    i.send_key_scan_press_release  main.o
    0x0001ff80   0x0001ff80   0x0000001c   Code   RO         2758    i.sensorsim_decrement  sensorsim.o
    0x0001ff9c   0x0001ff9c   0x0000001c   Code   RO         2759    i.sensorsim_increment  sensorsim.o
    0x0001ffb8   0x0001ffb8   0x00000018   Code   RO         2760    i.sensorsim_init    sensorsim.o
    0x0001ffd0   0x0001ffd0   0x0000001a   Code   RO         2761    i.sensorsim_measure  sensorsim.o
    0x0001ffea   0x0001ffea   0x0000008e   Code   RO          590    i.service_data_encode  ble_advdata.o
    0x00020078   0x00020078   0x00000008   Code   RO           25    i.service_error_handler  main.o
    0x00020080   0x00020080   0x00000028   Code   RO           26    i.sleep_mode_enter  main.o
    0x000200a8   0x000200a8   0x00000048   Code   RO         1448    i.sm_state_change   pstorage.o
    0x000200f0   0x000200f0   0x00000014   Code   RO         2795    i.softdevice_ble_evt_handler_set  softdevice_handler.o
    0x00020104   0x00020104   0x00000014   Code   RO         2796    i.softdevice_enable  softdevice_handler.o
    0x00020118   0x00020118   0x00000028   Code   RO         2797    i.softdevice_enable_get_default_config  softdevice_handler.o
    0x00020140   0x00020140   0x00000012   Code   RO         2879    i.softdevice_evt_get  softdevice_handler_appsh.o
    0x00020152   0x00020152   0x00000002   PAD
    0x00020154   0x00020154   0x00000014   Code   RO         2880    i.softdevice_evt_schedule  softdevice_handler_appsh.o
    0x00020168   0x00020168   0x00000008   Code   RO         2798    i.softdevice_fault_handler  softdevice_handler.o
    0x00020170   0x00020170   0x00000030   Code   RO         2799    i.softdevice_handler_init  softdevice_handler.o
    0x000201a0   0x000201a0   0x00000014   Code   RO         2802    i.softdevice_sys_evt_handler_set  softdevice_handler.o
    0x000201b4   0x000201b4   0x00000064   Code   RO         1449    i.state_data_erase_swap_entry_run  pstorage.o
    0x00020218   0x00020218   0x00000010   Code   RO         1450    i.state_erase_data_page_entry_run  pstorage.o
    0x00020228   0x00020228   0x00000028   Code   RO         1451    i.state_restore_head_entry_run  pstorage.o
    0x00020250   0x00020250   0x0000004c   Code   RO         1452    i.state_restore_tail_entry_run  pstorage.o
    0x0002029c   0x0002029c   0x00000020   Code   RO         1453    i.state_swap_erase_entry_run  pstorage.o
    0x000202bc   0x000202bc   0x00000030   Code   RO         1454    i.state_write_data_swap_entry_run  pstorage.o
    0x000202ec   0x000202ec   0x00000004   Code   RO         1109    i.storage_operation_dummy_handler  device_manager_peripheral.o
    0x000202f0   0x000202f0   0x0000005c   Code   RO         1455    i.store_cmd_flash_write_execute  pstorage.o
    0x0002034c   0x0002034c   0x0000001c   Code   RO         1456    i.swap_erase_state_run  pstorage.o
    0x00020368   0x00020368   0x00000018   Code   RO         1457    i.swap_sub_state_err_busy_process  pstorage.o
    0x00020380   0x00020380   0x00000014   Code   RO         1458    i.swap_sub_state_state_change  pstorage.o
    0x00020394   0x00020394   0x00000010   Code   RO           27    i.sys_evt_dispatch  main.o
    0x000203a4   0x000203a4   0x0000004e   Code   RO          858    i.sys_id_encode     ble_dis.o
    0x000203f2   0x000203f2   0x00000002   PAD
    0x000203f4   0x000203f4   0x0000001c   Code   RO         1459    i.tail_restore_state_run  pstorage.o
    0x00020410   0x00020410   0x00000084   Code   RO         2462    i.timer_list_handler  app_timer.o
    0x00020494   0x00020494   0x00000010   Code   RO         2463    i.timer_list_handler_sched  app_timer.o
    0x000204a4   0x000204a4   0x00000040   Code   RO         2464    i.timer_list_insert  app_timer.o
    0x000204e4   0x000204e4   0x00000080   Code   RO         2465    i.timer_timeouts_check  app_timer.o
    0x00020564   0x00020564   0x0000002c   Code   RO         1932    i.tx_byte           nrf_drv_uart.o
    0x00020590   0x00020590   0x00000020   Code   RO         1933    i.tx_done_event     nrf_drv_uart.o
    0x000205b0   0x000205b0   0x00000128   Code   RO         1934    i.uart_irq_handler  nrf_drv_uart.o
    0x000206d8   0x000206d8   0x0000000a   Code   RO          591    i.uint16_encode     ble_advdata.o
    0x000206e2   0x000206e2   0x00000002   PAD
    0x000206e4   0x000206e4   0x00000014   Code   RO         1110    i.update_status_bit_reset  device_manager_peripheral.o
    0x000206f8   0x000206f8   0x00000064   Code   RO          750    i.update_timeout_handler  ble_conn_params.o
    0x0002075c   0x0002075c   0x00000054   Code   RO         2466    i.user_id_get       app_timer.o
    0x000207b0   0x000207b0   0x00000026   Code   RO         2467    i.user_op_alloc     app_timer.o
    0x000207d6   0x000207d6   0x00000030   Code   RO          592    i.uuid_list_encode  ble_advdata.o
    0x00020806   0x00020806   0x000000ae   Code   RO          593    i.uuid_list_sized_encode  ble_advdata.o
    0x000208b4   0x000208b4   0x00000010   Code   RO          673    i.whitelist_has_entries  ble_advertising.o
    0x000208c4   0x000208c4   0x00000028   Data   RO           30    .constdata          main.o
    0x000208ec   0x000208ec   0x0000003c   Data   RO          376    .constdata          bsp.o
    0x00020928   0x00020928   0x00000004   Data   RO          753    .constdata          ble_conn_params.o
    0x0002092c   0x0002092c   0x00000030   Data   RO         1112    .constdata          device_manager_peripheral.o
    0x0002095c   0x0002095c   0x00000028   Data   RO         1461    .constdata          pstorage.o
    0x00020984   0x00020984   0x00000008   Data   RO         2224    .constdata          app_button.o
    0x0002098c   0x0002098c   0x00000020   Data   RO         2989    Region$$Table       anon$$obj.o


    Execution Region RW_IRAM1 (Exec base: 0x20001f00, Load base: 0x000209ac, Size: 0x000012a8, Max: 0x00006100, ABSOLUTE, COMPRESSED[0x00000074])

    Exec Addr    Load Addr    Size         Type   Attr      Idx    E Section Name        Object

    0x20001f00   COMPRESSED   0x0000007c   Data   RW           31    .data               main.o
    0x20001f7c   COMPRESSED   0x00000018   Data   RW          377    .data               bsp.o
    0x20001f94   COMPRESSED   0x00000008   Data   RW          475    .data               bsp_btn_ble.o
    0x20001f9c   COMPRESSED   0x00000004   Data   RW          526    .data               system_nrf51.o
    0x20001fa0   COMPRESSED   0x0000001f   Data   RW          675    .data               ble_advertising.o
    0x20001fbf   COMPRESSED   0x00000001   PAD
    0x20001fc0   COMPRESSED   0x00000014   Data   RW          754    .data               ble_conn_params.o
    0x20001fd4   COMPRESSED   0x0000004a   Data   RW          859    .data               ble_dis.o
    0x2000201e   COMPRESSED   0x00000002   PAD
    0x20002020   COMPRESSED   0x00000018   Data   RW         1114    .data               device_manager_peripheral.o
    0x20002038   COMPRESSED   0x00000024   Data   RW         1462    .data               pstorage.o
    0x2000205c   COMPRESSED   0x00000014   Data   RW         2225    .data               app_button.o
    0x20002070   COMPRESSED   0x00000010   Data   RW         2402    .data               app_scheduler.o
    0x20002080   COMPRESSED   0x00000020   Data   RW         2468    .data               app_timer.o
    0x200020a0   COMPRESSED   0x00000014   Data   RW         2803    .data               softdevice_handler.o
    0x200020b4        -       0x00000020   Zero   RW           28    .bss                main.o
    0x200020d4        -       0x000004a0   Zero   RW           29    .bss                main.o
    0x20002574        -       0x00000020   Zero   RW          372    .bss                bsp.o
    0x20002594        -       0x00000020   Zero   RW          373    .bss                bsp.o
    0x200025b4        -       0x0000000c   Zero   RW          374    .bss                bsp.o
    0x200025c0        -       0x00000020   Zero   RW          375    .bss                bsp.o
    0x200025e0        -       0x00000103   Zero   RW          674    .bss                ble_advertising.o
    0x200026e3   COMPRESSED   0x00000001   PAD
    0x200026e4        -       0x00000020   Zero   RW          751    .bss                ble_conn_params.o
    0x20002704        -       0x0000001c   Zero   RW          752    .bss                ble_conn_params.o
    0x20002720        -       0x0000012b   Zero   RW         1111    .bss                device_manager_peripheral.o
    0x2000284b   COMPRESSED   0x00000001   PAD
    0x2000284c        -       0x000000d8   Zero   RW         1460    .bss                pstorage.o
    0x20002924        -       0x00000048   Zero   RW         1750    .bss                nrf_drv_gpiote.o
    0x2000296c        -       0x0000001c   Zero   RW         1935    .bss                nrf_drv_uart.o
    0x20002988        -       0x00000020   Zero   RW         2223    .bss                app_button.o
    0x200029a8        -       0x00000800   Zero   RW          512    STACK               arm_startup_nrf51.o


==============================================================================

Image component sizes


      Code (inc. data)   RO Data    RW Data    ZI Data      Debug   Object Name

       328         34          8         20         32      11514   app_button.o
        52         16          0          0          0       9239   app_error.o
       390         26          0         16          0      14931   app_scheduler.o
      1700        152          0         32          0      26779   app_timer.o
        46          6          0          0          0       2469   app_timer_appsh.o
        56         18        192          0       2048        684   arm_startup_nrf51.o
      1588          6          0          0          0      19088   ble_advdata.o
      1194         56          0         31        259      14949   ble_advertising.o
       594         20          0          0          0       6303   ble_bas.o
       460         58          4         20         60      13092   ble_conn_params.o
       604         16          0         74          0       5551   ble_dis.o
      2858         68          0          0          0      25738   ble_hids.o
        30          0          0          0          0       2220   ble_srv_common.o
      1088        118         60         24        108      10081   bsp.o
       284         10          0          8          0       4737   bsp_btn_ble.o
      3212        248         48         24        299      34291   device_manager_peripheral.o
      2554        272         40        124       1216     119283   main.o
        96         18          0          0          0       8660   nrf_drv_common.o
       960        128          0          0         72      21656   nrf_drv_gpiote.o
       490         58          0          0         28      14091   nrf_drv_uart.o
      2830        262         40         36        216      35606   pstorage.o
       106          0          0          0          0       2943   sensorsim.o
       324         36          0         20          0       8872   softdevice_handler.o
        38          6          0          0          0       1903   softdevice_handler_appsh.o
       248         78          0          4          0       8883   system_nrf51.o

    ----------------------------------------------------------------------
     22162       1710        424        436       4340     423563   Object Totals
         0          0         32          0          0          0   (incl. Generated)
        32          0          0          3          2          0   (incl. Padding)

    ----------------------------------------------------------------------

      Code (inc. data)   RO Data    RW Data    ZI Data      Debug   Library Member Name

        86          0          0          0          0          0   __dczerorl2.o
         0          0          0          0          0          0   entry.o
         0          0          0          0          0          0   entry10a.o
         0          0          0          0          0          0   entry11a.o
         8          4          0          0          0          0   entry2.o
         4          0          0          0          0          0   entry5.o
         0          0          0          0          0          0   entry7b.o
         0          0          0          0          0          0   entry8b.o
         8          4          0          0          0          0   entry9a.o
        30          0          0          0          0          0   handlers.o
        40          0          0          0          0         72   idiv.o
        36          8          0          0          0         68   init.o
        26          0          0          0          0         72   memcmp.o
        36          0          0          0          0         60   memcpya.o
        36          0          0          0          0        100   memseta.o
        14          0          0          0          0         60   strlen.o
        44          0          0          0          0         72   uidiv.o

    ----------------------------------------------------------------------
       370         16          0          0          0        504   Library Totals
         2          0          0          0          0          0   (incl. Padding)

    ----------------------------------------------------------------------

      Code (inc. data)   RO Data    RW Data    ZI Data      Debug   Library Name

       368         16          0          0          0        504   mc_p.l

    ----------------------------------------------------------------------
       370         16          0          0          0        504   Library Totals

    ----------------------------------------------------------------------

==============================================================================


      Code (inc. data)   RO Data    RW Data    ZI Data      Debug   

     22532       1726        424        436       4340     413723   Grand Totals
     22532       1726        424        116       4340     413723   ELF Image Totals (compressed)
     22532       1726        424        116          0          0   ROM Totals

==============================================================================

    Total RO  Size (Code + RO Data)                22956 (  22.42kB)
    Total RW  Size (RW Data + ZI Data)              4776 (   4.66kB)
    Total ROM Size (Code + RO Data + RW Data)      23072 (  22.53kB)

==============================================================================

