Archive member included to satisfy reference by file (symbol)

d:/programs/arm_gcc/bin/../lib/gcc/arm-none-eabi/9.3.1/../../../../arm-none-eabi/lib/thumb/v6-m/nofp\libc_nano.a(lib_a-exit.o)
                              d:/programs/arm_gcc/bin/../lib/gcc/arm-none-eabi/9.3.1/../../../../arm-none-eabi/lib/thumb/v6-m/nofp/crt0.o (exit)
d:/programs/arm_gcc/bin/../lib/gcc/arm-none-eabi/9.3.1/../../../../arm-none-eabi/lib/thumb/v6-m/nofp\libc_nano.a(lib_a-impure.o)
                              d:/programs/arm_gcc/bin/../lib/gcc/arm-none-eabi/9.3.1/../../../../arm-none-eabi/lib/thumb/v6-m/nofp\libc_nano.a(lib_a-exit.o) (_global_impure_ptr)
d:/programs/arm_gcc/bin/../lib/gcc/arm-none-eabi/9.3.1/../../../../arm-none-eabi/lib/thumb/v6-m/nofp\libc_nano.a(lib_a-init.o)
                              d:/programs/arm_gcc/bin/../lib/gcc/arm-none-eabi/9.3.1/../../../../arm-none-eabi/lib/thumb/v6-m/nofp/crt0.o (__libc_init_array)
d:/programs/arm_gcc/bin/../lib/gcc/arm-none-eabi/9.3.1/../../../../arm-none-eabi/lib/thumb/v6-m/nofp\libc_nano.a(lib_a-memset.o)
                              d:/programs/arm_gcc/bin/../lib/gcc/arm-none-eabi/9.3.1/../../../../arm-none-eabi/lib/thumb/v6-m/nofp/crt0.o (memset)
d:/programs/arm_gcc/bin/../lib/gcc/arm-none-eabi/9.3.1/../../../../arm-none-eabi/lib/thumb/v6-m/nofp\libnosys.a(_exit.o)
                              d:/programs/arm_gcc/bin/../lib/gcc/arm-none-eabi/9.3.1/../../../../arm-none-eabi/lib/thumb/v6-m/nofp\libc_nano.a(lib_a-exit.o) (_exit)
d:/programs/arm_gcc/bin/../lib/gcc/arm-none-eabi/9.3.1/thumb/v6-m/nofp\libgcc.a(_udivsi3.o)
                              _build/nrf51422_xxac_bsp.c.o (__aeabi_uidiv)
d:/programs/arm_gcc/bin/../lib/gcc/arm-none-eabi/9.3.1/thumb/v6-m/nofp\libgcc.a(_divsi3.o)
                              _build/nrf51422_xxac_bsp.c.o (__aeabi_idiv)
d:/programs/arm_gcc/bin/../lib/gcc/arm-none-eabi/9.3.1/thumb/v6-m/nofp\libgcc.a(_dvmd_tls.o)
                              d:/programs/arm_gcc/bin/../lib/gcc/arm-none-eabi/9.3.1/thumb/v6-m/nofp\libgcc.a(_udivsi3.o) (__aeabi_idiv0)
d:/programs/arm_gcc/bin/../lib/gcc/arm-none-eabi/9.3.1/../../../../arm-none-eabi/lib/thumb/v6-m/nofp\libc_nano.a(lib_a-memcpy-stub.o)
                              _build/nrf51422_xxac_SEGGER_RTT.c.o (memcpy)
d:/programs/arm_gcc/bin/../lib/gcc/arm-none-eabi/9.3.1/../../../../arm-none-eabi/lib/thumb/v6-m/nofp\libc_nano.a(lib_a-printf.o)
                              _build/nrf51422_xxac_main.c.o (printf)
d:/programs/arm_gcc/bin/../lib/gcc/arm-none-eabi/9.3.1/../../../../arm-none-eabi/lib/thumb/v6-m/nofp\libc_nano.a(lib_a-strcpy.o)
                              _build/nrf51422_xxac_SEGGER_RTT.c.o (strcpy)
d:/programs/arm_gcc/bin/../lib/gcc/arm-none-eabi/9.3.1/../../../../arm-none-eabi/lib/thumb/v6-m/nofp\libc_nano.a(lib_a-strlen.o)
                              _build/nrf51422_xxac_main.c.o (strlen)
d:/programs/arm_gcc/bin/../lib/gcc/arm-none-eabi/9.3.1/../../../../arm-none-eabi/lib/thumb/v6-m/nofp\libc_nano.a(lib_a-findfp.o)
                              d:/programs/arm_gcc/bin/../lib/gcc/arm-none-eabi/9.3.1/../../../../arm-none-eabi/lib/thumb/v6-m/nofp\libc_nano.a(lib_a-printf.o) (__sinit)
d:/programs/arm_gcc/bin/../lib/gcc/arm-none-eabi/9.3.1/../../../../arm-none-eabi/lib/thumb/v6-m/nofp\libc_nano.a(lib_a-fwalk.o)
                              d:/programs/arm_gcc/bin/../lib/gcc/arm-none-eabi/9.3.1/../../../../arm-none-eabi/lib/thumb/v6-m/nofp\libc_nano.a(lib_a-findfp.o) (_fwalk)
d:/programs/arm_gcc/bin/../lib/gcc/arm-none-eabi/9.3.1/../../../../arm-none-eabi/lib/thumb/v6-m/nofp\libc_nano.a(lib_a-lock.o)
                              d:/programs/arm_gcc/bin/../lib/gcc/arm-none-eabi/9.3.1/../../../../arm-none-eabi/lib/thumb/v6-m/nofp\libc_nano.a(lib_a-findfp.o) (__retarget_lock_init_recursive)
d:/programs/arm_gcc/bin/../lib/gcc/arm-none-eabi/9.3.1/../../../../arm-none-eabi/lib/thumb/v6-m/nofp\libc_nano.a(lib_a-nano-mallocr.o)
                              d:/programs/arm_gcc/bin/../lib/gcc/arm-none-eabi/9.3.1/../../../../arm-none-eabi/lib/thumb/v6-m/nofp\libc_nano.a(lib_a-findfp.o) (_malloc_r)
d:/programs/arm_gcc/bin/../lib/gcc/arm-none-eabi/9.3.1/../../../../arm-none-eabi/lib/thumb/v6-m/nofp\libc_nano.a(lib_a-nano-vfprintf.o)
                              d:/programs/arm_gcc/bin/../lib/gcc/arm-none-eabi/9.3.1/../../../../arm-none-eabi/lib/thumb/v6-m/nofp\libc_nano.a(lib_a-printf.o) (_vfprintf_r)
d:/programs/arm_gcc/bin/../lib/gcc/arm-none-eabi/9.3.1/../../../../arm-none-eabi/lib/thumb/v6-m/nofp\libc_nano.a(lib_a-nano-vfprintf_i.o)
                              d:/programs/arm_gcc/bin/../lib/gcc/arm-none-eabi/9.3.1/../../../../arm-none-eabi/lib/thumb/v6-m/nofp\libc_nano.a(lib_a-nano-vfprintf.o) (_printf_i)
d:/programs/arm_gcc/bin/../lib/gcc/arm-none-eabi/9.3.1/../../../../arm-none-eabi/lib/thumb/v6-m/nofp\libc_nano.a(lib_a-sbrkr.o)
[...]
Memory Configuration

Name             Origin             Length             Attributes
FLASH            0x0001b000         0x00025000         xr
RAM              0x20001fe8         0x00006018         xrw
*default*        0x00000000         0xffffffff

Linker script and memory map


.text           0x0001b000     0x54cc
 *(.isr_vector)
 .isr_vector    0x0001b000       0xc0 _build/nrf51422_xxac_gcc_startup_nrf51.S.o
                0x0001b000                __isr_vector
 *(.text*)
 .text          0x0001b0c0       0x48 d:/programs/arm_gcc/bin/../lib/gcc/arm-none-eabi/9.3.1/thumb/v6-m/nofp/crtbegin.o
 .text          0x0001b108       0x80 d:/programs/arm_gcc/bin/../lib/gcc/arm-none-eabi/9.3.1/../../../../arm-none-eabi/lib/thumb/v6-m/nofp/crt0.o
                0x0001b108                _stack_init
                0x0001b114                _start
                0x0001b114                _mainCRTStartup
 .text.exit     0x0001b188       0x2c d:/programs/arm_gcc/bin/../lib/gcc/arm-none-eabi/9.3.1/../../../../arm-none-eabi/lib/thumb/v6-m/nofp\libc_nano.a(lib_a-exit.o)
                0x0001b188                exit
 .text.__libc_init_array
                0x0001b1b4       0x48 d:/programs/arm_gcc/bin/../lib/gcc/arm-none-eabi/9.3.1/../../../../arm-none-eabi/lib/thumb/v6-m/nofp\libc_nano.a(lib_a-init.o)
                0x0001b1b4                __libc_init_array
 .text.memset   0x0001b1fc       0x10 d:/programs/arm_gcc/bin/../lib/gcc/arm-none-eabi/9.3.1/../../../../arm-none-eabi/lib/thumb/v6-m/nofp\libc_nano.a(lib_a-memset.o)
                0x0001b1fc                memset
 .text._exit    0x0001b20c        0x4 d:/programs/arm_gcc/bin/../lib/gcc/arm-none-eabi/9.3.1/../../../../arm-none-eabi/lib/thumb/v6-m/nofp\libnosys.a(_exit.o)
                0x0001b20c                _exit
 .text.detection_delay_timeout_handler
                0x0001b210       0xac _build/nrf51422_xxac_app_button.c.o
 .text.gpiote_event_handler
                0x0001b2bc       0x5c _build/nrf51422_xxac_app_button.c.o
 .text.app_button_init
                0x0001b318       0xb4 _build/nrf51422_xxac_app_button.c.o
                0x0001b318                app_button_init
 .text.app_button_enable
                0x0001b3cc       0x30 _build/nrf51422_xxac_app_button.c.o
                0x0001b3cc                app_button_enable
 .text.app_error_handler_bare
                0x0001b3fc       0x20 _build/nrf51422_xxac_app_error.c.o
                0x0001b3fc                app_error_handler_bare
 .text.app_error_fault_handler
                0x0001b41c       0x1c _build/nrf51422_xxac_app_error_weak.c.o
                0x0001b41c                app_error_fault_handler
 .text.app_fifo_init
                0x0001b438       0x28 _build/nrf51422_xxac_app_fifo.c.o
                0x0001b438                app_fifo_init
 .text.app_fifo_put
                0x0001b460       0x24 _build/nrf51422_xxac_app_fifo.c.o
                0x0001b460                app_fifo_put
 .text.app_fifo_get
                0x0001b484       0x24 _build/nrf51422_xxac_app_fifo.c.o
                0x0001b484                app_fifo_get
 .text.RTC1_IRQHandler
                0x0001b4a8       0xdc _build/nrf51422_xxac_app_timer.c.o
                0x0001b4a8                RTC1_IRQHandler
 .text.SWI0_IRQHandler
                0x0001b584      0x510 _build/nrf51422_xxac_app_timer.c.o
                0x0001b584                SWI0_IRQHandler
 .text.app_timer_init
                0x0001ba94      0x128 _build/nrf51422_xxac_app_timer.c.o
                0x0001ba94                app_timer_init
 .text.app_timer_create
                0x0001bbbc       0x2c _build/nrf51422_xxac_app_timer.c.o
                0x0001bbbc                app_timer_create
 .text.app_timer_start
                0x0001bbe8       0xc0 _build/nrf51422_xxac_app_timer.c.o
                0x0001bbe8                app_timer_start
 .text.app_timer_stop
                0x0001bca8       0x88 _build/nrf51422_xxac_app_timer.c.o
                0x0001bca8                app_timer_stop
 .text.uart_event_handler
                0x0001bd30       0xd0 _build/nrf51422_xxac_app_uart_fifo.c.o
 .text.app_uart_init
                0x0001be00       0xc0 _build/nrf51422_xxac_app_uart_fifo.c.o
                0x0001be00                app_uart_init
 .text.app_uart_get
                0x0001bec0       0x40 _build/nrf51422_xxac_app_uart_fifo.c.o
                0x0001bec0                app_uart_get
 .text.app_uart_put
                0x0001bf00       0x48 _build/nrf51422_xxac_app_uart_fifo.c.o
                0x0001bf00                app_uart_put
 .text.app_util_critical_region_enter
                0x0001bf48       0x40 _build/nrf51422_xxac_app_util_platform.c.o
                0x0001bf48                app_util_critical_region_enter
 .text.app_util_critical_region_exit
                0x0001bf88       0x2c _build/nrf51422_xxac_app_util_platform.c.o
                0x0001bf88                app_util_critical_region_exit
 .text.fs_queued_op_count_get
                0x0001bfb4       0x18 _build/nrf51422_xxac_fstorage.c.o
                0x0001bfb4                fs_queued_op_count_get
 .text._write   0x0001bfcc       0x1c _build/nrf51422_xxac_retarget.c.o
                0x0001bfcc                _write
 .text._read    0x0001bfe8       0x14 _build/nrf51422_xxac_retarget.c.o
                0x0001bfe8                _read
 .text.bsp_board_led_state_get
                0x0001bffc       0x1c _build/nrf51422_xxac_boards.c.o
                0x0001bffc                bsp_board_led_state_get
 .text.bsp_board_led_on
                0x0001c018       0x1c _build/nrf51422_xxac_boards.c.o
                0x0001c018                bsp_board_led_on
 .text.bsp_board_led_off
                0x0001c034       0x18 _build/nrf51422_xxac_boards.c.o
                0x0001c034                bsp_board_led_off
 .text.bsp_board_leds_off
                0x0001c04c       0x24 _build/nrf51422_xxac_boards.c.o
                0x0001c04c                bsp_board_leds_off
 .text.bsp_board_leds_on
                0x0001c070       0x24 _build/nrf51422_xxac_boards.c.o
                0x0001c070                bsp_board_leds_on
 .text.bsp_board_led_invert
                0x0001c094       0x30 _build/nrf51422_xxac_boards.c.o
                0x0001c094                bsp_board_led_invert
 .text.bsp_board_leds_init
                0x0001c0c4       0x3c _build/nrf51422_xxac_boards.c.o
                0x0001c0c4                bsp_board_leds_init
 .text.bsp_board_button_state_get
                0x0001c100       0x1c _build/nrf51422_xxac_boards.c.o
                0x0001c100                bsp_board_button_state_get
 .text.bsp_board_pin_to_button_idx
                0x0001c11c       0x28 _build/nrf51422_xxac_boards.c.o
                0x0001c11c                bsp_board_pin_to_button_idx
 .text.bsp_board_button_idx_to_pin
                0x0001c144        0xc _build/nrf51422_xxac_boards.c.o
                0x0001c144                bsp_board_button_idx_to_pin
 .text.POWER_CLOCK_IRQHandler
                0x0001c150       0x78 _build/nrf51422_xxac_nrf_drv_clock.c.o
                0x0001c150                POWER_CLOCK_IRQHandler
 .text.nrf_drv_clock_on_soc_event
                0x0001c1c8       0x24 _build/nrf51422_xxac_nrf_drv_clock.c.o
                0x0001c1c8                nrf_drv_clock_on_soc_event
 .text.nrf_drv_clock_on_sd_enable
                0x0001c1ec       0x6c _build/nrf51422_xxac_nrf_drv_clock.c.o
                0x0001c1ec                nrf_drv_clock_on_sd_enable
 .text.nrf_drv_common_irq_enable
                0x0001c258       0x7c _build/nrf51422_xxac_nrf_drv_common.c.o
                0x0001c258                nrf_drv_common_irq_enable
 .text.nrf_drv_gpiote_init
                0x0001c2d4       0x68 _build/nrf51422_xxac_nrf_drv_gpiote.c.o
                0x0001c2d4                nrf_drv_gpiote_init
 .text.nrf_drv_gpiote_is_init
                0x0001c33c       0x14 _build/nrf51422_xxac_nrf_drv_gpiote.c.o
                0x0001c33c                nrf_drv_gpiote_is_init
 .text.nrf_drv_gpiote_in_init
                0x0001c350      0x188 _build/nrf51422_xxac_nrf_drv_gpiote.c.o
                0x0001c350                nrf_drv_gpiote_in_init
 .text.nrf_drv_gpiote_in_event_enable
                0x0001c4d8       0xb0 _build/nrf51422_xxac_nrf_drv_gpiote.c.o
                0x0001c4d8                nrf_drv_gpiote_in_event_enable
 .text.nrf_drv_gpiote_in_is_set
                0x0001c588       0x14 _build/nrf51422_xxac_nrf_drv_gpiote.c.o
                0x0001c588                nrf_drv_gpiote_in_is_set
 .text.GPIOTE_IRQHandler
                0x0001c59c      0x4c4 _build/nrf51422_xxac_nrf_drv_gpiote.c.o
                0x0001c59c                GPIOTE_IRQHandler
 .text.nrf_drv_uart_init
                0x0001ca60      0x14c _build/nrf51422_xxac_nrf_drv_uart.c.o
                0x0001ca60                nrf_drv_uart_init
 .text.nrf_drv_uart_tx
                0x0001cbac      0x100 _build/nrf51422_xxac_nrf_drv_uart.c.o
                0x0001cbac                nrf_drv_uart_tx
 .text.nrf_drv_uart_tx_in_progress
                0x0001ccac       0x1c _build/nrf51422_xxac_nrf_drv_uart.c.o
                0x0001ccac                nrf_drv_uart_tx_in_progress
 .text.nrf_drv_uart_rx
                0x0001ccc8      0x1bc _build/nrf51422_xxac_nrf_drv_uart.c.o
                0x0001ccc8                nrf_drv_uart_rx
 .text.nrf_drv_uart_rx_enable
                0x0001ce84       0x3c _build/nrf51422_xxac_nrf_drv_uart.c.o
                0x0001ce84                nrf_drv_uart_rx_enable
 .text.UART0_IRQHandler
                0x0001cec0      0x18c _build/nrf51422_xxac_nrf_drv_uart.c.o
                0x0001cec0                UART0_IRQHandler
 .text.alert_timer_handler
                0x0001d04c        0xc _build/nrf51422_xxac_bsp.c.o
 .text.bsp_button_event_handler
                0x0001d058       0xb8 _build/nrf51422_xxac_bsp.c.o
 .text.leds_timer_handler
                0x0001d110      0x1fc _build/nrf51422_xxac_bsp.c.o
 .text.button_timer_handler
                0x0001d30c       0x30 _build/nrf51422_xxac_bsp.c.o
 .text.bsp_button_is_pressed
                0x0001d33c        0x8 _build/nrf51422_xxac_bsp.c.o
                0x0001d33c                bsp_button_is_pressed
 .text.bsp_indication_set
                0x0001d344      0x240 _build/nrf51422_xxac_bsp.c.o
                0x0001d344                bsp_indication_set
 .text.bsp_init
                0x0001d584       0xb4 _build/nrf51422_xxac_bsp.c.o
                0x0001d584                bsp_init
 .text.bsp_event_to_button_action_assign
                0x0001d638       0x50 _build/nrf51422_xxac_bsp.c.o
                0x0001d638                bsp_event_to_button_action_assign
 .text.bsp_wakeup_button_enable
                0x0001d688       0x30 _build/nrf51422_xxac_bsp.c.o
                0x0001d688                bsp_wakeup_button_enable
 .text.bsp_btn_ble_sleep_mode_prepare
                0x0001d6b8       0x28 _build/nrf51422_xxac_bsp_btn_ble.c.o
                0x0001d6b8                bsp_btn_ble_sleep_mode_prepare
 .text.bsp_btn_ble_on_ble_evt
                0x0001d6e0       0xbc _build/nrf51422_xxac_bsp_btn_ble.c.o
                0x0001d6e0                bsp_btn_ble_on_ble_evt
 .text.bsp_btn_ble_init
                0x0001d79c       0x78 _build/nrf51422_xxac_bsp_btn_ble.c.o
                0x0001d79c                bsp_btn_ble_init
 .text.sd_ble_gap_disconnect
                0x0001d814        0x4 _build/nrf51422_xxac_main.c.o
 .text.sd_ble_gap_ppcp_set
                0x0001d818        0x4 _build/nrf51422_xxac_main.c.o
 .text.sd_ble_gap_device_name_set
                0x0001d81c        0x4 _build/nrf51422_xxac_main.c.o
 .text.sd_ble_gap_sec_params_reply
                0x0001d820        0x4 _build/nrf51422_xxac_main.c.o
 .text.sd_ble_gatts_rw_authorize_reply
                0x0001d824        0x4 _build/nrf51422_xxac_main.c.o
 .text.sd_ble_gatts_sys_attr_set
                0x0001d828        0x4 _build/nrf51422_xxac_main.c.o
 .text.sd_ble_user_mem_reply
                0x0001d82c        0x4 _build/nrf51422_xxac_main.c.o
 .text.sd_power_system_off
                0x0001d830        0x4 _build/nrf51422_xxac_main.c.o
 .text.sd_app_evt_wait
                0x0001d834        0x4 _build/nrf51422_xxac_main.c.o
 .text.conn_params_error_handler
                0x0001d838        0x8 _build/nrf51422_xxac_main.c.o
 .text.ble_evt_dispatch
                0x0001d840       0xf4 _build/nrf51422_xxac_main.c.o
 .text.nus_data_handler
                0x0001d934       0x34 _build/nrf51422_xxac_main.c.o
 .text.on_conn_params_evt
                0x0001d968       0x24 _build/nrf51422_xxac_main.c.o
 .text.bsp_event_handler
                0x0001d98c       0x68 _build/nrf51422_xxac_main.c.o
                0x0001d98c                bsp_event_handler
 .text.uart_event_handle
                0x0001d9f4       0x68 _build/nrf51422_xxac_main.c.o
                0x0001d9f4                uart_event_handle
 .text.on_adv_evt
                0x0001da5c       0x48 _build/nrf51422_xxac_main.c.o
 .text.startup.main
                0x0001daa4      0x244 _build/nrf51422_xxac_main.c.o
                0x0001daa4                main
 .text.sd_ble_gap_address_get
                0x0001dce8        0x4 _build/nrf51422_xxac_ble_advdata.c.o
 .text.sd_ble_gap_adv_data_set
                0x0001dcec        0x4 _build/nrf51422_xxac_ble_advdata.c.o
 .text.sd_ble_gap_appearance_get
                0x0001dcf0        0x4 _build/nrf51422_xxac_ble_advdata.c.o
 .text.sd_ble_gap_device_name_get
                0x0001dcf4        0x4 _build/nrf51422_xxac_ble_advdata.c.o
 .text.sd_ble_uuid_encode
                0x0001dcf8        0x4 _build/nrf51422_xxac_ble_advdata.c.o
 .text.uuid_list_sized_encode.isra.0
                0x0001dcfc       0xf8 _build/nrf51422_xxac_ble_advdata.c.o
 .text.adv_data_encode
                0x0001ddf4      0x428 _build/nrf51422_xxac_ble_advdata.c.o
                0x0001ddf4                adv_data_encode
 .text.ble_advdata_set
                0x0001e21c       0x6c _build/nrf51422_xxac_ble_advdata.c.o
                0x0001e21c                ble_advdata_set
 .text.sd_ble_gap_adv_start
                0x0001e288        0x4 _build/nrf51422_xxac_ble_advertising.c.o
 .text.sd_ble_gap_adv_stop
                0x0001e28c        0x4 _build/nrf51422_xxac_ble_advertising.c.o
 .text.ble_advertising_start.part.0
                0x0001e290      0x234 _build/nrf51422_xxac_ble_advertising.c.o
 .text.ble_advertising_init
                0x0001e4c4      0x1b0 _build/nrf51422_xxac_ble_advertising.c.o
                0x0001e4c4                ble_advertising_init
 .text.ble_advertising_start
                0x0001e674       0x44 _build/nrf51422_xxac_ble_advertising.c.o
                0x0001e674                ble_advertising_start
 .text.ble_advertising_on_ble_evt
                0x0001e6b8       0xc0 _build/nrf51422_xxac_ble_advertising.c.o
                0x0001e6b8                ble_advertising_on_ble_evt
 .text.ble_advertising_restart_without_whitelist
                0x0001e778       0x74 _build/nrf51422_xxac_ble_advertising.c.o
                0x0001e778                ble_advertising_restart_without_whitelist
 .text.sd_ble_gap_conn_param_update
                0x0001e7ec        0x4 _build/nrf51422_xxac_ble_conn_params.c.o
 .text.sd_ble_gap_disconnect
                0x0001e7f0        0x4 _build/nrf51422_xxac_ble_conn_params.c.o
 .text.sd_ble_gap_ppcp_set
                0x0001e7f4        0x4 _build/nrf51422_xxac_ble_conn_params.c.o
 .text.sd_ble_gap_ppcp_get
                0x0001e7f8        0x4 _build/nrf51422_xxac_ble_conn_params.c.o
 .text.update_timeout_handler
                0x0001e7fc       0x78 _build/nrf51422_xxac_ble_conn_params.c.o
 .text.conn_params_negotiation
                0x0001e874       0x88 _build/nrf51422_xxac_ble_conn_params.c.o
 .text.ble_conn_params_init
                0x0001e8fc       0x78 _build/nrf51422_xxac_ble_conn_params.c.o
                0x0001e8fc                ble_conn_params_init
 .text.ble_conn_params_on_ble_evt
                0x0001e974       0xa8 _build/nrf51422_xxac_ble_conn_params.c.o
                0x0001e974                ble_conn_params_on_ble_evt
 .text.ble_srv_is_notification_enabled
                0x0001ea1c        0x8 _build/nrf51422_xxac_ble_srv_common.c.o
                0x0001ea1c                ble_srv_is_notification_enabled
 .text          0x0001ea24       0x4c _build/nrf51422_xxac_gcc_startup_nrf51.S.o
                0x0001ea24                Reset_Handler
                0x0001ea64                NMI_Handler
                0x0001ea66                HardFault_Handler
                0x0001ea68                SVC_Handler
                0x0001ea6a                PendSV_Handler
                0x0001ea6c                SysTick_Handler
                0x0001ea6e                RTC0_IRQHandler
                0x0001ea6e                SPI0_TWI0_IRQHandler
                0x0001ea6e                LPCOMP_IRQHandler
                0x0001ea6e                SWI4_IRQHandler
                0x0001ea6e                TEMP_IRQHandler
                0x0001ea6e                QDEC_IRQHandler
                0x0001ea6e                SWI5_IRQHandler
                0x0001ea6e                TIMER0_IRQHandler
                0x0001ea6e                RADIO_IRQHandler
                0x0001ea6e                TIMER1_IRQHandler
                0x0001ea6e                ECB_IRQHandler
                0x0001ea6e                Default_Handler
                0x0001ea6e                ADC_IRQHandler
                0x0001ea6e                SWI3_IRQHandler
                0x0001ea6e                CCM_AAR_IRQHandler
                0x0001ea6e                WDT_IRQHandler
                0x0001ea6e                TIMER2_IRQHandler
                0x0001ea6e                RNG_IRQHandler
                0x0001ea6e                SPI1_TWI1_IRQHandler
                0x0001ea6e                SWI1_IRQHandler
 .text.SystemInit
                0x0001ea70       0xe0 _build/nrf51422_xxac_system_nrf51.c.o
                0x0001ea70                SystemInit
 .text.sd_ble_gatts_service_add
                0x0001eb50        0x4 _build/nrf51422_xxac_ble_nus.c.o
 .text.sd_ble_gatts_characteristic_add
                0x0001eb54        0x4 _build/nrf51422_xxac_ble_nus.c.o
 .text.sd_ble_gatts_hvx
                0x0001eb58        0x4 _build/nrf51422_xxac_ble_nus.c.o
 .text.sd_ble_uuid_vs_add
                0x0001eb5c        0x4 _build/nrf51422_xxac_ble_nus.c.o
 .text.ble_nus_on_ble_evt
                0x0001eb60       0x64 _build/nrf51422_xxac_ble_nus.c.o
                0x0001eb60                ble_nus_on_ble_evt
 .text.ble_nus_init
                0x0001ebc4      0x190 _build/nrf51422_xxac_ble_nus.c.o
                0x0001ebc4                ble_nus_init
 .text.ble_nus_string_send
                0x0001ed54       0x5c _build/nrf51422_xxac_ble_nus.c.o
                0x0001ed54                ble_nus_string_send
 .text.sd_evt_get
                0x0001edb0        0x4 _build/nrf51422_xxac_softdevice_handler.c.o
 .text.sd_softdevice_enable
                0x0001edb4        0x4 _build/nrf51422_xxac_softdevice_handler.c.o
 .text.sd_ble_enable
                0x0001edb8        0x4 _build/nrf51422_xxac_softdevice_handler.c.o
 .text.sd_ble_evt_get
                0x0001edbc        0x4 _build/nrf51422_xxac_softdevice_handler.c.o
 .text.softdevice_fault_handler
                0x0001edc0        0x8 _build/nrf51422_xxac_softdevice_handler.c.o
                0x0001edc0                softdevice_fault_handler
 .text.intern_softdevice_events_execute.part.0
                0x0001edc8       0xe4 _build/nrf51422_xxac_softdevice_handler.c.o
 .text.softdevice_handler_is_enabled
                0x0001eeac        0xc _build/nrf51422_xxac_softdevice_handler.c.o
                0x0001eeac                softdevice_handler_is_enabled
 .text.softdevice_handler_init
                0x0001eeb8       0x9c _build/nrf51422_xxac_softdevice_handler.c.o
                0x0001eeb8                softdevice_handler_init
 .text.softdevice_ble_evt_handler_set
                0x0001ef54       0x14 _build/nrf51422_xxac_softdevice_handler.c.o
                0x0001ef54                softdevice_ble_evt_handler_set
 .text.SWI2_IRQHandler
                0x0001ef68       0x30 _build/nrf51422_xxac_softdevice_handler.c.o
                0x0001ef68                SWI2_IRQHandler
 .text.softdevice_enable_get_default_config
                0x0001ef98       0x30 _build/nrf51422_xxac_softdevice_handler.c.o
                0x0001ef98                softdevice_enable_get_default_config
 .text.softdevice_enable
                0x0001efc8       0x1c _build/nrf51422_xxac_softdevice_handler.c.o
                0x0001efc8                softdevice_enable
 .text          0x0001efe4      0x114 d:/programs/arm_gcc/bin/../lib/gcc/arm-none-eabi/9.3.1/thumb/v6-m/nofp\libgcc.a(_udivsi3.o)
                0x0001efe4                __aeabi_uidiv
                0x0001efe4                __udivsi3
                0x0001f0f0                __aeabi_uidivmod
 .text          0x0001f0f8      0x1d4 d:/programs/arm_gcc/bin/../lib/gcc/arm-none-eabi/9.3.1/thumb/v6-m/nofp\libgcc.a(_divsi3.o)
                0x0001f0f8                __divsi3
                0x0001f0f8                __aeabi_idiv
                0x0001f2c4                __aeabi_idivmod
 .text          0x0001f2cc        0x4 d:/programs/arm_gcc/bin/../lib/gcc/arm-none-eabi/9.3.1/thumb/v6-m/nofp\libgcc.a(_dvmd_tls.o)
                0x0001f2cc                __aeabi_idiv0
                0x0001f2cc                __aeabi_ldiv0
 .text.memcpy   0x0001f2d0       0x12 d:/programs/arm_gcc/bin/../lib/gcc/arm-none-eabi/9.3.1/../../../../arm-none-eabi/lib/thumb/v6-m/nofp\libc_nano.a(lib_a-memcpy-stub.o)
                0x0001f2d0                memcpy
 *fill*         0x0001f2e2        0x2 
 .text.printf   0x0001f2e4       0x34 d:/programs/arm_gcc/bin/../lib/gcc/arm-none-eabi/9.3.1/../../../../arm-none-eabi/lib/thumb/v6-m/nofp\libc_nano.a(lib_a-printf.o)
                0x0001f2e4                iprintf
                0x0001f2e4                printf
 .text          0x0001f318        0xe d:/programs/arm_gcc/bin/../lib/gcc/arm-none-eabi/9.3.1/../../../../arm-none-eabi/lib/thumb/v6-m/nofp\libc_nano.a(lib_a-strlen.o)
                0x0001f318                strlen
 *fill*         0x0001f326        0x2 
 .text.std      0x0001f328       0x48 d:/programs/arm_gcc/bin/../lib/gcc/arm-none-eabi/9.3.1/../../../../arm-none-eabi/lib/thumb/v6-m/nofp\libc_nano.a(lib_a-findfp.o)
 .text._cleanup_r
                0x0001f370       0x10 d:/programs/arm_gcc/bin/../lib/gcc/arm-none-eabi/9.3.1/../../../../arm-none-eabi/lib/thumb/v6-m/nofp\libc_nano.a(lib_a-findfp.o)
                0x0001f370                _cleanup_r
 .text.__sfmoreglue
                0x0001f380       0x2c d:/programs/arm_gcc/bin/../lib/gcc/arm-none-eabi/9.3.1/../../../../arm-none-eabi/lib/thumb/v6-m/nofp\libc_nano.a(lib_a-findfp.o)
                0x0001f380                __sfmoreglue
 .text.__sfp_lock_acquire
                0x0001f3ac       0x10 d:/programs/arm_gcc/bin/../lib/gcc/arm-none-eabi/9.3.1/../../../../arm-none-eabi/lib/thumb/v6-m/nofp\libc_nano.a(lib_a-findfp.o)
                0x0001f3ac                __sfp_lock_acquire
 .text.__sfp_lock_release
                0x0001f3bc       0x10 d:/programs/arm_gcc/bin/../lib/gcc/arm-none-eabi/9.3.1/../../../../arm-none-eabi/lib/thumb/v6-m/nofp\libc_nano.a(lib_a-findfp.o)
                0x0001f3bc                __sfp_lock_release
 .text.__sinit_lock_acquire
                0x0001f3cc       0x10 d:/programs/arm_gcc/bin/../lib/gcc/arm-none-eabi/9.3.1/../../../../arm-none-eabi/lib/thumb/v6-m/nofp\libc_nano.a(lib_a-findfp.o)
                0x0001f3cc                __sinit_lock_acquire
 .text.__sinit_lock_release
                0x0001f3dc       0x10 d:/programs/arm_gcc/bin/../lib/gcc/arm-none-eabi/9.3.1/../../../../arm-none-eabi/lib/thumb/v6-m/nofp\libc_nano.a(lib_a-findfp.o)
                0x0001f3dc                __sinit_lock_release
 .text.__sinit  0x0001f3ec       0x70 d:/programs/arm_gcc/bin/../lib/gcc/arm-none-eabi/9.3.1/../../../../arm-none-eabi/lib/thumb/v6-m/nofp\libc_nano.a(lib_a-findfp.o)
                0x0001f3ec                __sinit
 .text.__sfp    0x0001f45c       0x90 d:/programs/arm_gcc/bin/../lib/gcc/arm-none-eabi/9.3.1/../../../../arm-none-eabi/lib/thumb/v6-m/nofp\libc_nano.a(lib_a-findfp.o)
                0x0001f45c                __sfp
 .text._fwalk_reent
                0x0001f4ec       0x40 d:/programs/arm_gcc/bin/../lib/gcc/arm-none-eabi/9.3.1/../../../../arm-none-eabi/lib/thumb/v6-m/nofp\libc_nano.a(lib_a-fwalk.o)
                0x0001f4ec                _fwalk_reent
 .text.__retarget_lock_init_recursive
                0x0001f52c        0x2 d:/programs/arm_gcc/bin/../lib/gcc/arm-none-eabi/9.3.1/../../../../arm-none-eabi/lib/thumb/v6-m/nofp\libc_nano.a(lib_a-lock.o)
                0x0001f52c                __retarget_lock_init_recursive
 .text.__retarget_lock_acquire_recursive
                0x0001f52e        0x2 d:/programs/arm_gcc/bin/../lib/gcc/arm-none-eabi/9.3.1/../../../../arm-none-eabi/lib/thumb/v6-m/nofp\libc_nano.a(lib_a-lock.o)
                0x0001f52e                __retarget_lock_acquire_recursive
 .text.__retarget_lock_release_recursive
                0x0001f530        0x2 d:/programs/arm_gcc/bin/../lib/gcc/arm-none-eabi/9.3.1/../../../../arm-none-eabi/lib/thumb/v6-m/nofp\libc_nano.a(lib_a-lock.o)
                0x0001f530                __retarget_lock_release_recursive
 *fill*         0x0001f532        0x2 
 .text._malloc_r
                0x0001f534       0xbc d:/programs/arm_gcc/bin/../lib/gcc/arm-none-eabi/9.3.1/../../../../arm-none-eabi/lib/thumb/v6-m/nofp\libc_nano.a(lib_a-nano-mallocr.o)
                0x0001f534                _malloc_r
 .text.__sfputc_r
                0x0001f5f0       0x2a d:/programs/arm_gcc/bin/../lib/gcc/arm-none-eabi/9.3.1/../../../../arm-none-eabi/lib/thumb/v6-m/nofp\libc_nano.a(lib_a-nano-vfprintf.o)
 .text.__sfputs_r
                0x0001f61a       0x24 d:/programs/arm_gcc/bin/../lib/gcc/arm-none-eabi/9.3.1/../../../../arm-none-eabi/lib/thumb/v6-m/nofp\libc_nano.a(lib_a-nano-vfprintf.o)
                0x0001f61a                __sfputs_r
 *fill*         0x0001f63e        0x2 
 .text._vfprintf_r
                0x0001f640      0x274 d:/programs/arm_gcc/bin/../lib/gcc/arm-none-eabi/9.3.1/../../../../arm-none-eabi/lib/thumb/v6-m/nofp\libc_nano.a(lib_a-nano-vfprintf.o)
                0x0001f640                _vfprintf_r
                0x0001f640                _vfiprintf_r
 .text._printf_common
                0x0001f8b4       0xde d:/programs/arm_gcc/bin/../lib/gcc/arm-none-eabi/9.3.1/../../../../arm-none-eabi/lib/thumb/v6-m/nofp\libc_nano.a(lib_a-nano-vfprintf_i.o)
                0x0001f8b4                _printf_common
 *fill*         0x0001f992        0x2 
 .text._printf_i
                0x0001f994      0x224 d:/programs/arm_gcc/bin/../lib/gcc/arm-none-eabi/9.3.1/../../../../arm-none-eabi/lib/thumb/v6-m/nofp\libc_nano.a(lib_a-nano-vfprintf_i.o)
                0x0001f994                _printf_i
 .text._sbrk_r  0x0001fbb8       0x24 d:/programs/arm_gcc/bin/../lib/gcc/arm-none-eabi/9.3.1/../../../../arm-none-eabi/lib/thumb/v6-m/nofp\libc_nano.a(lib_a-sbrkr.o)
                0x0001fbb8                _sbrk_r
 .text.__sread  0x0001fbdc       0x28 d:/programs/arm_gcc/bin/../lib/gcc/arm-none-eabi/9.3.1/../../../../arm-none-eabi/lib/thumb/v6-m/nofp\libc_nano.a(lib_a-stdio.o)
                0x0001fbdc                __sread
 .text.__swrite
                0x0001fc04       0x38 d:/programs/arm_gcc/bin/../lib/gcc/arm-none-eabi/9.3.1/../../../../arm-none-eabi/lib/thumb/v6-m/nofp\libc_nano.a(lib_a-stdio.o)
                0x0001fc04                __swrite
 .text.__sseek  0x0001fc3c       0x2c d:/programs/arm_gcc/bin/../lib/gcc/arm-none-eabi/9.3.1/../../../../arm-none-eabi/lib/thumb/v6-m/nofp\libc_nano.a(lib_a-stdio.o)
                0x0001fc3c                __sseek
 .text.__sclose
                0x0001fc68        0xc d:/programs/arm_gcc/bin/../lib/gcc/arm-none-eabi/9.3.1/../../../../arm-none-eabi/lib/thumb/v6-m/nofp\libc_nano.a(lib_a-stdio.o)
                0x0001fc68                __sclose
 .text.__swbuf_r
                0x0001fc74       0xac d:/programs/arm_gcc/bin/../lib/gcc/arm-none-eabi/9.3.1/../../../../arm-none-eabi/lib/thumb/v6-m/nofp\libc_nano.a(lib_a-wbuf.o)
                0x0001fc74                __swbuf_r
 .text._write_r
                0x0001fd20       0x28 d:/programs/arm_gcc/bin/../lib/gcc/arm-none-eabi/9.3.1/../../../../arm-none-eabi/lib/thumb/v6-m/nofp\libc_nano.a(lib_a-writer.o)
                0x0001fd20                _write_r
 .text.__swsetup_r
                0x0001fd48       0xf0 d:/programs/arm_gcc/bin/../lib/gcc/arm-none-eabi/9.3.1/../../../../arm-none-eabi/lib/thumb/v6-m/nofp\libc_nano.a(lib_a-wsetup.o)
                0x0001fd48                __swsetup_r
 .text._close_r
                0x0001fe38       0x24 d:/programs/arm_gcc/bin/../lib/gcc/arm-none-eabi/9.3.1/../../../../arm-none-eabi/lib/thumb/v6-m/nofp\libc_nano.a(lib_a-closer.o)
                0x0001fe38                _close_r
 .text.__sflush_r
                0x0001fe5c      0x118 d:/programs/arm_gcc/bin/../lib/gcc/arm-none-eabi/9.3.1/../../../../arm-none-eabi/lib/thumb/v6-m/nofp\libc_nano.a(lib_a-fflush.o)
                0x0001fe5c                __sflush_r
 .text._fflush_r
                0x0001ff74       0x80 d:/programs/arm_gcc/bin/../lib/gcc/arm-none-eabi/9.3.1/../../../../arm-none-eabi/lib/thumb/v6-m/nofp\libc_nano.a(lib_a-fflush.o)
                0x0001ff74                _fflush_r
 .text._lseek_r
                0x0001fff4       0x28 d:/programs/arm_gcc/bin/../lib/gcc/arm-none-eabi/9.3.1/../../../../arm-none-eabi/lib/thumb/v6-m/nofp\libc_nano.a(lib_a-lseekr.o)
                0x0001fff4                _lseek_r
 .text.__swhatbuf_r
                0x0002001c       0x50 d:/programs/arm_gcc/bin/../lib/gcc/arm-none-eabi/9.3.1/../../../../arm-none-eabi/lib/thumb/v6-m/nofp\libc_nano.a(lib_a-makebuf.o)
                0x0002001c                __swhatbuf_r
 .text.__smakebuf_r
                0x0002006c       0x88 d:/programs/arm_gcc/bin/../lib/gcc/arm-none-eabi/9.3.1/../../../../arm-none-eabi/lib/thumb/v6-m/nofp\libc_nano.a(lib_a-makebuf.o)
                0x0002006c                __smakebuf_r
 .text.memchr   0x000200f4       0x16 d:/programs/arm_gcc/bin/../lib/gcc/arm-none-eabi/9.3.1/../../../../arm-none-eabi/lib/thumb/v6-m/nofp\libc_nano.a(lib_a-memchr-stub.o)
                0x000200f4                memchr
 *fill*         0x0002010a        0x2 
 .text.__malloc_lock
                0x0002010c       0x10 d:/programs/arm_gcc/bin/../lib/gcc/arm-none-eabi/9.3.1/../../../../arm-none-eabi/lib/thumb/v6-m/nofp\libc_nano.a(lib_a-mlock.o)
                0x0002010c                __malloc_lock
 .text.__malloc_unlock
                0x0002011c       0x10 d:/programs/arm_gcc/bin/../lib/gcc/arm-none-eabi/9.3.1/../../../../arm-none-eabi/lib/thumb/v6-m/nofp\libc_nano.a(lib_a-mlock.o)
                0x0002011c                __malloc_unlock
 .text._free_r  0x0002012c       0x94 d:/programs/arm_gcc/bin/../lib/gcc/arm-none-eabi/9.3.1/../../../../arm-none-eabi/lib/thumb/v6-m/nofp\libc_nano.a(lib_a-nano-freer.o)
                0x0002012c                _free_r
 .text._read_r  0x000201c0       0x28 d:/programs/arm_gcc/bin/../lib/gcc/arm-none-eabi/9.3.1/../../../../arm-none-eabi/lib/thumb/v6-m/nofp\libc_nano.a(lib_a-readr.o)
                0x000201c0                _read_r
 .text._fstat_r
                0x000201e8       0x24 d:/programs/arm_gcc/bin/../lib/gcc/arm-none-eabi/9.3.1/../../../../arm-none-eabi/lib/thumb/v6-m/nofp\libc_nano.a(lib_a-fstatr.o)
                0x000201e8                _fstat_r
 .text._isatty_r
                0x0002020c       0x24 d:/programs/arm_gcc/bin/../lib/gcc/arm-none-eabi/9.3.1/../../../../arm-none-eabi/lib/thumb/v6-m/nofp\libc_nano.a(lib_a-isattyr.o)
                0x0002020c                _isatty_r
 .text          0x00020230       0x14 d:/programs/arm_gcc/bin/../lib/gcc/arm-none-eabi/9.3.1/thumb/v6-m/nofp\libgcc.a(_thumb1_case_shi.o)
                0x00020230                __gnu_thumb1_case_shi
 .text._close   0x00020244       0x10 d:/programs/arm_gcc/bin/../lib/gcc/arm-none-eabi/9.3.1/../../../../arm-none-eabi/lib/thumb/v6-m/nofp\libnosys.a(close.o)
                0x00020244                _close
 .text._fstat   0x00020254       0x10 d:/programs/arm_gcc/bin/../lib/gcc/arm-none-eabi/9.3.1/../../../../arm-none-eabi/lib/thumb/v6-m/nofp\libnosys.a(fstat.o)
                0x00020254                _fstat
 .text._isatty  0x00020264       0x10 d:/programs/arm_gcc/bin/../lib/gcc/arm-none-eabi/9.3.1/../../../../arm-none-eabi/lib/thumb/v6-m/nofp\libnosys.a(isatty.o)
                0x00020264                _isatty
 .text._lseek   0x00020274       0x10 d:/programs/arm_gcc/bin/../lib/gcc/arm-none-eabi/9.3.1/../../../../arm-none-eabi/lib/thumb/v6-m/nofp\libnosys.a(lseek.o)
                0x00020274                _lseek
 .text._sbrk    0x00020284       0x1c d:/programs/arm_gcc/bin/../lib/gcc/arm-none-eabi/9.3.1/../../../../arm-none-eabi/lib/thumb/v6-m/nofp\libnosys.a(sbrk.o)
                0x00020284                _sbrk
 *(.init)
 .init          0x000202a0        0x4 d:/programs/arm_gcc/bin/../lib/gcc/arm-none-eabi/9.3.1/thumb/v6-m/nofp/crti.o
                0x000202a0                _init
 .init          0x000202a4        0x8 d:/programs/arm_gcc/bin/../lib/gcc/arm-none-eabi/9.3.1/thumb/v6-m/nofp/crtn.o
 *(.fini)
 .fini          0x000202ac        0x4 d:/programs/arm_gcc/bin/../lib/gcc/arm-none-eabi/9.3.1/thumb/v6-m/nofp/crti.o
                0x000202ac                _fini
 .fini          0x000202b0        0x8 d:/programs/arm_gcc/bin/../lib/gcc/arm-none-eabi/9.3.1/thumb/v6-m/nofp/crtn.o
 *crtbegin.o(.ctors)
 *crtbegin?.o(.ctors)
 *(EXCLUDE_FILE(*crtend.o *crtend?.o) .ctors)
 *(SORT_BY_NAME(.ctors.*))
 *(.ctors)
 *crtbegin.o(.dtors)
 *crtbegin?.o(.dtors)
 *(EXCLUDE_FILE(*crtend.o *crtend?.o) .dtors)
 *(SORT_BY_NAME(.dtors.*))
 *(.dtors)
 *(.rodata*)
 .rodata._global_impure_ptr
                0x000202b8        0x4 d:/programs/arm_gcc/bin/../lib/gcc/arm-none-eabi/9.3.1/../../../../arm-none-eabi/lib/thumb/v6-m/nofp\libc_nano.a(lib_a-impure.o)
                0x000202b8                _global_impure_ptr
 .rodata.m_detection_delay_timer_id
                0x000202bc        0x4 _build/nrf51422_xxac_app_button.c.o
 .rodata        0x000202c0       0x20 _build/nrf51422_xxac_app_uart_fifo.c.o
 .rodata.m_board_btn_list
                0x000202e0        0x4 _build/nrf51422_xxac_boards.c.o
 .rodata.m_board_led_list
                0x000202e4        0x4 _build/nrf51422_xxac_boards.c.o
 .rodata.leds_timer_handler
                0x000202e8       0x60 _build/nrf51422_xxac_bsp.c.o
 .rodata.bsp_indication_set
                0x00020348       0x60 _build/nrf51422_xxac_bsp.c.o
 .rodata.app_buttons
                0x000203a8       0x20 _build/nrf51422_xxac_bsp.c.o
 .rodata.m_alert_timer_id
                0x000203c8        0x4 _build/nrf51422_xxac_bsp.c.o
 .rodata.m_button_timer_id
                0x000203cc        0x4 _build/nrf51422_xxac_bsp.c.o
 .rodata.m_leds_timer_id
                0x000203d0        0x4 _build/nrf51422_xxac_bsp.c.o
 .rodata.main.str1.4
                0x000203d4       0x1c _build/nrf51422_xxac_main.c.o
 .rodata        0x000203f0       0x1c _build/nrf51422_xxac_main.c.o
 .rodata.ble_advertising_start.part.0
                0x0002040c       0x14 _build/nrf51422_xxac_ble_advertising.c.o
 .rodata.m_conn_params_timer_id
                0x00020420        0x4 _build/nrf51422_xxac_ble_conn_params.c.o
 .rodata        0x00020424       0x10 _build/nrf51422_xxac_ble_nus.c.o
 .rodata.__sf_fake_stderr
                0x00020434       0x20 d:/programs/arm_gcc/bin/../lib/gcc/arm-none-eabi/9.3.1/../../../../arm-none-eabi/lib/thumb/v6-m/nofp\libc_nano.a(lib_a-findfp.o)
                0x00020434                __sf_fake_stderr
 .rodata.__sf_fake_stdin
                0x00020454       0x20 d:/programs/arm_gcc/bin/../lib/gcc/arm-none-eabi/9.3.1/../../../../arm-none-eabi/lib/thumb/v6-m/nofp\libc_nano.a(lib_a-findfp.o)
                0x00020454                __sf_fake_stdin
 .rodata.__sf_fake_stdout
                0x00020474       0x20 d:/programs/arm_gcc/bin/../lib/gcc/arm-none-eabi/9.3.1/../../../../arm-none-eabi/lib/thumb/v6-m/nofp\libc_nano.a(lib_a-findfp.o)
                0x00020474                __sf_fake_stdout
 .rodata._vfprintf_r.str1.1
                0x00020494       0x11 d:/programs/arm_gcc/bin/../lib/gcc/arm-none-eabi/9.3.1/../../../../arm-none-eabi/lib/thumb/v6-m/nofp\libc_nano.a(lib_a-nano-vfprintf.o)
 .rodata._printf_i.str1.1
                0x000204a5       0x22 d:/programs/arm_gcc/bin/../lib/gcc/arm-none-eabi/9.3.1/../../../../arm-none-eabi/lib/thumb/v6-m/nofp\libc_nano.a(lib_a-nano-vfprintf_i.o)
 *(.eh_frame*)
 *fill*         0x000204c7        0x1 
 .eh_frame      0x000204c8        0x0 d:/programs/arm_gcc/bin/../lib/gcc/arm-none-eabi/9.3.1/thumb/v6-m/nofp/crtbegin.o
 .eh_frame      0x000204c8        0x4 d:/programs/arm_gcc/bin/../lib/gcc/arm-none-eabi/9.3.1/thumb/v6-m/nofp/crtend.o

.glue_7         0x000204cc        0x0
 .glue_7        0x000204cc        0x0 linker stubs

.glue_7t        0x000204cc        0x0
 .glue_7t       0x000204cc        0x0 linker stubs

.vfp11_veneer   0x000204cc        0x0
 .vfp11_veneer  0x000204cc        0x0 linker stubs

.v4_bx          0x000204cc        0x0
 .v4_bx         0x000204cc        0x0 linker stubs

.iplt           0x000204cc        0x0
 .iplt          0x000204cc        0x0 d:/programs/arm_gcc/bin/../lib/gcc/arm-none-eabi/9.3.1/thumb/v6-m/nofp/crtbegin.o

.ARM.extab
 *(.ARM.extab* .gnu.linkonce.armextab.*)
                0x000204cc                __exidx_start = .

.ARM.exidx      0x000204cc        0x8
 *(.ARM.exidx* .gnu.linkonce.armexidx.*)
 .ARM.exidx     0x000204cc        0x8 d:/programs/arm_gcc/bin/../lib/gcc/arm-none-eabi/9.3.1/../../../../arm-none-eabi/lib/thumb/v6-m/nofp/crt0.o
                                 0x10 (size before relaxing)
                0x000204d4                __exidx_end = .
                0x000204d4                __etext = .

.rel.dyn        0x000204d4        0x0
 .rel.iplt      0x000204d4        0x0 d:/programs/arm_gcc/bin/../lib/gcc/arm-none-eabi/9.3.1/thumb/v6-m/nofp/crtbegin.o

.data           0x20001fe8       0x90 load address 0x000204d4
                0x20001fe8                __data_start__ = .
 *(vtable)
 *(.data*)
 .data._impure_ptr
                0x20001fe8        0x4 d:/programs/arm_gcc/bin/../lib/gcc/arm-none-eabi/9.3.1/../../../../arm-none-eabi/lib/thumb/v6-m/nofp\libc_nano.a(lib_a-impure.o)
                0x20001fe8                _impure_ptr
 .data.impure_data
                0x20001fec       0x60 d:/programs/arm_gcc/bin/../lib/gcc/arm-none-eabi/9.3.1/../../../../arm-none-eabi/lib/thumb/v6-m/nofp\libc_nano.a(lib_a-impure.o)
 .data.app_uart_inst
                0x2000204c        0x8 _build/nrf51422_xxac_app_uart_fifo.c.o
 .data.m_adv_uuids
                0x20002054        0x4 _build/nrf51422_xxac_main.c.o
 .data.m_conn_handle
                0x20002058        0x2 _build/nrf51422_xxac_main.c.o
 *fill*         0x2000205a        0x2 
 .data.m_whitelist
                0x2000205c       0x10 _build/nrf51422_xxac_ble_advertising.c.o
 .data.SystemCoreClock
                0x2000206c        0x4 _build/nrf51422_xxac_system_nrf51.c.o
                0x2000206c                SystemCoreClock
                0x20002070                . = ALIGN (0x4)
                0x20002070                PROVIDE (__preinit_array_start = .)
 *(.preinit_array)
                0x20002070                PROVIDE (__preinit_array_end = .)
                0x20002070                . = ALIGN (0x4)
                0x20002070                PROVIDE (__init_array_start = .)
 *(SORT_BY_NAME(.init_array.*))
 *(.init_array)
 .init_array    0x20002070        0x4 d:/programs/arm_gcc/bin/../lib/gcc/arm-none-eabi/9.3.1/thumb/v6-m/nofp/crtbegin.o
                0x20002074                PROVIDE (__init_array_end = .)
                0x20002074                . = ALIGN (0x4)
                [!provide]                PROVIDE (__fini_array_start = .)
 *(SORT_BY_NAME(.fini_array.*))
 *(.fini_array)
 .fini_array    0x20002074        0x4 d:/programs/arm_gcc/bin/../lib/gcc/arm-none-eabi/9.3.1/thumb/v6-m/nofp/crtbegin.o
                [!provide]                PROVIDE (__fini_array_end = .)
 *(.jcr*)
                0x20002078                . = ALIGN (0x4)
                0x20002078                __data_end__ = .
LOAD d:/programs/arm_gcc/bin/../lib/gcc/arm-none-eabi/9.3.1/thumb/v6-m/nofp/crti.o
LOAD d:/programs/arm_gcc/bin/../lib/gcc/arm-none-eabi/9.3.1/thumb/v6-m/nofp/crtbegin.o
LOAD d:/programs/arm_gcc/bin/../lib/gcc/arm-none-eabi/9.3.1/../../../../arm-none-eabi/lib/thumb/v6-m/nofp/crt0.o
LOAD d:/programs/arm_gcc/bin/../lib/gcc/arm-none-eabi/9.3.1/../../../../arm-none-eabi/lib/thumb/v6-m/nofp\libc_nano.a
LOAD d:/programs/arm_gcc/bin/../lib/gcc/arm-none-eabi/9.3.1/../../../../arm-none-eabi/lib/thumb/v6-m/nofp\libnosys.a
LOAD _build/nrf51422_xxac_nrf_log_backend_serial.c.o
LOAD _build/nrf51422_xxac_nrf_log_frontend.c.o
LOAD _build/nrf51422_xxac_app_button.c.o
LOAD _build/nrf51422_xxac_app_error.c.o
LOAD _build/nrf51422_xxac_app_error_weak.c.o
LOAD _build/nrf51422_xxac_app_fifo.c.o
LOAD _build/nrf51422_xxac_app_timer.c.o
LOAD _build/nrf51422_xxac_app_uart_fifo.c.o
LOAD _build/nrf51422_xxac_app_util_platform.c.o
LOAD _build/nrf51422_xxac_fstorage.c.o
LOAD _build/nrf51422_xxac_hardfault_implementation.c.o
LOAD _build/nrf51422_xxac_nrf_assert.c.o
LOAD _build/nrf51422_xxac_retarget.c.o
LOAD _build/nrf51422_xxac_sdk_errors.c.o
LOAD _build/nrf51422_xxac_boards.c.o
LOAD _build/nrf51422_xxac_nrf_drv_clock.c.o
LOAD _build/nrf51422_xxac_nrf_drv_common.c.o
LOAD _build/nrf51422_xxac_nrf_drv_gpiote.c.o
LOAD _build/nrf51422_xxac_nrf_drv_uart.c.o
LOAD _build/nrf51422_xxac_bsp.c.o
LOAD _build/nrf51422_xxac_bsp_btn_ble.c.o
LOAD _build/nrf51422_xxac_bsp_nfc.c.o
LOAD _build/nrf51422_xxac_main.c.o
LOAD _build/nrf51422_xxac_RTT_Syscalls_GCC.c.o
LOAD _build/nrf51422_xxac_SEGGER_RTT.c.o
LOAD _build/nrf51422_xxac_SEGGER_RTT_printf.c.o
LOAD _build/nrf51422_xxac_ble_advdata.c.o
LOAD _build/nrf51422_xxac_ble_advertising.c.o
LOAD _build/nrf51422_xxac_ble_conn_params.c.o
LOAD _build/nrf51422_xxac_ble_srv_common.c.o
LOAD _build/nrf51422_xxac_gcc_startup_nrf51.S.o
LOAD _build/nrf51422_xxac_system_nrf51.c.o
LOAD _build/nrf51422_xxac_ble_nus.c.o
LOAD _build/nrf51422_xxac_softdevice_handler.c.o
LOAD d:/programs/arm_gcc/bin/../lib/gcc/arm-none-eabi/9.3.1/../../../../arm-none-eabi/lib/thumb/v6-m/nofp\libm.a
START GROUP
LOAD d:/programs/arm_gcc/bin/../lib/gcc/arm-none-eabi/9.3.1/thumb/v6-m/nofp\libgcc.a
LOAD d:/programs/arm_gcc/bin/../lib/gcc/arm-none-eabi/9.3.1/../../../../arm-none-eabi/lib/thumb/v6-m/nofp\libc_nano.a
END GROUP
START GROUP
LOAD d:/programs/arm_gcc/bin/../lib/gcc/arm-none-eabi/9.3.1/thumb/v6-m/nofp\libgcc.a
LOAD d:/programs/arm_gcc/bin/../lib/gcc/arm-none-eabi/9.3.1/../../../../arm-none-eabi/lib/thumb/v6-m/nofp\libc_nano.a
END GROUP
LOAD d:/programs/arm_gcc/bin/../lib/gcc/arm-none-eabi/9.3.1/thumb/v6-m/nofp/crtend.o
LOAD d:/programs/arm_gcc/bin/../lib/gcc/arm-none-eabi/9.3.1/thumb/v6-m/nofp/crtn.o
START GROUP
LOAD d:/programs/arm_gcc/bin/../lib/gcc/arm-none-eabi/9.3.1/thumb/v6-m/nofp\libgcc.a
LOAD d:/programs/arm_gcc/bin/../lib/gcc/arm-none-eabi/9.3.1/../../../../arm-none-eabi/lib/thumb/v6-m/nofp\libc.a
LOAD d:/programs/arm_gcc/bin/../lib/gcc/arm-none-eabi/9.3.1/../../../../arm-none-eabi/lib/thumb/v6-m/nofp\libnosys.a
END GROUP

.igot.plt       0x20002078        0x0 load address 0x00020564
 .igot.plt      0x20002078        0x0 d:/programs/arm_gcc/bin/../lib/gcc/arm-none-eabi/9.3.1/thumb/v6-m/nofp/crtbegin.o

.fs_data        0x20002078        0x0
                0x20002078                PROVIDE (__start_fs_data = .)
 *(.fs_data)
                0x20002078                PROVIDE (__stop_fs_data = .)

.pwr_mgmt_data  0x20002078        0x0
                [!provide]                PROVIDE (__start_pwr_mgmt_data = .)
 *(.pwr_mgmt_data)
                [!provide]                PROVIDE (__stop_pwr_mgmt_data = .)

.bss            0x20002078      0x768 load address 0x00020568
                0x20002078                . = ALIGN (0x4)
                0x20002078                __bss_start__ = .
 *(.bss*)
 .bss           0x20002078       0x1c d:/programs/arm_gcc/bin/../lib/gcc/arm-none-eabi/9.3.1/thumb/v6-m/nofp/crtbegin.o
 .bss.m_button_count
                0x20002094        0x1 _build/nrf51422_xxac_app_button.c.o
 *fill*         0x20002095        0x3 
 .bss.m_detection_delay
                0x20002098        0x4 _build/nrf51422_xxac_app_button.c.o
 .bss.m_detection_delay_timer_id_data
                0x2000209c       0x20 _build/nrf51422_xxac_app_button.c.o
 .bss.m_pin_state
                0x200020bc        0x4 _build/nrf51422_xxac_app_button.c.o
 .bss.m_pin_transition
                0x200020c0        0x4 _build/nrf51422_xxac_app_button.c.o
 .bss.mp_buttons
                0x200020c4        0x4 _build/nrf51422_xxac_app_button.c.o
 .bss.m_evt_schedule_func
                0x200020c8        0x4 _build/nrf51422_xxac_app_timer.c.o
 .bss.m_op_queue
                0x200020cc        0x8 _build/nrf51422_xxac_app_timer.c.o
 .bss.m_rtc1_reset
                0x200020d4        0x1 _build/nrf51422_xxac_app_timer.c.o
 .bss.m_rtc1_running
                0x200020d5        0x1 _build/nrf51422_xxac_app_timer.c.o
 *fill*         0x200020d6        0x2 
 .bss.m_ticks_elapsed
                0x200020d8        0x8 _build/nrf51422_xxac_app_timer.c.o
 .bss.m_ticks_elapsed_q_read_ind
                0x200020e0        0x1 _build/nrf51422_xxac_app_timer.c.o
 .bss.m_ticks_elapsed_q_write_ind
                0x200020e1        0x1 _build/nrf51422_xxac_app_timer.c.o
 *fill*         0x200020e2        0x2 
 .bss.m_ticks_latest
                0x200020e4        0x4 _build/nrf51422_xxac_app_timer.c.o
 .bss.mp_timer_id_head
                0x200020e8        0x4 _build/nrf51422_xxac_app_timer.c.o
 .bss.m_event_handler
                0x200020ec        0x4 _build/nrf51422_xxac_app_uart_fifo.c.o
 .bss.m_rx_fifo
                0x200020f0       0x10 _build/nrf51422_xxac_app_uart_fifo.c.o
 .bss.m_rx_ovf  0x20002100        0x1 _build/nrf51422_xxac_app_uart_fifo.c.o
 *fill*         0x20002101        0x3 
 .bss.m_tx_fifo
                0x20002104       0x10 _build/nrf51422_xxac_app_uart_fifo.c.o
 .bss.rx_buffer
                0x20002114        0x1 _build/nrf51422_xxac_app_uart_fifo.c.o
 *fill*         0x20002115        0x3 
 .bss.tx_buffer
                0x20002118        0x1 _build/nrf51422_xxac_app_uart_fifo.c.o
 *fill*         0x20002119        0x3 
 .bss.m_queue   0x2000211c       0x68 _build/nrf51422_xxac_fstorage.c.o
 .bss.m_clock_cb
                0x20002184       0x14 _build/nrf51422_xxac_nrf_drv_clock.c.o
 .bss.m_cb      0x20002198       0x48 _build/nrf51422_xxac_nrf_drv_gpiote.c.o
 .bss.m_cb      0x200021e0       0x1c _build/nrf51422_xxac_nrf_drv_uart.c.o
 .bss.current_long_push_pin_no.6112
                0x200021fc        0x1 _build/nrf51422_xxac_bsp.c.o
 *fill*         0x200021fd        0x3 
 .bss.m_alert_timer_id_data
                0x20002200       0x20 _build/nrf51422_xxac_bsp.c.o
 .bss.m_app_ticks_per_100ms
                0x20002220        0x4 _build/nrf51422_xxac_bsp.c.o
 .bss.m_button_timer_id_data
                0x20002224       0x20 _build/nrf51422_xxac_bsp.c.o
 .bss.m_events_list
                0x20002244        0xc _build/nrf51422_xxac_bsp.c.o
 .bss.m_indication_type
                0x20002250        0x4 _build/nrf51422_xxac_bsp.c.o
 .bss.m_leds_clear
                0x20002254        0x1 _build/nrf51422_xxac_bsp.c.o
 *fill*         0x20002255        0x3 
 .bss.m_leds_timer_id_data
                0x20002258       0x20 _build/nrf51422_xxac_bsp.c.o
 .bss.m_registered_callback
                0x20002278        0x4 _build/nrf51422_xxac_bsp.c.o
 .bss.m_stable_state
                0x2000227c        0x1 _build/nrf51422_xxac_bsp.c.o
 *fill*         0x2000227d        0x3 
 .bss.release_event_at_push.6113
                0x20002280        0x4 _build/nrf51422_xxac_bsp.c.o
 .bss.m_error_handler
                0x20002284        0x4 _build/nrf51422_xxac_bsp_btn_ble.c.o
 .bss.m_num_connections
                0x20002288        0x4 _build/nrf51422_xxac_bsp_btn_ble.c.o
 .bss.APP_TIMER_BUF.8128
                0x2000228c       0x78 _build/nrf51422_xxac_main.c.o
 .bss.BLE_EVT_BUFFER.8064
                0x20002304       0x48 _build/nrf51422_xxac_main.c.o
 .bss.data_array.8085
                0x2000234c       0x14 _build/nrf51422_xxac_main.c.o
 .bss.index.8086
                0x20002360        0x1 _build/nrf51422_xxac_main.c.o
 *fill*         0x20002361        0x3 
 .bss.m_nus     0x20002364       0x1c _build/nrf51422_xxac_main.c.o
 .bss.rx_buf.8100
                0x20002380      0x100 _build/nrf51422_xxac_main.c.o
 .bss.tx_buf.8101
                0x20002480      0x100 _build/nrf51422_xxac_main.c.o
 .bss.m_adv_evt
                0x20002580        0x1 _build/nrf51422_xxac_ble_advertising.c.o
 .bss.m_adv_mode_current
                0x20002581        0x1 _build/nrf51422_xxac_ble_advertising.c.o
 *fill*         0x20002582        0x2 
 .bss.m_adv_modes_config
                0x20002584       0x20 _build/nrf51422_xxac_ble_advertising.c.o
 .bss.m_advdata
                0x200025a4       0x3c _build/nrf51422_xxac_ble_advertising.c.o
 .bss.m_advertising_start_pending
                0x200025e0        0x1 _build/nrf51422_xxac_ble_advertising.c.o
 *fill*         0x200025e1        0x1 
 .bss.m_current_slave_link_conn_handle
                0x200025e2        0x2 _build/nrf51422_xxac_ble_advertising.c.o
 .bss.m_error_handler
                0x200025e4        0x4 _build/nrf51422_xxac_ble_advertising.c.o
 .bss.m_evt_handler
                0x200025e8        0x4 _build/nrf51422_xxac_ble_advertising.c.o
 .bss.m_initialized
                0x200025ec        0x1 _build/nrf51422_xxac_ble_advertising.c.o
 *fill*         0x200025ed        0x3 
 .bss.m_manuf_data_array
                0x200025f0       0x1f _build/nrf51422_xxac_ble_advertising.c.o
 *fill*         0x2000260f        0x1 
 .bss.m_manuf_specific_data
                0x20002610        0xc _build/nrf51422_xxac_ble_advertising.c.o
 .bss.m_p_whitelist_addrs
                0x2000261c       0x20 _build/nrf51422_xxac_ble_advertising.c.o
 .bss.m_p_whitelist_irks
                0x2000263c       0x20 _build/nrf51422_xxac_ble_advertising.c.o
 .bss.m_peer_addr_reply_expected
                0x2000265c        0x1 _build/nrf51422_xxac_ble_advertising.c.o
 *fill*         0x2000265d        0x3 
 .bss.m_peer_address
                0x20002660        0x7 _build/nrf51422_xxac_ble_advertising.c.o
 *fill*         0x20002667        0x1 
 .bss.m_service_data
                0x20002668        0xc _build/nrf51422_xxac_ble_advertising.c.o
 .bss.m_service_data_array
                0x20002674       0x1f _build/nrf51422_xxac_ble_advertising.c.o
 *fill*         0x20002693        0x1 
 .bss.m_slave_conn_int
                0x20002694        0x4 _build/nrf51422_xxac_ble_advertising.c.o
 .bss.m_whitelist_addrs
                0x20002698       0x38 _build/nrf51422_xxac_ble_advertising.c.o
 .bss.m_whitelist_irks
                0x200026d0       0x80 _build/nrf51422_xxac_ble_advertising.c.o
 .bss.m_whitelist_reply_expected
                0x20002750        0x1 _build/nrf51422_xxac_ble_advertising.c.o
 .bss.m_whitelist_temporarily_disabled
                0x20002751        0x1 _build/nrf51422_xxac_ble_advertising.c.o
 .bss.m_change_param
                0x20002752        0x1 _build/nrf51422_xxac_ble_conn_params.c.o
 *fill*         0x20002753        0x1 
 .bss.m_conn_handle
                0x20002754        0x2 _build/nrf51422_xxac_ble_conn_params.c.o
 *fill*         0x20002756        0x2 
 .bss.m_conn_params_config
                0x20002758       0x1c _build/nrf51422_xxac_ble_conn_params.c.o
 .bss.m_conn_params_timer_id_data
                0x20002774       0x20 _build/nrf51422_xxac_ble_conn_params.c.o
 .bss.m_current_conn_params
                0x20002794        0x8 _build/nrf51422_xxac_ble_conn_params.c.o
 .bss.m_preferred_conn_params
                0x2000279c        0x8 _build/nrf51422_xxac_ble_conn_params.c.o
 .bss.m_update_count
                0x200027a4        0x1 _build/nrf51422_xxac_ble_conn_params.c.o
 *fill*         0x200027a5        0x1 
 .bss.m_ble_evt_buffer_size
                0x200027a6        0x2 _build/nrf51422_xxac_softdevice_handler.c.o
 .bss.m_ble_evt_handler
                0x200027a8        0x4 _build/nrf51422_xxac_softdevice_handler.c.o
 .bss.m_evt_schedule_func
                0x200027ac        0x4 _build/nrf51422_xxac_softdevice_handler.c.o
 .bss.m_softdevice_enabled
                0x200027b0        0x1 _build/nrf51422_xxac_softdevice_handler.c.o
 .bss.m_suspended
                0x200027b1        0x1 _build/nrf51422_xxac_softdevice_handler.c.o
 *fill*         0x200027b2        0x2 
 .bss.m_sys_evt_handler
                0x200027b4        0x4 _build/nrf51422_xxac_softdevice_handler.c.o
 .bss.mp_ble_evt_buffer
                0x200027b8        0x4 _build/nrf51422_xxac_softdevice_handler.c.o
 .bss.__malloc_free_list
                0x200027bc        0x4 d:/programs/arm_gcc/bin/../lib/gcc/arm-none-eabi/9.3.1/../../../../arm-none-eabi/lib/thumb/v6-m/nofp\libc_nano.a(lib_a-nano-mallocr.o)
                0x200027bc                __malloc_free_list
 .bss.__malloc_sbrk_start
                0x200027c0        0x4 d:/programs/arm_gcc/bin/../lib/gcc/arm-none-eabi/9.3.1/../../../../arm-none-eabi/lib/thumb/v6-m/nofp\libc_nano.a(lib_a-nano-mallocr.o)
                0x200027c0                __malloc_sbrk_start
 .bss.heap_end.4144
                0x200027c4        0x4 d:/programs/arm_gcc/bin/../lib/gcc/arm-none-eabi/9.3.1/../../../../arm-none-eabi/lib/thumb/v6-m/nofp\libnosys.a(sbrk.o)
 *(COMMON)
 COMMON         0x200027c8        0x8 _build/nrf51422_xxac_app_util_platform.c.o
                0x200027c8                nrf_nvic_state
 COMMON         0x200027d0        0x9 d:/programs/arm_gcc/bin/../lib/gcc/arm-none-eabi/9.3.1/../../../../arm-none-eabi/lib/thumb/v6-m/nofp\libc_nano.a(lib_a-lock.o)
                0x200027d0                __lock___atexit_recursive_mutex
                0x200027d1                __lock___arc4random_mutex
                0x200027d2                __lock___env_recursive_mutex
                0x200027d3                __lock___sinit_recursive_mutex
                0x200027d4                __lock___malloc_recursive_mutex
                0x200027d5                __lock___at_quick_exit_mutex
                0x200027d6                __lock___dd_hash_mutex
                0x200027d7                __lock___tz_mutex
                0x200027d8                __lock___sfp_recursive_mutex
 *fill*         0x200027d9        0x3 
 COMMON         0x200027dc        0x4 d:/programs/arm_gcc/bin/../lib/gcc/arm-none-eabi/9.3.1/../../../../arm-none-eabi/lib/thumb/v6-m/nofp\libc_nano.a(lib_a-reent.o)
                0x200027dc                errno
                0x200027e0                . = ALIGN (0x4)
                0x200027e0                __bss_end__ = .

.heap           0x200027e0      0x800
                0x200027e0                __HeapBase = .
                0x200027e0                __end__ = .
                0x200027e0                PROVIDE (end = .)
 *(.heap*)
 .heap          0x200027e0      0x800 _build/nrf51422_xxac_gcc_startup_nrf51.S.o
                0x20002fe0                __HeapLimit = .

.stack_dummy    0x200027e0      0x800
 *(.stack*)
 .stack         0x200027e0      0x800 _build/nrf51422_xxac_gcc_startup_nrf51.S.o
                0x20008000                __StackTop = (ORIGIN (RAM) + LENGTH (RAM))
                0x20007800                __StackLimit = (__StackTop - SIZEOF (.stack_dummy))
                0x20008000                PROVIDE (__stack = __StackTop)
                0x00000001                ASSERT ((__StackLimit >= __HeapLimit), region RAM overflowed with stack)
OUTPUT(_build/nrf51422_xxac.out elf32-littlearm)
LOAD linker stubs

.ARM.attributes
                0x00000000       0x28
 .ARM.attributes
                0x00000000       0x1e d:/programs/arm_gcc/bin/../lib/gcc/arm-none-eabi/9.3.1/thumb/v6-m/nofp/crti.o
 .ARM.attributes
                0x0000001e       0x2c d:/programs/arm_gcc/bin/../lib/gcc/arm-none-eabi/9.3.1/thumb/v6-m/nofp/crtbegin.o
 .ARM.attributes
                0x0000004a       0x1b d:/programs/arm_gcc/bin/../lib/gcc/arm-none-eabi/9.3.1/../../../../arm-none-eabi/lib/thumb/v6-m/nofp/crt0.o
 .ARM.attributes
                0x00000065       0x2c d:/programs/arm_gcc/bin/../lib/gcc/arm-none-eabi/9.3.1/../../../../arm-none-eabi/lib/thumb/v6-m/nofp\libc_nano.a(lib_a-exit.o)
 .ARM.attributes
                0x00000091       0x2c d:/programs/arm_gcc/bin/../lib/gcc/arm-none-eabi/9.3.1/../../../../arm-none-eabi/lib/thumb/v6-m/nofp\libc_nano.a(lib_a-impure.o)
 .ARM.attributes
                0x000000bd       0x2c d:/programs/arm_gcc/bin/../lib/gcc/arm-none-eabi/9.3.1/../../../../arm-none-eabi/lib/thumb/v6-m/nofp\libc_nano.a(lib_a-init.o)
 .ARM.attributes
                0x000000e9       0x2c d:/programs/arm_gcc/bin/../lib/gcc/arm-none-eabi/9.3.1/../../../../arm-none-eabi/lib/thumb/v6-m/nofp\libc_nano.a(lib_a-memset.o)
 .ARM.attributes
                0x00000115       0x2c d:/programs/arm_gcc/bin/../lib/gcc/arm-none-eabi/9.3.1/../../../../arm-none-eabi/lib/thumb/v6-m/nofp\libnosys.a(_exit.o)
 .ARM.attributes
                0x00000141       0x2c _build/nrf51422_xxac_app_button.c.o
 .ARM.attributes
                0x0000016d       0x2c _build/nrf51422_xxac_app_error.c.o
 .ARM.attributes
                0x00000199       0x2c _build/nrf51422_xxac_app_error_weak.c.o
 .ARM.attributes
                0x000001c5       0x2c _build/nrf51422_xxac_app_fifo.c.o
 .ARM.attributes
                0x000001f1       0x2c _build/nrf51422_xxac_app_timer.c.o
 .ARM.attributes
                0x0000021d       0x2c _build/nrf51422_xxac_app_uart_fifo.c.o
 .ARM.attributes
                0x00000249       0x2c _build/nrf51422_xxac_app_util_platform.c.o
 .ARM.attributes
                0x00000275       0x2c _build/nrf51422_xxac_fstorage.c.o
 .ARM.attributes
                0x000002a1       0x2c _build/nrf51422_xxac_retarget.c.o
 .ARM.attributes
                0x000002cd       0x2c _build/nrf51422_xxac_boards.c.o
 .ARM.attributes
                0x000002f9       0x2c _build/nrf51422_xxac_nrf_drv_clock.c.o
 .ARM.attributes
                0x00000325       0x2c _build/nrf51422_xxac_nrf_drv_common.c.o
 .ARM.attributes
                0x00000351       0x2c _build/nrf51422_xxac_nrf_drv_gpiote.c.o
 .ARM.attributes
                0x0000037d       0x2c _build/nrf51422_xxac_nrf_drv_uart.c.o
 .ARM.attributes
                0x000003a9       0x2c _build/nrf51422_xxac_bsp.c.o
 .ARM.attributes
                0x000003d5       0x2c _build/nrf51422_xxac_bsp_btn_ble.c.o
 .ARM.attributes
                0x00000401       0x2c _build/nrf51422_xxac_main.c.o
 .ARM.attributes
                0x0000042d       0x2c _build/nrf51422_xxac_ble_advdata.c.o
 .ARM.attributes
                0x00000459       0x2c _build/nrf51422_xxac_ble_advertising.c.o
 .ARM.attributes
                0x00000485       0x2c _build/nrf51422_xxac_ble_conn_params.c.o
 .ARM.attributes
                0x000004b1       0x2c _build/nrf51422_xxac_ble_srv_common.c.o
 .ARM.attributes
                0x000004dd       0x1b _build/nrf51422_xxac_gcc_startup_nrf51.S.o
 .ARM.attributes
                0x000004f8       0x2c _build/nrf51422_xxac_system_nrf51.c.o
 .ARM.attributes
                0x00000524       0x2c _build/nrf51422_xxac_ble_nus.c.o
 .ARM.attributes
                0x00000550       0x2c _build/nrf51422_xxac_softdevice_handler.c.o
 .ARM.attributes
                0x0000057c       0x1e d:/programs/arm_gcc/bin/../lib/gcc/arm-none-eabi/9.3.1/thumb/v6-m/nofp\libgcc.a(_udivsi3.o)
 .ARM.attributes
                0x0000059a       0x1e d:/programs/arm_gcc/bin/../lib/gcc/arm-none-eabi/9.3.1/thumb/v6-m/nofp\libgcc.a(_divsi3.o)
 .ARM.attributes
                0x000005b8       0x1e d:/programs/arm_gcc/bin/../lib/gcc/arm-none-eabi/9.3.1/thumb/v6-m/nofp\libgcc.a(_dvmd_tls.o)
 .ARM.attributes
                0x000005d6       0x2c d:/programs/arm_gcc/bin/../lib/gcc/arm-none-eabi/9.3.1/../../../../arm-none-eabi/lib/thumb/v6-m/nofp\libc_nano.a(lib_a-memcpy-stub.o)
 .ARM.attributes
                0x00000602       0x2c d:/programs/arm_gcc/bin/../lib/gcc/arm-none-eabi/9.3.1/../../../../arm-none-eabi/lib/thumb/v6-m/nofp\libc_nano.a(lib_a-printf.o)
 .ARM.attributes
                0x0000062e       0x1c d:/programs/arm_gcc/bin/../lib/gcc/arm-none-eabi/9.3.1/../../../../arm-none-eabi/lib/thumb/v6-m/nofp\libc_nano.a(lib_a-strlen.o)
 .ARM.attributes
                0x0000064a       0x2c d:/programs/arm_gcc/bin/../lib/gcc/arm-none-eabi/9.3.1/../../../../arm-none-eabi/lib/thumb/v6-m/nofp\libc_nano.a(lib_a-findfp.o)
 .ARM.attributes
                0x00000676       0x2c d:/programs/arm_gcc/bin/../lib/gcc/arm-none-eabi/9.3.1/../../../../arm-none-eabi/lib/thumb/v6-m/nofp\libc_nano.a(lib_a-fwalk.o)
 .ARM.attributes
                0x000006a2       0x2c d:/programs/arm_gcc/bin/../lib/gcc/arm-none-eabi/9.3.1/../../../../arm-none-eabi/lib/thumb/v6-m/nofp\libc_nano.a(lib_a-lock.o)
 .ARM.attributes
                0x000006ce       0x2c d:/programs/arm_gcc/bin/../lib/gcc/arm-none-eabi/9.3.1/../../../../arm-none-eabi/lib/thumb/v6-m/nofp\libc_nano.a(lib_a-nano-mallocr.o)
 .ARM.attributes
                0x000006fa       0x2c d:/programs/arm_gcc/bin/../lib/gcc/arm-none-eabi/9.3.1/../../../../arm-none-eabi/lib/thumb/v6-m/nofp\libc_nano.a(lib_a-nano-vfprintf.o)
 .ARM.attributes
                0x00000726       0x2c d:/programs/arm_gcc/bin/../lib/gcc/arm-none-eabi/9.3.1/../../../../arm-none-eabi/lib/thumb/v6-m/nofp\libc_nano.a(lib_a-nano-vfprintf_i.o)
 .ARM.attributes
                0x00000752       0x2c d:/programs/arm_gcc/bin/../lib/gcc/arm-none-eabi/9.3.1/../../../../arm-none-eabi/lib/thumb/v6-m/nofp\libc_nano.a(lib_a-sbrkr.o)
 .ARM.attributes
                0x0000077e       0x2c d:/programs/arm_gcc/bin/../lib/gcc/arm-none-eabi/9.3.1/../../../../arm-none-eabi/lib/thumb/v6-m/nofp\libc_nano.a(lib_a-stdio.o)
 .ARM.attributes
                0x000007aa       0x2c d:/programs/arm_gcc/bin/../lib/gcc/arm-none-eabi/9.3.1/../../../../arm-none-eabi/lib/thumb/v6-m/nofp\libc_nano.a(lib_a-wbuf.o)
 .ARM.attributes
                0x000007d6       0x2c d:/programs/arm_gcc/bin/../lib/gcc/arm-none-eabi/9.3.1/../../../../arm-none-eabi/lib/thumb/v6-m/nofp\libc_nano.a(lib_a-writer.o)
 .ARM.attributes
                0x00000802       0x2c d:/programs/arm_gcc/bin/../lib/gcc/arm-none-eabi/9.3.1/../../../../arm-none-eabi/lib/thumb/v6-m/nofp\libc_nano.a(lib_a-wsetup.o)
 .ARM.attributes
                0x0000082e       0x2c d:/programs/arm_gcc/bin/../lib/gcc/arm-none-eabi/9.3.1/../../../../arm-none-eabi/lib/thumb/v6-m/nofp\libc_nano.a(lib_a-closer.o)
 .ARM.attributes
                0x0000085a       0x2c d:/programs/arm_gcc/bin/../lib/gcc/arm-none-eabi/9.3.1/../../../../arm-none-eabi/lib/thumb/v6-m/nofp\libc_nano.a(lib_a-fflush.o)
 .ARM.attributes
                0x00000886       0x2c d:/programs/arm_gcc/bin/../lib/gcc/arm-none-eabi/9.3.1/../../../../arm-none-eabi/lib/thumb/v6-m/nofp\libc_nano.a(lib_a-lseekr.o)
 .ARM.attributes
                0x000008b2       0x2c d:/programs/arm_gcc/bin/../lib/gcc/arm-none-eabi/9.3.1/../../../../arm-none-eabi/lib/thumb/v6-m/nofp\libc_nano.a(lib_a-makebuf.o)
 .ARM.attributes
                0x000008de       0x2c d:/programs/arm_gcc/bin/../lib/gcc/arm-none-eabi/9.3.1/../../../../arm-none-eabi/lib/thumb/v6-m/nofp\libc_nano.a(lib_a-memchr-stub.o)
 .ARM.attributes
                0x0000090a       0x2c d:/programs/arm_gcc/bin/../lib/gcc/arm-none-eabi/9.3.1/../../../../arm-none-eabi/lib/thumb/v6-m/nofp\libc_nano.a(lib_a-mlock.o)
 .ARM.attributes
                0x00000936       0x2c d:/programs/arm_gcc/bin/../lib/gcc/arm-none-eabi/9.3.1/../../../../arm-none-eabi/lib/thumb/v6-m/nofp\libc_nano.a(lib_a-nano-freer.o)
 .ARM.attributes
                0x00000962       0x2c d:/programs/arm_gcc/bin/../lib/gcc/arm-none-eabi/9.3.1/../../../../arm-none-eabi/lib/thumb/v6-m/nofp\libc_nano.a(lib_a-readr.o)
 .ARM.attributes
                0x0000098e       0x2c d:/programs/arm_gcc/bin/../lib/gcc/arm-none-eabi/9.3.1/../../../../arm-none-eabi/lib/thumb/v6-m/nofp\libc_nano.a(lib_a-reent.o)
 .ARM.attributes
                0x000009ba       0x2c d:/programs/arm_gcc/bin/../lib/gcc/arm-none-eabi/9.3.1/../../../../arm-none-eabi/lib/thumb/v6-m/nofp\libc_nano.a(lib_a-fstatr.o)
 .ARM.attributes
                0x000009e6       0x2c d:/programs/arm_gcc/bin/../lib/gcc/arm-none-eabi/9.3.1/../../../../arm-none-eabi/lib/thumb/v6-m/nofp\libc_nano.a(lib_a-isattyr.o)
 .ARM.attributes
                0x00000a12       0x1e d:/programs/arm_gcc/bin/../lib/gcc/arm-none-eabi/9.3.1/thumb/v6-m/nofp\libgcc.a(_thumb1_case_shi.o)
 .ARM.attributes
                0x00000a30       0x2c d:/programs/arm_gcc/bin/../lib/gcc/arm-none-eabi/9.3.1/thumb/v6-m/nofp/crtend.o
 .ARM.attributes
                0x00000a5c       0x1e d:/programs/arm_gcc/bin/../lib/gcc/arm-none-eabi/9.3.1/thumb/v6-m/nofp/crtn.o
 .ARM.attributes
                0x00000a7a       0x2c d:/programs/arm_gcc/bin/../lib/gcc/arm-none-eabi/9.3.1/../../../../arm-none-eabi/lib/thumb/v6-m/nofp\libnosys.a(close.o)
 .ARM.attributes
                0x00000aa6       0x2c d:/programs/arm_gcc/bin/../lib/gcc/arm-none-eabi/9.3.1/../../../../arm-none-eabi/lib/thumb/v6-m/nofp\libnosys.a(fstat.o)
 .ARM.attributes
                0x00000ad2       0x2c d:/programs/arm_gcc/bin/../lib/gcc/arm-none-eabi/9.3.1/../../../../arm-none-eabi/lib/thumb/v6-m/nofp\libnosys.a(isatty.o)
 .ARM.attributes
                0x00000afe       0x2c d:/programs/arm_gcc/bin/../lib/gcc/arm-none-eabi/9.3.1/../../../../arm-none-eabi/lib/thumb/v6-m/nofp\libnosys.a(lseek.o)
 .ARM.attributes
                0x00000b2a       0x2c d:/programs/arm_gcc/bin/../lib/gcc/arm-none-eabi/9.3.1/../../../../arm-none-eabi/lib/thumb/v6-m/nofp\libnosys.a(sbrk.o)

.comment        0x00000000       0x4c
 .comment       0x00000000       0x4c _build/nrf51422_xxac_app_button.c.o
                                 0x4d (size before relaxing)
 .comment       0x0000004c       0x4d _build/nrf51422_xxac_app_error.c.o
 .comment       0x0000004c       0x4d _build/nrf51422_xxac_app_error_weak.c.o
 .comment       0x0000004c       0x4d _build/nrf51422_xxac_app_fifo.c.o
 .comment       0x0000004c       0x4d _build/nrf51422_xxac_app_timer.c.o
 .comment       0x0000004c       0x4d _build/nrf51422_xxac_app_uart_fifo.c.o
 .comment       0x0000004c       0x4d _build/nrf51422_xxac_app_util_platform.c.o
 .comment       0x0000004c       0x4d _build/nrf51422_xxac_fstorage.c.o
 .comment       0x0000004c       0x4d _build/nrf51422_xxac_retarget.c.o
 .comment       0x0000004c       0x4d _build/nrf51422_xxac_boards.c.o
 .comment       0x0000004c       0x4d _build/nrf51422_xxac_nrf_drv_clock.c.o
 .comment       0x0000004c       0x4d _build/nrf51422_xxac_nrf_drv_common.c.o
 .comment       0x0000004c       0x4d _build/nrf51422_xxac_nrf_drv_gpiote.c.o
 .comment       0x0000004c       0x4d _build/nrf51422_xxac_nrf_drv_uart.c.o
 .comment       0x0000004c       0x4d _build/nrf51422_xxac_bsp.c.o
 .comment       0x0000004c       0x4d _build/nrf51422_xxac_bsp_btn_ble.c.o
 .comment       0x0000004c       0x4d _build/nrf51422_xxac_main.c.o
 .comment       0x0000004c       0x4d _build/nrf51422_xxac_ble_advdata.c.o
 .comment       0x0000004c       0x4d _build/nrf51422_xxac_ble_advertising.c.o
 .comment       0x0000004c       0x4d _build/nrf51422_xxac_ble_conn_params.c.o
 .comment       0x0000004c       0x4d _build/nrf51422_xxac_ble_srv_common.c.o
 .comment       0x0000004c       0x4d _build/nrf51422_xxac_system_nrf51.c.o
 .comment       0x0000004c       0x4d _build/nrf51422_xxac_ble_nus.c.o
 .comment       0x0000004c       0x4d _build/nrf51422_xxac_softdevice_handler.c.o

.debug_frame    0x00000000     0x1ea8
 .debug_frame   0x00000000       0x28 d:/programs/arm_gcc/bin/../lib/gcc/arm-none-eabi/9.3.1/../../../../arm-none-eabi/lib/thumb/v6-m/nofp\libc_nano.a(lib_a-exit.o)
 .debug_frame   0x00000028       0x2c d:/programs/arm_gcc/bin/../lib/gcc/arm-none-eabi/9.3.1/../../../../arm-none-eabi/lib/thumb/v6-m/nofp\libc_nano.a(lib_a-init.o)
 .debug_frame   0x00000054       0x20 d:/programs/arm_gcc/bin/../lib/gcc/arm-none-eabi/9.3.1/../../../../arm-none-eabi/lib/thumb/v6-m/nofp\libc_nano.a(lib_a-memset.o)
 .debug_frame   0x00000074       0x20 d:/programs/arm_gcc/bin/../lib/gcc/arm-none-eabi/9.3.1/../../../../arm-none-eabi/lib/thumb/v6-m/nofp\libnosys.a(_exit.o)
 .debug_frame   0x00000094       0xd4 _build/nrf51422_xxac_app_button.c.o
 .debug_frame   0x00000168       0x5c _build/nrf51422_xxac_app_error.c.o
 .debug_frame   0x000001c4       0x20 _build/nrf51422_xxac_app_error_weak.c.o
 .debug_frame   0x000001e4       0xb4 _build/nrf51422_xxac_app_fifo.c.o
 .debug_frame   0x00000298      0x118 _build/nrf51422_xxac_app_timer.c.o
 .debug_frame   0x000003b0       0xb8 _build/nrf51422_xxac_app_uart_fifo.c.o
 .debug_frame   0x00000468       0x68 _build/nrf51422_xxac_app_util_platform.c.o
 .debug_frame   0x000004d0      0x13c _build/nrf51422_xxac_fstorage.c.o
 .debug_frame   0x0000060c       0x44 _build/nrf51422_xxac_retarget.c.o
 .debug_frame   0x00000650       0xe8 _build/nrf51422_xxac_boards.c.o
 .debug_frame   0x00000738      0x1bc _build/nrf51422_xxac_nrf_drv_clock.c.o
 .debug_frame   0x000008f4       0x40 _build/nrf51422_xxac_nrf_drv_common.c.o
 .debug_frame   0x00000934      0x1fc _build/nrf51422_xxac_nrf_drv_gpiote.c.o
 .debug_frame   0x00000b30      0x14c _build/nrf51422_xxac_nrf_drv_uart.c.o
 .debug_frame   0x00000c7c      0x144 _build/nrf51422_xxac_bsp.c.o
 .debug_frame   0x00000dc0       0x58 _build/nrf51422_xxac_bsp_btn_ble.c.o
 .debug_frame   0x00000e18      0x18c _build/nrf51422_xxac_main.c.o
 .debug_frame   0x00000fa4       0xd4 _build/nrf51422_xxac_ble_advdata.c.o
 .debug_frame   0x00001078      0x124 _build/nrf51422_xxac_ble_advertising.c.o
 .debug_frame   0x0000119c       0xf4 _build/nrf51422_xxac_ble_conn_params.c.o
 .debug_frame   0x00001290       0xc4 _build/nrf51422_xxac_ble_srv_common.c.o
 .debug_frame   0x00001354       0x30 _build/nrf51422_xxac_system_nrf51.c.o
 .debug_frame   0x00001384       0xb4 _build/nrf51422_xxac_ble_nus.c.o
 .debug_frame   0x00001438      0x1b8 _build/nrf51422_xxac_softdevice_handler.c.o
 .debug_frame   0x000015f0       0x20 d:/programs/arm_gcc/bin/../lib/gcc/arm-none-eabi/9.3.1/thumb/v6-m/nofp\libgcc.a(_udivsi3.o)
 .debug_frame   0x00001610       0x20 d:/programs/arm_gcc/bin/../lib/gcc/arm-none-eabi/9.3.1/thumb/v6-m/nofp\libgcc.a(_divsi3.o)
 .debug_frame   0x00001630       0x28 d:/programs/arm_gcc/bin/../lib/gcc/arm-none-eabi/9.3.1/../../../../arm-none-eabi/lib/thumb/v6-m/nofp\libc_nano.a(lib_a-memcpy-stub.o)
 .debug_frame   0x00001658       0x50 d:/programs/arm_gcc/bin/../lib/gcc/arm-none-eabi/9.3.1/../../../../arm-none-eabi/lib/thumb/v6-m/nofp\libc_nano.a(lib_a-printf.o)
 .debug_frame   0x000016a8      0x170 d:/programs/arm_gcc/bin/../lib/gcc/arm-none-eabi/9.3.1/../../../../arm-none-eabi/lib/thumb/v6-m/nofp\libc_nano.a(lib_a-findfp.o)
 .debug_frame   0x00001818       0x58 d:/programs/arm_gcc/bin/../lib/gcc/arm-none-eabi/9.3.1/../../../../arm-none-eabi/lib/thumb/v6-m/nofp\libc_nano.a(lib_a-fwalk.o)
 .debug_frame   0x00001870       0xb0 d:/programs/arm_gcc/bin/../lib/gcc/arm-none-eabi/9.3.1/../../../../arm-none-eabi/lib/thumb/v6-m/nofp\libc_nano.a(lib_a-lock.o)
 .debug_frame   0x00001920       0x30 d:/programs/arm_gcc/bin/../lib/gcc/arm-none-eabi/9.3.1/../../../../arm-none-eabi/lib/thumb/v6-m/nofp\libc_nano.a(lib_a-nano-mallocr.o)
 .debug_frame   0x00001950       0x9c d:/programs/arm_gcc/bin/../lib/gcc/arm-none-eabi/9.3.1/../../../../arm-none-eabi/lib/thumb/v6-m/nofp\libc_nano.a(lib_a-nano-vfprintf.o)
 .debug_frame   0x000019ec       0x54 d:/programs/arm_gcc/bin/../lib/gcc/arm-none-eabi/9.3.1/../../../../arm-none-eabi/lib/thumb/v6-m/nofp\libc_nano.a(lib_a-nano-vfprintf_i.o)
 .debug_frame   0x00001a40       0x2c d:/programs/arm_gcc/bin/../lib/gcc/arm-none-eabi/9.3.1/../../../../arm-none-eabi/lib/thumb/v6-m/nofp\libc_nano.a(lib_a-sbrkr.o)
 .debug_frame   0x00001a6c       0x90 d:/programs/arm_gcc/bin/../lib/gcc/arm-none-eabi/9.3.1/../../../../arm-none-eabi/lib/thumb/v6-m/nofp\libc_nano.a(lib_a-stdio.o)
 .debug_frame   0x00001afc       0x48 d:/programs/arm_gcc/bin/../lib/gcc/arm-none-eabi/9.3.1/../../../../arm-none-eabi/lib/thumb/v6-m/nofp\libc_nano.a(lib_a-wbuf.o)
 .debug_frame   0x00001b44       0x2c d:/programs/arm_gcc/bin/../lib/gcc/arm-none-eabi/9.3.1/../../../../arm-none-eabi/lib/thumb/v6-m/nofp\libc_nano.a(lib_a-writer.o)
 .debug_frame   0x00001b70       0x2c d:/programs/arm_gcc/bin/../lib/gcc/arm-none-eabi/9.3.1/../../../../arm-none-eabi/lib/thumb/v6-m/nofp\libc_nano.a(lib_a-wsetup.o)
 .debug_frame   0x00001b9c       0x2c d:/programs/arm_gcc/bin/../lib/gcc/arm-none-eabi/9.3.1/../../../../arm-none-eabi/lib/thumb/v6-m/nofp\libc_nano.a(lib_a-closer.o)
 .debug_frame   0x00001bc8       0x68 d:/programs/arm_gcc/bin/../lib/gcc/arm-none-eabi/9.3.1/../../../../arm-none-eabi/lib/thumb/v6-m/nofp\libc_nano.a(lib_a-fflush.o)
 .debug_frame   0x00001c30       0x2c d:/programs/arm_gcc/bin/../lib/gcc/arm-none-eabi/9.3.1/../../../../arm-none-eabi/lib/thumb/v6-m/nofp\libc_nano.a(lib_a-lseekr.o)
 .debug_frame   0x00001c5c       0x54 d:/programs/arm_gcc/bin/../lib/gcc/arm-none-eabi/9.3.1/../../../../arm-none-eabi/lib/thumb/v6-m/nofp\libc_nano.a(lib_a-makebuf.o)
 .debug_frame   0x00001cb0       0x20 d:/programs/arm_gcc/bin/../lib/gcc/arm-none-eabi/9.3.1/../../../../arm-none-eabi/lib/thumb/v6-m/nofp\libc_nano.a(lib_a-memchr-stub.o)
 .debug_frame   0x00001cd0       0x40 d:/programs/arm_gcc/bin/../lib/gcc/arm-none-eabi/9.3.1/../../../../arm-none-eabi/lib/thumb/v6-m/nofp\libc_nano.a(lib_a-mlock.o)
 .debug_frame   0x00001d10       0x2c d:/programs/arm_gcc/bin/../lib/gcc/arm-none-eabi/9.3.1/../../../../arm-none-eabi/lib/thumb/v6-m/nofp\libc_nano.a(lib_a-nano-freer.o)
 .debug_frame   0x00001d3c       0x2c d:/programs/arm_gcc/bin/../lib/gcc/arm-none-eabi/9.3.1/../../../../arm-none-eabi/lib/thumb/v6-m/nofp\libc_nano.a(lib_a-readr.o)
 .debug_frame   0x00001d68       0x48 d:/programs/arm_gcc/bin/../lib/gcc/arm-none-eabi/9.3.1/../../../../arm-none-eabi/lib/thumb/v6-m/nofp\libc_nano.a(lib_a-reent.o)
 .debug_frame   0x00001db0       0x2c d:/programs/arm_gcc/bin/../lib/gcc/arm-none-eabi/9.3.1/../../../../arm-none-eabi/lib/thumb/v6-m/nofp\libc_nano.a(lib_a-fstatr.o)
 .debug_frame   0x00001ddc       0x2c d:/programs/arm_gcc/bin/../lib/gcc/arm-none-eabi/9.3.1/../../../../arm-none-eabi/lib/thumb/v6-m/nofp\libc_nano.a(lib_a-isattyr.o)
 .debug_frame   0x00001e08       0x20 d:/programs/arm_gcc/bin/../lib/gcc/arm-none-eabi/9.3.1/../../../../arm-none-eabi/lib/thumb/v6-m/nofp\libnosys.a(close.o)
 .debug_frame   0x00001e28       0x20 d:/programs/arm_gcc/bin/../lib/gcc/arm-none-eabi/9.3.1/../../../../arm-none-eabi/lib/thumb/v6-m/nofp\libnosys.a(fstat.o)
 .debug_frame   0x00001e48       0x20 d:/programs/arm_gcc/bin/../lib/gcc/arm-none-eabi/9.3.1/../../../../arm-none-eabi/lib/thumb/v6-m/nofp\libnosys.a(isatty.o)
 .debug_frame   0x00001e68       0x20 d:/programs/arm_gcc/bin/../lib/gcc/arm-none-eabi/9.3.1/../../../../arm-none-eabi/lib/thumb/v6-m/nofp\libnosys.a(lseek.o)
 .debug_frame   0x00001e88       0x20 d:/programs/arm_gcc/bin/../lib/gcc/arm-none-eabi/9.3.1/../../../../arm-none-eabi/lib/thumb/v6-m/nofp\libnosys.a(sbrk.o)

.debug_info     0x00000000    0x2ca56
 .debug_info    0x00000000      0xf27 _build/nrf51422_xxac_app_button.c.o
 .debug_info    0x00000f27      0xc18 _build/nrf51422_xxac_app_error.c.o
 .debug_info    0x00001b3f      0xac5 _build/nrf51422_xxac_app_error_weak.c.o
 .debug_info    0x00002604      0xf91 _build/nrf51422_xxac_app_fifo.c.o
 .debug_info    0x00003595     0x27df _build/nrf51422_xxac_app_timer.c.o
 .debug_info    0x00005d74     0x183b _build/nrf51422_xxac_app_uart_fifo.c.o
 .debug_info    0x000075af      0xe5c _build/nrf51422_xxac_app_util_platform.c.o
 .debug_info    0x0000840b     0x1ba9 _build/nrf51422_xxac_fstorage.c.o
 .debug_info    0x00009fb4      0xab4 _build/nrf51422_xxac_retarget.c.o
 .debug_info    0x0000aa68     0x161a _build/nrf51422_xxac_boards.c.o
 .debug_info    0x0000c082     0x20de _build/nrf51422_xxac_nrf_drv_clock.c.o
 .debug_info    0x0000e160      0xdee _build/nrf51422_xxac_nrf_drv_common.c.o
 .debug_info    0x0000ef4e     0x3505 _build/nrf51422_xxac_nrf_drv_gpiote.c.o
 .debug_info    0x00012453     0x3bcf _build/nrf51422_xxac_nrf_drv_uart.c.o
 .debug_info    0x00016022     0x1c59 _build/nrf51422_xxac_bsp.c.o
 .debug_info    0x00017c7b     0x213a _build/nrf51422_xxac_bsp_btn_ble.c.o
 .debug_info    0x00019db5     0x4609 _build/nrf51422_xxac_main.c.o
 .debug_info    0x0001e3be     0x1ede _build/nrf51422_xxac_ble_advdata.c.o
 .debug_info    0x0002029c     0x30ef _build/nrf51422_xxac_ble_advertising.c.o
 .debug_info    0x0002338b     0x2681 _build/nrf51422_xxac_ble_conn_params.c.o
 .debug_info    0x00025a0c     0x1696 _build/nrf51422_xxac_ble_srv_common.c.o
 .debug_info    0x000270a2      0x1fb _build/nrf51422_xxac_system_nrf51.c.o
 .debug_info    0x0002729d     0x286c _build/nrf51422_xxac_ble_nus.c.o
 .debug_info    0x00029b09     0x2f4d _build/nrf51422_xxac_softdevice_handler.c.o

.debug_abbrev   0x00000000     0x6172
 .debug_abbrev  0x00000000      0x2e9 _build/nrf51422_xxac_app_button.c.o
 .debug_abbrev  0x000002e9      0x276 _build/nrf51422_xxac_app_error.c.o
 .debug_abbrev  0x0000055f      0x24e _build/nrf51422_xxac_app_error_weak.c.o
 .debug_abbrev  0x000007ad      0x2d1 _build/nrf51422_xxac_app_fifo.c.o
 .debug_abbrev  0x00000a7e      0x523 _build/nrf51422_xxac_app_timer.c.o
 .debug_abbrev  0x00000fa1      0x369 _build/nrf51422_xxac_app_uart_fifo.c.o
 .debug_abbrev  0x0000130a      0x393 _build/nrf51422_xxac_app_util_platform.c.o
 .debug_abbrev  0x0000169d      0x531 _build/nrf51422_xxac_fstorage.c.o
 .debug_abbrev  0x00001bce      0x24e _build/nrf51422_xxac_retarget.c.o
 .debug_abbrev  0x00001e1c      0x3e9 _build/nrf51422_xxac_boards.c.o
 .debug_abbrev  0x00002205      0x5f5 _build/nrf51422_xxac_nrf_drv_clock.c.o
 .debug_abbrev  0x000027fa      0x2cd _build/nrf51422_xxac_nrf_drv_common.c.o
 .debug_abbrev  0x00002ac7      0x5e2 _build/nrf51422_xxac_nrf_drv_gpiote.c.o
 .debug_abbrev  0x000030a9      0x4cc _build/nrf51422_xxac_nrf_drv_uart.c.o
 .debug_abbrev  0x00003575      0x4cf _build/nrf51422_xxac_bsp.c.o
 .debug_abbrev  0x00003a44      0x3fa _build/nrf51422_xxac_bsp_btn_ble.c.o
 .debug_abbrev  0x00003e3e      0x55c _build/nrf51422_xxac_main.c.o
 .debug_abbrev  0x0000439a      0x427 _build/nrf51422_xxac_ble_advdata.c.o
 .debug_abbrev  0x000047c1      0x596 _build/nrf51422_xxac_ble_advertising.c.o
 .debug_abbrev  0x00004d57      0x509 _build/nrf51422_xxac_ble_conn_params.c.o
 .debug_abbrev  0x00005260      0x3b7 _build/nrf51422_xxac_ble_srv_common.c.o
 .debug_abbrev  0x00005617      0x124 _build/nrf51422_xxac_system_nrf51.c.o
 .debug_abbrev  0x0000573b      0x40a _build/nrf51422_xxac_ble_nus.c.o
 .debug_abbrev  0x00005b45      0x62d _build/nrf51422_xxac_softdevice_handler.c.o

.debug_loc      0x00000000     0xdea5
 .debug_loc     0x00000000      0x436 _build/nrf51422_xxac_app_button.c.o
 .debug_loc     0x00000436      0x158 _build/nrf51422_xxac_app_error.c.o
 .debug_loc     0x0000058e       0x25 _build/nrf51422_xxac_app_error_weak.c.o
 .debug_loc     0x000005b3      0x811 _build/nrf51422_xxac_app_fifo.c.o
 .debug_loc     0x00000dc4     0x1581 _build/nrf51422_xxac_app_timer.c.o
 .debug_loc     0x00002345      0x429 _build/nrf51422_xxac_app_uart_fifo.c.o
 .debug_loc     0x0000276e       0xb5 _build/nrf51422_xxac_app_util_platform.c.o
 .debug_loc     0x00002823      0xb37 _build/nrf51422_xxac_fstorage.c.o
 .debug_loc     0x0000335a      0x14b _build/nrf51422_xxac_retarget.c.o
 .debug_loc     0x000034a5      0xd7b _build/nrf51422_xxac_boards.c.o
 .debug_loc     0x00004220      0x630 _build/nrf51422_xxac_nrf_drv_clock.c.o
 .debug_loc     0x00004850       0xfe _build/nrf51422_xxac_nrf_drv_common.c.o
 .debug_loc     0x0000494e     0x2ca6 _build/nrf51422_xxac_nrf_drv_gpiote.c.o
 .debug_loc     0x000075f4     0x20b0 _build/nrf51422_xxac_nrf_drv_uart.c.o
 .debug_loc     0x000096a4      0xdc2 _build/nrf51422_xxac_bsp.c.o
 .debug_loc     0x0000a466      0x228 _build/nrf51422_xxac_bsp_btn_ble.c.o
 .debug_loc     0x0000a68e      0xbba _build/nrf51422_xxac_main.c.o
 .debug_loc     0x0000b248      0xcb0 _build/nrf51422_xxac_ble_advdata.c.o
 .debug_loc     0x0000bef8      0x947 _build/nrf51422_xxac_ble_advertising.c.o
 .debug_loc     0x0000c83f      0x3df _build/nrf51422_xxac_ble_conn_params.c.o
 .debug_loc     0x0000cc1e      0x57b _build/nrf51422_xxac_ble_srv_common.c.o
 .debug_loc     0x0000d199      0x507 _build/nrf51422_xxac_ble_nus.c.o
 .debug_loc     0x0000d6a0      0x805 _build/nrf51422_xxac_softdevice_handler.c.o

.debug_aranges  0x00000000      0x8e0
 .debug_aranges
                0x00000000       0x48 _build/nrf51422_xxac_app_button.c.o
 .debug_aranges
                0x00000048       0x30 _build/nrf51422_xxac_app_error.c.o
 .debug_aranges
                0x00000078       0x20 _build/nrf51422_xxac_app_error_weak.c.o
 .debug_aranges
                0x00000098       0x50 _build/nrf51422_xxac_app_fifo.c.o
 .debug_aranges
                0x000000e8       0x60 _build/nrf51422_xxac_app_timer.c.o
 .debug_aranges
                0x00000148       0x48 _build/nrf51422_xxac_app_uart_fifo.c.o
 .debug_aranges
                0x00000190       0x38 _build/nrf51422_xxac_app_util_platform.c.o
 .debug_aranges
                0x000001c8       0x70 _build/nrf51422_xxac_fstorage.c.o
 .debug_aranges
                0x00000238       0x28 _build/nrf51422_xxac_retarget.c.o
 .debug_aranges
                0x00000260       0x80 _build/nrf51422_xxac_boards.c.o
 .debug_aranges
                0x000002e0       0xb0 _build/nrf51422_xxac_nrf_drv_clock.c.o
 .debug_aranges
                0x00000390       0x28 _build/nrf51422_xxac_nrf_drv_common.c.o
 .debug_aranges
                0x000003b8       0xb8 _build/nrf51422_xxac_nrf_drv_gpiote.c.o
 .debug_aranges
                0x00000470       0x70 _build/nrf51422_xxac_nrf_drv_uart.c.o
 .debug_aranges
                0x000004e0       0x78 _build/nrf51422_xxac_bsp.c.o
 .debug_aranges
                0x00000558       0x30 _build/nrf51422_xxac_bsp_btn_ble.c.o
 .debug_aranges
                0x00000588       0xa8 _build/nrf51422_xxac_main.c.o
 .debug_aranges
                0x00000630       0x58 _build/nrf51422_xxac_ble_advdata.c.o
 .debug_aranges
                0x00000688       0x68 _build/nrf51422_xxac_ble_advertising.c.o
 .debug_aranges
                0x000006f0       0x68 _build/nrf51422_xxac_ble_conn_params.c.o
 .debug_aranges
                0x00000758       0x58 _build/nrf51422_xxac_ble_srv_common.c.o
 .debug_aranges
                0x000007b0       0x28 _build/nrf51422_xxac_system_nrf51.c.o
 .debug_aranges
                0x000007d8       0x50 _build/nrf51422_xxac_ble_nus.c.o
 .debug_aranges
                0x00000828       0xb8 _build/nrf51422_xxac_softdevice_handler.c.o

.debug_ranges   0x00000000     0x44f8
 .debug_ranges  0x00000000       0xa0 _build/nrf51422_xxac_app_button.c.o
 .debug_ranges  0x000000a0       0x20 _build/nrf51422_xxac_app_error.c.o
 .debug_ranges  0x000000c0       0x10 _build/nrf51422_xxac_app_error_weak.c.o
 .debug_ranges  0x000000d0       0xe8 _build/nrf51422_xxac_app_fifo.c.o
 .debug_ranges  0x000001b8      0x710 _build/nrf51422_xxac_app_timer.c.o
 .debug_ranges  0x000008c8       0x50 _build/nrf51422_xxac_app_uart_fifo.c.o
 .debug_ranges  0x00000918       0x90 _build/nrf51422_xxac_app_util_platform.c.o
 .debug_ranges  0x000009a8      0x2c8 _build/nrf51422_xxac_fstorage.c.o
 .debug_ranges  0x00000c70       0x18 _build/nrf51422_xxac_retarget.c.o
 .debug_ranges  0x00000c88      0x7d8 _build/nrf51422_xxac_boards.c.o
 .debug_ranges  0x00001460      0x4d0 _build/nrf51422_xxac_nrf_drv_clock.c.o
 .debug_ranges  0x00001930       0x70 _build/nrf51422_xxac_nrf_drv_common.c.o
 .debug_ranges  0x000019a0     0x1228 _build/nrf51422_xxac_nrf_drv_gpiote.c.o
 .debug_ranges  0x00002bc8      0x940 _build/nrf51422_xxac_nrf_drv_uart.c.o
 .debug_ranges  0x00003508      0x160 _build/nrf51422_xxac_bsp.c.o
 .debug_ranges  0x00003668       0x98 _build/nrf51422_xxac_bsp_btn_ble.c.o
 .debug_ranges  0x00003700      0x410 _build/nrf51422_xxac_main.c.o
 .debug_ranges  0x00003b10      0x178 _build/nrf51422_xxac_ble_advdata.c.o
 .debug_ranges  0x00003c88      0x288 _build/nrf51422_xxac_ble_advertising.c.o
 .debug_ranges  0x00003f10      0x100 _build/nrf51422_xxac_ble_conn_params.c.o
 .debug_ranges  0x00004010      0x178 _build/nrf51422_xxac_ble_srv_common.c.o
 .debug_ranges  0x00004188       0x68 _build/nrf51422_xxac_system_nrf51.c.o
 .debug_ranges  0x000041f0       0x58 _build/nrf51422_xxac_ble_nus.c.o
 .debug_ranges  0x00004248      0x2b0 _build/nrf51422_xxac_softdevice_handler.c.o

.debug_macro    0x00000000     0x7319
 .debug_macro   0x00000000      0x2ef _build/nrf51422_xxac_app_button.c.o
 .debug_macro   0x000002ef       0x1c _build/nrf51422_xxac_app_button.c.o
 .debug_macro   0x0000030b       0x10 _build/nrf51422_xxac_app_button.c.o
 .debug_macro   0x0000031b       0xbe _build/nrf51422_xxac_app_button.c.o
 .debug_macro   0x000003d9       0x16 _build/nrf51422_xxac_app_button.c.o
 .debug_macro   0x000003ef      0x129 _build/nrf51422_xxac_app_button.c.o
 .debug_macro   0x00000518       0x2b _build/nrf51422_xxac_app_button.c.o
 .debug_macro   0x00000543      0x168 _build/nrf51422_xxac_app_button.c.o
 .debug_macro   0x000006ab       0x10 _build/nrf51422_xxac_app_button.c.o
 .debug_macro   0x000006bb       0x16 _build/nrf51422_xxac_app_button.c.o
 .debug_macro   0x000006d1       0x22 _build/nrf51422_xxac_app_button.c.o
 .debug_macro   0x000006f3       0x16 _build/nrf51422_xxac_app_button.c.o
 .debug_macro   0x00000709       0x1c _build/nrf51422_xxac_app_button.c.o
 .debug_macro   0x00000725       0x36 _build/nrf51422_xxac_app_button.c.o
 .debug_macro   0x0000075b       0x11 _build/nrf51422_xxac_app_button.c.o
 .debug_macro   0x0000076c       0x30 _build/nrf51422_xxac_app_button.c.o
 .debug_macro   0x0000079c      0x284 _build/nrf51422_xxac_app_error.c.o
 .debug_macro   0x00000a20       0x34 _build/nrf51422_xxac_app_error.c.o
 .debug_macro   0x00000a54       0x22 _build/nrf51422_xxac_app_error.c.o
 .debug_macro   0x00000a76       0x16 _build/nrf51422_xxac_app_error.c.o
 .debug_macro   0x00000a8c       0x97 _build/nrf51422_xxac_app_error.c.o
 .debug_macro   0x00000b23       0xf6 _build/nrf51422_xxac_app_error.c.o
 .debug_macro   0x00000c19       0x22 _build/nrf51422_xxac_app_error.c.o
 .debug_macro   0x00000c3b       0x16 _build/nrf51422_xxac_app_error.c.o
 .debug_macro   0x00000c51      0x39b _build/nrf51422_xxac_app_error.c.o
 .debug_macro   0x00000fec      0x170 _build/nrf51422_xxac_app_error.c.o
 .debug_macro   0x0000115c       0x5a _build/nrf51422_xxac_app_error.c.o
 .debug_macro   0x000011b6       0x28 _build/nrf51422_xxac_app_error.c.o
 .debug_macro   0x000011de       0x22 _build/nrf51422_xxac_app_error.c.o
 .debug_macro   0x00001200      0x284 _build/nrf51422_xxac_app_error_weak.c.o
 .debug_macro   0x00001484       0x1c _build/nrf51422_xxac_app_error_weak.c.o
 .debug_macro   0x000014a0      0x214 _build/nrf51422_xxac_app_fifo.c.o
 .debug_macro   0x000016b4      0x31b _build/nrf51422_xxac_app_timer.c.o
 .debug_macro   0x000019cf       0x16 _build/nrf51422_xxac_app_timer.c.o
 .debug_macro   0x000019e5       0x40 _build/nrf51422_xxac_app_timer.c.o
 .debug_macro   0x00001a25       0x64 _build/nrf51422_xxac_app_timer.c.o
 .debug_macro   0x00001a89       0x10 _build/nrf51422_xxac_app_timer.c.o
 .debug_macro   0x00001a99       0x22 _build/nrf51422_xxac_app_timer.c.o
 .debug_macro   0x00001abb       0x72 _build/nrf51422_xxac_app_timer.c.o
 .debug_macro   0x00001b2d      0x320 _build/nrf51422_xxac_app_uart_fifo.c.o
 .debug_macro   0x00001e4d       0x18 _build/nrf51422_xxac_app_uart_fifo.c.o
 .debug_macro   0x00001e65       0x10 _build/nrf51422_xxac_app_uart_fifo.c.o
 .debug_macro   0x00001e75       0x36 _build/nrf51422_xxac_app_uart_fifo.c.o
 .debug_macro   0x00001eab      0x257 _build/nrf51422_xxac_app_util_platform.c.o
 .debug_macro   0x00002102      0x227 _build/nrf51422_xxac_fstorage.c.o
 .debug_macro   0x00002329       0x4d _build/nrf51422_xxac_fstorage.c.o
 .debug_macro   0x00002376       0x4f _build/nrf51422_xxac_fstorage.c.o
 .debug_macro   0x000023c5      0x2a8 _build/nrf51422_xxac_retarget.c.o
 .debug_macro   0x0000266d      0x27b _build/nrf51422_xxac_boards.c.o
 .debug_macro   0x000028e8      0x246 _build/nrf51422_xxac_boards.c.o
 .debug_macro   0x00002b2e      0x115 _build/nrf51422_xxac_boards.c.o
 .debug_macro   0x00002c43      0x415 _build/nrf51422_xxac_nrf_drv_clock.c.o
 .debug_macro   0x00003058       0x10 _build/nrf51422_xxac_nrf_drv_clock.c.o
 .debug_macro   0x00003068       0x28 _build/nrf51422_xxac_nrf_drv_clock.c.o
 .debug_macro   0x00003090       0x1c _build/nrf51422_xxac_nrf_drv_clock.c.o
 .debug_macro   0x000030ac       0x8f _build/nrf51422_xxac_nrf_drv_clock.c.o
 .debug_macro   0x0000313b       0xd6 _build/nrf51422_xxac_nrf_drv_clock.c.o
 .debug_macro   0x00003211      0x1fb _build/nrf51422_xxac_nrf_drv_clock.c.o
 .debug_macro   0x0000340c      0x3fa _build/nrf51422_xxac_nrf_drv_clock.c.o
 .debug_macro   0x00003806       0x40 _build/nrf51422_xxac_nrf_drv_clock.c.o
 .debug_macro   0x00003846       0x22 _build/nrf51422_xxac_nrf_drv_clock.c.o
 .debug_macro   0x00003868      0x201 _build/nrf51422_xxac_nrf_drv_clock.c.o
 .debug_macro   0x00003a69       0x1c _build/nrf51422_xxac_nrf_drv_clock.c.o
 .debug_macro   0x00003a85       0xdb _build/nrf51422_xxac_nrf_drv_clock.c.o
 .debug_macro   0x00003b60       0x24 _build/nrf51422_xxac_nrf_drv_clock.c.o
 .debug_macro   0x00003b84       0x16 _build/nrf51422_xxac_nrf_drv_clock.c.o
 .debug_macro   0x00003b9a       0x10 _build/nrf51422_xxac_nrf_drv_clock.c.o
 .debug_macro   0x00003baa      0x18a _build/nrf51422_xxac_nrf_drv_clock.c.o
 .debug_macro   0x00003d34       0x1c _build/nrf51422_xxac_nrf_drv_clock.c.o
 .debug_macro   0x00003d50       0x16 _build/nrf51422_xxac_nrf_drv_clock.c.o
 .debug_macro   0x00003d66      0x176 _build/nrf51422_xxac_nrf_drv_clock.c.o
 .debug_macro   0x00003edc      0x2c1 _build/nrf51422_xxac_nrf_drv_common.c.o
 .debug_macro   0x0000419d       0x22 _build/nrf51422_xxac_nrf_drv_common.c.o
 .debug_macro   0x000041bf      0x397 _build/nrf51422_xxac_nrf_drv_gpiote.c.o
 .debug_macro   0x00004556       0x16 _build/nrf51422_xxac_nrf_drv_gpiote.c.o
 .debug_macro   0x0000456c      0x37c _build/nrf51422_xxac_nrf_drv_uart.c.o
 .debug_macro   0x000048e8      0x2cf _build/nrf51422_xxac_bsp.c.o
 .debug_macro   0x00004bb7       0x16 _build/nrf51422_xxac_bsp.c.o
 .debug_macro   0x00004bcd       0x1c _build/nrf51422_xxac_bsp.c.o
 .debug_macro   0x00004be9      0x101 _build/nrf51422_xxac_bsp.c.o
 .debug_macro   0x00004cea      0x368 _build/nrf51422_xxac_bsp_btn_ble.c.o
 .debug_macro   0x00005052      0x3f4 _build/nrf51422_xxac_bsp_btn_ble.c.o
 .debug_macro   0x00005446       0x3a _build/nrf51422_xxac_bsp_btn_ble.c.o
 .debug_macro   0x00005480      0x4b1 _build/nrf51422_xxac_main.c.o
 .debug_macro   0x00005931       0xa6 _build/nrf51422_xxac_main.c.o
 .debug_macro   0x000059d7       0x64 _build/nrf51422_xxac_main.c.o
 .debug_macro   0x00005a3b      0x2ea _build/nrf51422_xxac_main.c.o
 .debug_macro   0x00005d25       0x46 _build/nrf51422_xxac_main.c.o
 .debug_macro   0x00005d6b       0x1c _build/nrf51422_xxac_main.c.o
 .debug_macro   0x00005d87       0x3c _build/nrf51422_xxac_main.c.o
 .debug_macro   0x00005dc3       0x10 _build/nrf51422_xxac_main.c.o
 .debug_macro   0x00005dd3       0x2e _build/nrf51422_xxac_main.c.o
 .debug_macro   0x00005e01      0x289 _build/nrf51422_xxac_ble_advdata.c.o
 .debug_macro   0x0000608a      0x2c3 _build/nrf51422_xxac_ble_advertising.c.o
 .debug_macro   0x0000634d      0x2f0 _build/nrf51422_xxac_ble_conn_params.c.o
 .debug_macro   0x0000663d      0x10e _build/nrf51422_xxac_ble_conn_params.c.o
 .debug_macro   0x0000674b       0x86 _build/nrf51422_xxac_ble_conn_params.c.o
 .debug_macro   0x000067d1      0x2c0 _build/nrf51422_xxac_ble_srv_common.c.o
 .debug_macro   0x00006a91       0xdf _build/nrf51422_xxac_system_nrf51.c.o
 .debug_macro   0x00006b70      0x29b _build/nrf51422_xxac_ble_nus.c.o
 .debug_macro   0x00006e0b      0x3ed _build/nrf51422_xxac_softdevice_handler.c.o
 .debug_macro   0x000071f8       0x5e _build/nrf51422_xxac_softdevice_handler.c.o
 .debug_macro   0x00007256       0x5c _build/nrf51422_xxac_softdevice_handler.c.o
 .debug_macro   0x000072b2       0x57 _build/nrf51422_xxac_softdevice_handler.c.o
 .debug_macro   0x00007309       0x10 _build/nrf51422_xxac_softdevice_handler.c.o

.debug_line     0x00000000    0x13bdc
 .debug_line    0x00000000      0x94c _build/nrf51422_xxac_app_button.c.o